04-19 20:05:42.082 19955 19978 W OpenGLRenderer: Surface doesn't have any previously queued frames, nothing to readback from
04-19 20:05:42.083 19955 19978 W OpenGLRenderer: Surface doesn't have any previously queued frames, nothing to readback from
04-19 20:05:42.085  1850  4524 D CoreBackPreview: Window{9505fd4 u0 org.libsdl.app/org.libsdl.app.SDLActivity}: Setting back callback OnBackInvokedCallbackInfo{mCallback=android.window.IOnBackInvokedCallback$Stub$Proxy@ba0ec72, mPriority=0}
04-19 20:05:42.087  6485  6485 D RecentsImpl: mActivityStateObserver org.libsdl.app.SDLActivity
04-19 20:05:42.087  6485  6485 W RecentsImpl: onResumed className=org.libsdl.app.SDLActivity   mIsInAnotherPro=false   isKeyguardLocked=false   mSecuritySpaceGuideShown=false
04-19 20:05:42.088  6485  6485 D RecentsImpl: showNavStubView
04-19 20:05:42.088  6485  6485 D NavStubView_Touch: setKeepHidden    old=false   new=false
04-19 20:05:42.090  6485  6696 W RecentsImpl: disableTouchBySwipeStatusBar    disable=false
04-19 20:05:42.090  6485  6696 D GestureStubView_Touch: disableTouchBySwipeStatusBar    old=false   new=false
04-19 20:05:42.090  6485  6696 D GestureStubView_Touch: disableTouchBySwipeStatusBar    old=false   new=false
04-19 20:05:42.090  4087  4087 D FramePredict: FramePredict init: false
04-19 20:05:42.090  6485  6696 W RecentsImpl: disableBackStubWindow    disableTouch=false
04-19 20:05:42.090  6485  6696 D GestureStubView_Touch: disableTouch    old=true   new=false
04-19 20:05:42.090  6485  6696 D GestureStubView_Touch: updateTouchable    old=true   new=true
04-19 20:05:42.090  6485  6696 D GestureStubView_Touch: disableTouch    old=true   new=false
04-19 20:05:42.090  6485  6696 D GestureStubView_Touch: updateTouchable    old=true   new=true
04-19 20:05:42.090  6485  6696 D RecentsImpl: showBackStubWindow  hasNavigationBar=true
04-19 20:05:42.090  6485  6696 D GestureStubView_Touch: setKeepHidden    old=true   new=false
04-19 20:05:42.091  6485  6696 D GestureStubView_Touch: updateTouchable    old=true   new=false
04-19 20:05:42.091  6485  6696 D GestureStubView_Touch:   updateTouchable---requestApplyInsets
04-19 20:05:42.091  6485  6696 W GestureStubView: adaptRotation   currentRotation=0   mRotation=0
04-19 20:05:42.091  6485  6696 D GestureStubView: resetRenderProperty: showGestureStub   isLayoutParamChanged=false
04-19 20:05:42.091  6485  6696 D GestureStubView_Touch: disableTouch    old=false   new=false
04-19 20:05:42.091  6485  6696 D GestureStubView: showGestureStub
04-19 20:05:42.091  6485  6696 D GestureStubView_Touch: setKeepHidden    old=true   new=false
04-19 20:05:42.091  6485  6696 D GestureStubView_Touch: updateTouchable    old=true   new=false
04-19 20:05:42.091  6485  6696 D GestureStubView_Touch:   updateTouchable---requestApplyInsets
04-19 20:05:42.091  6485  6696 W GestureStubView: adaptRotation   currentRotation=0   mRotation=0
04-19 20:05:42.091  6485  6696 D GestureStubView: resetRenderProperty: showGestureStub   isLayoutParamChanged=false
04-19 20:05:42.091  6485  6696 D GestureStubView_Touch: disableTouch    old=false   new=false
04-19 20:05:42.091  6485  6696 D GestureStubView: showGestureStub
04-19 20:05:42.093  6485  6696 D GestureStubView: gatherTransparentRegion: need render w:54  h:1440
04-19 20:05:42.094  6485  6696 D GestureStubView: gatherTransparentRegion: need render w:54  h:1440
04-19 20:05:42.096 19955 19978 W OpenGLRenderer: Surface doesn't have any previously queued frames, nothing to readback from
04-19 20:05:42.096 19955 19978 W OpenGLRenderer: Surface doesn't have any previously queued frames, nothing to readback from
04-19 20:05:42.100  6485  6485 D Launcher_UnlockAnimationStateMachine: mResetIdleStateRunnable
04-19 20:05:42.100  4087  4087 D DecorView[]: getWindowModeFromSystem  windowmode is 1
04-19 20:05:42.100  4087  4087 D DecorView[]: updateDecorCaptionStatus windowMode is 1
04-19 20:05:42.101  4087  4087 I InsetsControllerImpl: change fadeInDuration from 500ms to 750ms for the lowmem and middle device
04-19 20:05:42.104  1092  2328 D MI-SF   : [FpsStat] construct...
04-19 20:05:42.116  1850  5713 D WindowManager: wms.Input focus has changed to Window{9505fd4 u0 org.libsdl.app/org.libsdl.app.SDLActivity} display=0 updateInputWindows = true
04-19 20:05:42.116  1850  5713 I MultiSenceManagerInternalStub: getInstance
04-19 20:05:42.118  1850  2074 D WindowManager: wms.Update InputWindowHandle: 9505fd4 org.libsdl.app/org.libsdl.app.SDLActivity, frame=[0,0,0,0], touchableRegion=SkRegion((0,0,1080,2400)), scaleFactor=1.0, transform=null, windowToken=android.os.BinderProxy@9591127, isClone=false, visibal=true, focusable=true, changed=true
04-19 20:05:42.121 19955 19978 W OpenGLRenderer: Surface doesn't have any previously queued frames, nothing to readback from
04-19 20:05:42.122 19955 19978 W OpenGLRenderer: Surface doesn't have any previously queued frames, nothing to readback from
04-19 20:05:42.123  1092  2329 I SurfaceFlinger: sf.setTransactionState focusRequest transactionId:7945691894496 frontWin:9505fd4 org.libsdl.app/org.libsdl.app.SDLActivity
04-19 20:05:42.126  1092  1092 I SurfaceFlinger: sf.transactionIsReadyToBeApplied focusRequest transactionId:7945691894496
04-19 20:05:42.127  1092  1846 D SurfaceFlinger: updateInputFlinger::setFocusedWindow: windowName=9505fd4 org.libsdl.app/org.libsdl.app.SDLActivity focusRequests.size=1
04-19 20:05:42.128 19955 19978 W OpenGLRenderer: Surface doesn't have any previously queued frames, nothing to readback from
04-19 20:05:42.128 19955 19978 W OpenGLRenderer: Surface doesn't have any previously queued frames, nothing to readback from
04-19 20:05:42.130  4087  4106 I AdrenoGLES-0: QUALCOMM build                   : 3e33337ce3, I07ee46fc66
04-19 20:05:42.130  4087  4106 I AdrenoGLES-0: Build Date                       : 10/08/21
04-19 20:05:42.130  4087  4106 I AdrenoGLES-0: OpenGL ES Shader Compiler Version: EV031.35.01.10
04-19 20:05:42.130  4087  4106 I AdrenoGLES-0: Local Branch                     : 
04-19 20:05:42.130  4087  4106 I AdrenoGLES-0: Remote Branch                    : 
04-19 20:05:42.130  4087  4106 I AdrenoGLES-0: Remote Branch                    : 
04-19 20:05:42.130  4087  4106 I AdrenoGLES-0: Reconstruct Branch               : 
04-19 20:05:42.130  4087  4106 I AdrenoGLES-0: Build Config                     : S P 10.0.7 AArch64
04-19 20:05:42.130  4087  4106 I AdrenoGLES-0: Driver Path                      : /vendor/lib64/egl/libGLESv2_adreno.so
04-19 20:05:42.133  4087  4087 D VRI[SDLActivity]: vri.reportNextDraw android.view.ViewRootImpl.performTraversals:4013 android.view.ViewRootImpl.doTraversal:2725 android.view.ViewRootImpl$TraversalRunnable.run:9812 android.view.Choreographer$CallbackRecord.run:1505 android.view.Choreographer$CallbackRecord.run:1513 
04-19 20:05:42.133  4087  4087 D SurfaceView: UPDATE null, mIsCastMode = false
04-19 20:05:42.135  1092  2329 D MI-SF   : [FpsStat] construct...
04-19 20:05:42.137  4087  4087 V SDL     : surfaceCreated()
04-19 20:05:42.137  4087  4087 V SDL     : surfaceChanged()
04-19 20:05:42.137  4087  4087 V SDL     : Window size: 1080x2310
04-19 20:05:42.137  4087  4087 V SDL     : Device size: 1080x2400
04-19 20:05:42.139  4087  4106 I AdrenoGLES-0: PFP: 0x016ee201, ME: 0x00000000
04-19 20:05:42.140   952   952 I sensors-hal: batch:242, android.sensor.accelerometer/11, period=20000000, max_latency=0
04-19 20:05:42.140   952   952 I sensors-hal: set_config:63, sample_period_ns is adjusted to 20000000 based on min/max delay_ns
04-19 20:05:42.140   952   952 I sensors-hal: batch:251, android.sensor.accelerometer/11, period=20000000, max_latency=0 request completed
04-19 20:05:42.142   952   952 I sensors-hal: activate:209, android.sensor.accelerometer/11 en=1
04-19 20:05:42.148   952   952 I sensors-hal: send_sync_sensor_request:358, send sync request
04-19 20:05:42.148   952   952 I sensors-hal: send_sync_sensor_request:384, wait for notification of response
04-19 20:05:42.148 19955 19978 W OpenGLRenderer: Surface doesn't have any previously queued frames, nothing to readback from
04-19 20:05:42.149   952  4113 I sensors-hal: ssc_conn_resp_cb:663, resp_value = 0
04-19 20:05:42.149   952   952 I sensors-hal: send_sync_sensor_request:390, takes 0 ms to receive the response with 0
04-19 20:05:42.149   952   952 I sensors-hal: activate:220, android.sensor.accelerometer/11 en=1 completed
04-19 20:05:42.154  4087  4106 W libc    : Access denied finding property "vendor.migl.debug"
04-19 20:05:42.156  4087  4106 E libEGL  : pre_cache appList: com.sina.weibo,com.ss.android.article.news,com.taobao.taobao,com.smile.gifmaker,com.ss.android.ugc.aweme,com.tencent.mm,tv.danmaku.bili,,
04-19 20:05:42.156 19955 19978 W OpenGLRenderer: Surface doesn't have any previously queued frames, nothing to readback from
04-19 20:05:42.157  4087  4116 V SDL     : nativeInitSDLThread() 1 time
04-19 20:05:42.157  4087  4116 V SDL     : Running main function SDL_main from library /data/app/~~z9fYIdaQIKuFtOeRMzHC3g==/org.libsdl.app-Dg1GzkWujqgm_IJNdWqrRw==/lib/arm64/libmain.so
04-19 20:05:42.158  4087  4087 D VRI[SDLActivity]: vri.Setup new sync id=0 syncSeqId=0
04-19 20:05:42.158  4087  4087 E SurfaceSyncer: Failed to find sync for id=0
04-19 20:05:42.159   977  1258 I SDM     : HWCColorModeStc::GetColorModeCount: Supported color mode count = 3
04-19 20:05:42.159   977  1258 I SDM     : HWCColorModeStc::GetColorModes: Color mode = 0 is supported
04-19 20:05:42.159   977  1258 I SDM     : HWCColorModeStc::GetColorModes: Color mode = 7 is supported
04-19 20:05:42.159   977  1258 I SDM     : HWCColorModeStc::GetColorModes: Color mode = 9 is supported
04-19 20:05:42.159  1092  2330 D MI-SF   : addDolbyVisionHdr enter hdrTypes 2
04-19 20:05:42.159  1092  2330 D MI-SF   : debug.config.media.video.dolby_vision_suports == false
04-19 20:05:42.161  6485  6485 E LauncherAnimationRunner: finish: mFinishRunnable.run
04-19 20:05:42.168  1850  2482 I MiuiNetworkPolicy: updateUidState uid = 10124, uidState = 5
04-19 20:05:42.168  1850  2073 D SchedBoost: com.miui.home boosting, skip reset priority
04-19 20:05:42.168  1850  2073 D SchedBoost: com.miui.home boosting, skip reset priority
04-19 20:05:42.170  1850  2073 D SchedBoost: com.google.android.googlequicksearchbox:search boosting, skip reset priority
04-19 20:05:42.170  4087  4106 D org.libsdl.app: MiuiProcessManagerServiceStub setSchedFifo
04-19 20:05:42.170  1850  2073 D SchedBoost: com.google.android.adservices.api boosting, skip reset priority
04-19 20:05:42.170  4087  4106 I MiuiProcessManagerImpl: setSchedFifo pid:4087, mode:3
04-19 20:05:42.171 19955 19955 I MiuiWallpaper-MiuiKeyguardPictorialWallpaper: onVisibilityChanged, visible = false
04-19 20:05:42.171 19955 19955 I MiuiWallpaper-ImageWallpaper: onVisibilityChanged, visible = false
04-19 20:05:42.173  1850  2482 I MiuiNetworkPolicy: updateUidState uid = 10330, uidState = 5
04-19 20:05:42.173  1850  2482 I MiuiNetworkPolicy: updateUidState uid = 10209, uidState = 5
04-19 20:05:42.173  1850  2482 I MiuiNetworkPolicy: updateUidState uid = 10208, uidState = 5
04-19 20:05:42.173  1850  2482 I MiuiNetworkPolicy: updateUidState uid = 10163, uidState = 4
04-19 20:05:42.173  1850  2482 I MiuiNetworkPolicy: updateUidState uid = 10154, uidState = 5
04-19 20:05:42.173  1850  2482 I MiuiNetworkPolicy: updateUidState uid = 10145, uidState = 5
04-19 20:05:42.173  1850  2482 I MiuiNetworkPolicy: updateUidState uid = 6101, uidState = 5
04-19 20:05:42.173  1850  4524 D ProcessManager: beginSchedThreads is not Enabled
04-19 20:05:42.181  1092  1092 I MI-SF   : surfaceflinger setAffinity mode=0
04-19 20:05:42.181   555   555 I servicemanager: Could not find android.hardware.graphics.allocator.IAllocator/default in the VINTF manifest.
04-19 20:05:42.183  4087  4116 V SDL     : setOrientation() requestedOrientation=13 width=640 height=480 resizable=true hint=
04-19 20:05:42.185  4087  4106 E libboost: fail to open node: No such file or directory
04-19 20:05:42.187  1850  2074 D WindowManager: wms.Update InputWindowHandle: 9505fd4 org.libsdl.app/org.libsdl.app.SDLActivity, frame=[0,0,0,0], touchableRegion=SkRegion((0,0,1080,2400)), scaleFactor=1.0, transform=null, windowToken=android.os.BinderProxy@9591127, isClone=false, visibal=true, focusable=true, changed=true
04-19 20:05:42.188  6485  6485 D Launcher.Lifecycle: onStop:UserHandle{0},c34eae8,false
04-19 20:05:42.188  6485  6485 D Launcher_UnlockAnimationStateMachine: onStop = IDLE
04-19 20:05:42.188  1850  5713 D ActivityTaskManager:  setRequestedOrientationFreeForm: requestedOrientation= 13 task=Task{a6c1774 #3499 type=standard A=10577:org.libsdl.app U=0 visible=true visibleRequested=true mode=fullscreen translucent=false sz=1} MiuiFreeformServicesUtils.getFreeformIgnoreRequestOrientationList()= [com.miui.player, com.sqw.setdl.mi, com.youku.phone, com.tencent.gamehelper.smoba, com.taobao.litetao, com.live.shuoqiudi, com.baidu.homework, com.tencent.qqmusic, cn.xiaochuankeji.zuiyouLite, com.facebook.orca, com.android.browser, com.alibaba.android.rimet, com.miui.gallery, com.android.settings, com.tencent.letsgo]packageName= org.libsdl.app
04-19 20:05:42.189  6485  6485 D LauncherAssistantCompatGoogle: onStop com.google.android.libraries.gsa.launcherclient.LauncherClient@f957b80
04-19 20:05:42.192  4087  4116 V SDL     : setOrientation() requestedOrientation=13 width=640 height=480 resizable=true hint=
04-19 20:05:42.193  1850  5713 D ActivityTaskManager:  setRequestedOrientationFreeForm: requestedOrientation= 13 task=Task{a6c1774 #3499 type=standard A=10577:org.libsdl.app U=0 visible=true visibleRequested=true mode=fullscreen translucent=false sz=1} MiuiFreeformServicesUtils.getFreeformIgnoreRequestOrientationList()= [com.miui.player, com.sqw.setdl.mi, com.youku.phone, com.tencent.gamehelper.smoba, com.taobao.litetao, com.live.shuoqiudi, com.baidu.homework, com.tencent.qqmusic, cn.xiaochuankeji.zuiyouLite, com.facebook.orca, com.android.browser, com.alibaba.android.rimet, com.miui.gallery, com.android.settings, com.tencent.letsgo]packageName= org.libsdl.app
04-19 20:05:42.197  1850  2961 D ProcessMemoryCleaner: Compact memory: com.google.android.googlequicksearchbox:search/10209(2543) state=inactive adj=800 pri=31 usage=9 isKilled=false pss:115043 swap:28695
04-19 20:05:42.197  1850  2961 W MiuiMemoryService: com.google.android.googlequicksearchbox:search is system app!
04-19 20:05:42.197  4087  4106 E libEGL  : pre_cache appList: com.sina.weibo,com.ss.android.article.news,com.taobao.taobao,com.smile.gifmaker,com.ss.android.ugc.aweme,com.tencent.mm,tv.danmaku.bili,,
04-19 20:05:42.197  2543  2543 I A       : onStop
04-19 20:05:42.198  4087  4116 I SDL/APP : pixel format wanted SDL_PIXELFORMAT_RGBA8888 (1), got SDL_PIXELFORMAT_RGBA8888 (1)
04-19 20:05:42.213  1850  2471 E MiuiActivityController: MiuiLog-ActivityObserver: There was something wrong : null
04-19 20:05:42.216  1850  2071 D Aurogon :  uid = 10124 switch to BG
04-19 20:05:42.216  6180  6664 D PMonitor:  onForegroundActivitiesChanged:pid = 6485,activity-uid=10124,foregroundActivities=false
04-19 20:05:42.227  1092  1092 D MI-SF   : [FpsStat] distroy...
04-19 20:05:42.232  1092  1092 D MI-SF   : Launcher Changed hasLauncher=0
04-19 20:05:42.244  4087  4106 E perf_hint: Session creation failed, mPreferredRateNanos: -1
04-19 20:05:42.247  4087  4087 D VRI[SDLActivity]: vri.reportDrawFinished syncSeqId=0 android.view.ViewRootImpl.lambda$createSyncIfNeeded$4$android-view-ViewRootImpl:4081 android.view.ViewRootImpl$$ExternalSyntheticLambda2.run:6 android.os.Handler.handleCallback:942 android.os.Handler.dispatchMessage:99 android.os.Looper.loopOnce:211 
04-19 20:05:42.247  1850  1894 D WindowManager: wms.finishDrawingLocked: mDrawState=COMMIT_DRAW_PENDING Window{9505fd4 u0 org.libsdl.app/org.libsdl.app.SDLActivity} in Surface(name=org.libsdl.app/org.libsdl.app.SDLActivity)/@0xb356604
04-19 20:05:42.248  1850  1894 D MiuiFreeFormGesturePointerEventListener: finishDrawingWindow: topFullScreenWindow= Window{9505fd4 u0 org.libsdl.app/org.libsdl.app.SDLActivity}
04-19 20:05:42.248  4087  4087 D SurfaceView: UPDATE Surface(name=SurfaceView[org.libsdl.app/org.libsdl.app.SDLActivity])/@0x809babb, mIsProjectionMode = false
04-19 20:05:42.250  4087  4087 D VRI[SDLActivity]: vri.reportNextDraw android.view.ViewRootImpl.handleResized:2083 android.view.ViewRootImpl.-$$Nest$mhandleResized:0 android.view.ViewRootImpl$ViewRootHandler.handleMessageImpl:6167 android.view.ViewRootImpl$ViewRootHandler.handleMessage:6136 android.os.Handler.dispatchMessage:106 
04-19 20:05:42.259  1850  2074 I WindowManager: wms.showSurfaceRobustly mWin:Window{9505fd4 u0 org.libsdl.app/org.libsdl.app.SDLActivity}
04-19 20:05:42.260  1850  2074 D LocalDisplayAdapter: Unable to set ALLM because the connected display does not support ALLM.
04-19 20:05:42.265  1092  1092 E HWComposer: setContentType: setContentType failed for display 4630947081618265473: Unsupported (8)
04-19 20:05:42.265   987  1168 E ANDR-PERF-OPTSHANDLER: Cannot open/create system background cgroup file
04-19 20:05:42.267  1850  5713 D CoreBackPreview: Window{568743f u0 Splash Screen org.libsdl.app}: Setting back callback null
04-19 20:05:42.269  1850  2070 I ActivityTaskManager: Displayed org.libsdl.app/.SDLActivity: +590ms
04-19 20:05:42.270  1850  2074 D WindowManager: wms.Update InputWindowHandle: 9505fd4 org.libsdl.app/org.libsdl.app.SDLActivity, frame=[0,0,0,0], touchableRegion=SkRegion((0,0,1080,2400)), scaleFactor=1.0, transform=null, windowToken=android.os.BinderProxy@9591127, isClone=false, visibal=true, focusable=true, changed=true
04-19 20:05:42.271  1850  4524 W InputManager-JNI: Input channel object '568743f Splash Screen org.libsdl.app (client)' was disposed without first being removed with the input manager!
04-19 20:05:42.277  1092  1347 D RefreshRateConfigs: TouchBoost - choose Fps: 60.00 Hz
04-19 20:05:42.279  1850  2074 D WindowManager: wms.Update InputWindowHandle: 9505fd4 org.libsdl.app/org.libsdl.app.SDLActivity, frame=[0,0,0,0], touchableRegion=SkRegion((0,0,1080,2400)), scaleFactor=1.0, transform=null, windowToken=android.os.BinderProxy@9591127, isClone=false, visibal=true, focusable=true, changed=true
04-19 20:05:42.284  1092  1092 I MI-SF   : surfaceflinger setAffinity mode=1
04-19 20:05:42.284  1092  1092 I MI-SF   : surfaceflinger setreAffinity reTid=1273
04-19 20:05:42.286  2948  4051 D QCNEJ/WlanStaInfoRelay: Received action: android.net.wifi.RSSI_CHANGED
04-19 20:05:42.288  6620  6836 W Settings: Setting device_provisioned has moved from android.provider.Settings.Secure to android.provider.Settings.Global.
04-19 20:05:42.289  6620  6836 I JoyoseCloudControlManager3: network metered changed, network metered: false, deviceProvisioned: true, scAllowConn: true, try to setNetworkAccessEnabled: true
04-19 20:05:42.299 31079 31203 D WM-WorkConstraintsTrack: NetworkRequestConstraintController onCapabilitiesChanged callback
04-19 20:05:42.310  1850  1894 I PowerManagerServiceImpl: Acquire wakelock: SCREEN_BRIGHT_WAKE_LOCK        'WindowManager' ON_AFTER_RELEASE (uid=1000 pid=1850 pkg=android ws=WorkSource{10577 org.libsdl.app})
04-19 20:05:42.315  1850  2074 D WindowManager: wms.Update InputWindowHandle: 9505fd4 org.libsdl.app/org.libsdl.app.SDLActivity, frame=[0,0,0,0], touchableRegion=SkRegion((0,0,1080,2400)), scaleFactor=1.0, transform=null, windowToken=android.os.BinderProxy@9591127, isClone=false, visibal=true, focusable=true, changed=true
04-19 20:05:42.315  4087  4087 D VRI[SDLActivity]: vri.Setup new sync id=1 syncSeqId=0
04-19 20:05:42.315  4087  4087 E SurfaceSyncer: Failed to find sync for id=0
04-19 20:05:42.322  4087  4087 D VRI[SDLActivity]: vri.reportDrawFinished syncSeqId=0 android.view.ViewRootImpl.lambda$createSyncIfNeeded$4$android-view-ViewRootImpl:4081 android.view.ViewRootImpl$$ExternalSyntheticLambda2.run:6 android.os.Handler.handleCallback:942 android.os.Handler.dispatchMessage:99 android.os.Looper.loopOnce:211 
04-19 20:05:42.323  4087  4087 V SDL     : onWindowFocusChanged(): true
04-19 20:05:42.323  1850  4524 D MiuiFreeFormGesturePointerEventListener: finishDrawingWindow: topFullScreenWindow= Window{9505fd4 u0 org.libsdl.app/org.libsdl.app.SDLActivity}
04-19 20:05:42.323  4087  4087 V SDL     : nativeFocusChanged()
04-19 20:05:42.323  4087  4087 D DecorView[]: onWindowFocusChanged hasWindowFocus true
04-19 20:05:42.323  4087  4087 I HandWritingStubImpl: refreshLastKeyboardType: 1
04-19 20:05:42.323  4087  4087 I HandWritingStubImpl: getCurrentKeyboardType: 1
04-19 20:05:42.329  1850  4524 D CompatibilityChangeReporter: Compat change id reported: 214016041; UID 10577; state: ENABLED
04-19 20:05:42.334  1850  2471 E MiuiActivityController: MiuiLog-ActivityObserver: There was something wrong : null
04-19 20:05:42.336  4087  4116 E SDL/SYSTEM: Repository::clone failed: failed to resolve address for github.com: No address associated with hostname; class=Net (12)
04-19 20:05:42.336  4087  4116 E SDL/SYSTEM: 
04-19 20:05:42.338  4087  4087 I HandWritingStubImpl: getCurrentKeyboardType: 1
04-19 20:05:42.342  4087  4116 V SDL     : Finished main function
04-19 20:05:42.349  1850  4524 D WindowManager: wms.Input focus has changed to null display=0 updateInputWindows = true
04-19 20:05:42.349  1850  4524 I MultiSenceManagerInternalStub: getInstance
04-19 20:05:42.351  1092  2328 D MI-SF   : setCalledByRotationLayers old = 0, new = 0
04-19 20:05:42.355  1850  1894 E SurfaceControl: result = 0, buffer == nullptr = 0
04-19 20:05:42.356  1850  1894 E SurfaceControl: screenshotHardwareBuffer is null : 0
04-19 20:05:42.356  1850  4524 D ActivityTrigger: ActivityTrigger activityPauseTrigger 
04-19 20:05:42.358   987  1169 W ANDR-PERF-LM: MetaMeter: handleAsync() 171: GameOptimization Invalid state for appName org.libsdl.app 
04-19 20:05:42.369  1092  2329 I SurfaceFlinger: sf.setTransactionState focusRequest transactionId:7945691894529 frontWin:<null>
04-19 20:05:42.370  1850  5713 I PowerManagerServiceImpl: Release wakelock: SCREEN_BRIGHT_WAKE_LOCK        'WindowManager' ON_AFTER_RELEASE DISABLED ACQ=-60ms (uid=1000 pid=1850 pkg=android ws=WorkSource{10577 org.libsdl.app})
04-19 20:05:42.375 12676 12676 D KeyguardEditorHelper: onTopActivityMayChanged, topActivity=ComponentInfo{com.miui.home/com.miui.home.launcher.Launcher}; mState=IDEL
04-19 20:05:42.376 12676 12676 I FocusedNotifPromptContr: onTopActivityMayChanged: topActivity=com.miui.home
04-19 20:05:42.376 12676 12676 I FocusedNotifPromptContr: topActivityMayChanged: topActivity=com.miui.home
04-19 20:05:42.377  1092  1092 I SurfaceFlinger: sf.transactionIsReadyToBeApplied focusRequest transactionId:7945691894529
04-19 20:05:42.378  6485  6485 D EventBus: No subscribers registered for event class com.miui.home.recents.messages.TaskSnapshotChangedEvent
04-19 20:05:42.378  1092  1846 D SurfaceFlinger: updateInputFlinger::setFocusedWindow: windowName=<null> focusRequests.size=1
04-19 20:05:42.378  6485  6485 D EventBus: No subscribers registered for event class org.greenrobot.eventbus.NoSubscriberEvent
04-19 20:05:42.378 12676 12709 I OneHandedController: stopOneHanded mState = 0, uiEvent = 5
04-19 20:05:42.378 12676 12709 D OneHandedController: stopOneHanded state isTransitioning or STATE_NONE
04-19 20:05:42.379  4087  4087 V SDL     : onPause()
04-19 20:05:42.383  1850  4524 D PerfStubImpl: perfWarmLaunchBoost: com.miui.home, -1, 1
04-19 20:05:42.383  1850  3010 D SLM-SRV-SLAService: checktemp temperature = 27568 temperature_average = 27851 isPerformanceMode = false thermal_enable_slm = true
04-19 20:05:42.384   987  1169 W ANDR-PERF-LM: MetaMeter: handlePrimaryAsync() 118: AdaptLaunch MetaMeter. No MeterMgr Available to handle this Primary Async. !!!!
04-19 20:05:42.384   987  1169 W ANDR-PERF-LM: MetaMeter: handlePrimaryAsync() 118: AdaptLaunch MetaMeter. No MeterMgr Available to handle this Primary Async. !!!!
04-19 20:05:42.385   987  1168 E ANDR-PERF-OPTSHANDLER: Perflock resource /sys/class/devfreq/soc:qcom,cpubw/max_freq not supported
04-19 20:05:42.385   987  1168 E ANDR-PERF-RESOURCEQS: Failed to apply optimization [6, 6]
04-19 20:05:42.385   987  1168 E ANDR-PERF-OPTSHANDLER: Perflock resource /sys/class/devfreq/soc:qcom,cpubw/min_freq not supported
04-19 20:05:42.385   987  1168 E ANDR-PERF-RESOURCEQS: Failed to apply optimization [6, 0]
04-19 20:05:42.386  1850  4524 D PerfStubImpl: perfAnimBoost: com.miui.home
04-19 20:05:42.394  6485  6485 D Launcher.Lifecycle: onStart:UserHandle{0},c34eae8,false
04-19 20:05:42.394  6485  6485 D LauncherAssistantCompatGoogle: onStart com.google.android.libraries.gsa.launcherclient.LauncherClient@f957b80
04-19 20:05:42.399  1850  2471 E MiuiActivityController: MiuiLog-ActivityObserver: There was something wrong : null
04-19 20:05:42.400  4087  4087 V SDL     : onWindowFocusChanged(): false
04-19 20:05:42.400  4087  4087 D DecorView[]: onWindowFocusChanged hasWindowFocus false
04-19 20:05:42.401  1850  2693 D CameraBlackCoveredManager: mForegroundPackage = com.miui.home mOccupiedPackage = de.markusfisch.android.binaryeye
04-19 20:05:42.401  1850  2693 I NetworkBoostStatusManager: onForegroundInfoChanged uid:10124, isColdStart:false
04-19 20:05:42.401  1850  2693 I SLM-SRV-SLAToast: foreground uid:10124, isColdStart:false, isLinkTurboEnable:false
04-19 20:05:42.401  1850  2693 D NetworkSDKService: handleMultiAppsDualWifi isSet = false isEverOpened = false
04-19 20:05:42.401  1850  5688 D SchedBoost: com.miui.home already boosted, skip boost priority
04-19 20:05:42.402  1850  2071 D Aurogon :  uid = 10124 switch to FG
04-19 20:05:42.402 14128 14156 D SingleAppInstallService: onForegroundInfoChanged: com.miui.home
04-19 20:05:42.403  6180  6664 D PMonitor:  onForegroundActivitiesChanged:pid = 6485,activity-uid=10124,foregroundActivities=true
04-19 20:05:42.403  5157 13580 I ProcessMonitor: onForegroundInfoChanged: ForegroundInfo{mForegroundPackageName='com.miui.home', mForegroundUid=10124, mForegroundPid=6485, mLastForegroundPackageName='org.libsdl.app', mLastForegroundUid=10577, mLastForegroundPid=4021, mMultiWindowForegroundPackageName='com.miui.home', mMultiWindowForegroundUid=10124, mFlags=0}
04-19 20:05:42.403  6620  6639 I GST     : forePkg: com.miui.home, preForePkg: org.libsdl.app
04-19 20:05:42.404  6193  7684 D PerfEngineController: ForegroundInfo{mForegroundPackageName='com.miui.home', mForegroundUid=10124, mForegroundPid=6485, mLastForegroundPackageName='org.libsdl.app', mLastForegroundUid=10577, mLastForegroundPid=4021, mMultiWindowForegroundPackageName='com.miui.home', mMultiWindowForegroundUid=10124, mFlags=0}
04-19 20:05:42.405  6620  6639 D VENUS_GAMEAI_START_GameAiStartManager: 高能时刻未安装
04-19 20:05:42.406  6485  6501 D AppObserver: ForegroundInfo{mForegroundPackageName='com.miui.home', mForegroundUid=10124, mForegroundPid=6485, mLastForegroundPackageName='org.libsdl.app', mLastForegroundUid=10577, mLastForegroundPid=4021, mMultiWindowForegroundPackageName='com.miui.home', mMultiWindowForegroundUid=10124, mFlags=0}
04-19 20:05:42.407  1850  2482 I MiuiNetworkPolicy: updateUidState uid = 10330, uidState = 3
04-19 20:05:42.408  1850  2482 I MiuiNetworkPolicy: updateUidState uid = 10209, uidState = 3
04-19 20:05:42.408  1850  2482 I MiuiNetworkPolicy: updateUidState uid = 10208, uidState = 3
04-19 20:05:42.408  1850  2482 I MiuiNetworkPolicy: updateUidState uid = 10163, uidState = 3
04-19 20:05:42.408  1850  2482 I MiuiNetworkPolicy: updateUidState uid = 10154, uidState = 3
04-19 20:05:42.408  1850  2482 I MiuiNetworkPolicy: updateUidState uid = 10145, uidState = 3
04-19 20:05:42.408  1850  2482 I MiuiNetworkPolicy: updateUidState uid = 10124, uidState = 2
04-19 20:05:42.408  1850  2482 I MiuiNetworkPolicy: updateUidState uid = 6101, uidState = 3
04-19 20:05:42.409  6485  4020 E FA      : Discarding data. Max runnable queue size reached
04-19 20:05:42.409  6485  6485 D Launcher.Lifecycle: onResume:UserHandle{0},c34eae8,false
04-19 20:05:42.409  6485  6485 W Settings: Setting device_provisioned has moved from android.provider.Settings.Secure to android.provider.Settings.Global.
04-19 20:05:42.410  5157  5180 D s1      : myUserId = 0	currentUserId0
04-19 20:05:42.410  5157 13580 I GameBoosterService: onForegroundInfoChanged: Cur=com.miui.home	 last=org.libsdl.app
04-19 20:05:42.411  2543  2543 I A       : onStart
04-19 20:05:42.412  5157 13580 D GameBoosterService: onGameStatusChange foreground:ForegroundInfo{mForegroundPackageName='com.miui.home', mForegroundUid=10124, mForegroundPid=6485, mLastForegroundPackageName='org.libsdl.app', mLastForegroundUid=10577, mLastForegroundPid=4021, mMultiWindowForegroundPackageName='com.miui.home', mMultiWindowForegroundUid=10124, mFlags=0}
04-19 20:05:42.412  6485  6485 D Launcher.FullbackHome: FallbackHomeCompat::needKillSelf::needKillSelf = false
04-19 20:05:42.412  5157 13580 I VideoBoxUtils: isSupportVideoBox: false
04-19 20:05:42.412  6485  6485 D LauncherAssistantCompatGoogle: onResume com.google.android.libraries.gsa.launcherclient.LauncherClient@f957b80
04-19 20:05:42.412  5157 13580 I VideoToolBoxService: vtb is closed!!!
04-19 20:05:42.412  6485  6485 D Launcher_UnlockAnimationStateMachine: onResume = IDLE
04-19 20:05:42.412  6485  6485 I Launcher: changeMIUIWidgetEditMode false
04-19 20:05:42.412  6485  6485 D NavStubView: setAssistantInEditMode: false
04-19 20:05:42.414  6485  6485 I Launcher.DeviceConfig: getMiuiWidgetSizeSpec(3, 2, false) = (596, 626)
04-19 20:05:42.414  6485  6485 I Launcher.DeviceConfig: getMiuiWidgetSizeSpec(3, 2, false) = (596, 626)
04-19 20:05:42.415  1092  2329 D MI-SF   : [FpsStat] construct...
04-19 20:05:42.416  1850  2482 I MiuiNetworkPolicy: updateUidState uid = 10577, uidState = 18
04-19 20:05:42.417  2543  2543 I A       : onResume
04-19 20:05:42.418  1850  2073 D TaskSnapshot_CInjector: exception:Attempt to invoke virtual method 'android.view.WindowInfo com.android.server.wm.WindowState.getWindowInfo()' on a null object reference
04-19 20:05:42.425  1850  1894 D WindowManager: wms.Input focus has changed to Window{48fad13 u0 com.miui.home/com.miui.home.launcher.Launcher} display=0 updateInputWindows = true
04-19 20:05:42.425  1850  1894 I MultiSenceManagerInternalStub: getInstance
04-19 20:05:42.426  1850  2074 D WindowManager: wms.Update InputWindowHandle: 48fad13 com.miui.home/com.miui.home.launcher.Launcher, frame=[0,0,0,0], touchableRegion=SkRegion((0,0,1080,2400)), scaleFactor=1.0, transform=null, windowToken=android.os.BinderProxy@9c26002, isClone=false, visibal=true, focusable=true, changed=true
04-19 20:05:42.427  6485  6485 D VRI[Launcher]: vri.reportNextDraw android.view.ViewRootImpl.performTraversals:4013 android.view.ViewRootImpl.doTraversal:2725 android.view.ViewRootImpl$TraversalRunnable.run:9812 android.view.Choreographer$CallbackRecord.run:1505 android.view.Choreographer$CallbackRecord.run:1513 
04-19 20:05:42.427  6485  6485 D VRI[Launcher]: vri.Setup new sync id=4161 syncSeqId=0
04-19 20:05:42.429 27223  4072 W adbd    : timed out while waiting for FUNCTIONFS_BIND, trying again
04-19 20:05:42.429 27223  4072 I adbd    : UsbFfs: connection terminated: monitor thread finished
04-19 20:05:42.431  6485  6485 D DragContainerLayout: dispatch draw with clip rect: null
04-19 20:05:42.432  1092  1092 D MI-SF   : Launcher Changed hasLauncher=1
04-19 20:05:42.439  1092  2328 I SurfaceFlinger: sf.setTransactionState focusRequest transactionId:7945691894542 frontWin:48fad13 com.miui.home/com.miui.home.launcher.Launcher
04-19 20:05:42.440  6485  6485 D VRI[Launcher]: vri.reportDrawFinished syncSeqId=0 android.view.ViewRootImpl.lambda$createSyncIfNeeded$4$android-view-ViewRootImpl:4081 android.view.ViewRootImpl$$ExternalSyntheticLambda2.run:6 android.os.Handler.handleCallback:942 android.os.Handler.dispatchMessage:99 android.os.Looper.loopOnce:211 
04-19 20:05:42.441  6485  6485 I Launcher.widget: onInvisible null
04-19 20:05:42.441  6485  6485 W BlurUtils: restore blur ratio:0.0 for window: com.android.internal.policy.PhoneWindow@6ec00f2
04-19 20:05:42.441  6485  6485 E BlurUtils: fastBlurDirectly ratio=0.0   win=com.android.internal.policy.PhoneWindow@6ec00f2
04-19 20:05:42.441  6485  6485 W BlurUtils: save blur ratio:0.0 for window: com.android.internal.policy.PhoneWindow@6ec00f2
04-19 20:05:42.442  6485  6485 D RecentsImpl: mActivityStateObserver com.miui.home.launcher.Launcher
04-19 20:05:42.442  1850  2836 D WindowManager: wms.finishDrawingLocked: mDrawState=COMMIT_DRAW_PENDING Window{48fad13 u0 com.miui.home/com.miui.home.launcher.Launcher} in Surface(name=com.miui.home/com.miui.home.launcher.Launcher)/@0xc12e7f7
04-19 20:05:42.442  6485  6485 W RecentsImpl: onResumed className=com.miui.home.launcher.Launcher   mIsInAnotherPro=false   isKeyguardLocked=false   mSecuritySpaceGuideShown=false
04-19 20:05:42.442  6485  6485 D Launcher: notifyBackGestureStatus
04-19 20:05:42.443  1850  2836 D MiuiFreeFormGesturePointerEventListener: finishDrawingWindow: topFullScreenWindow= Window{48fad13 u0 com.miui.home/com.miui.home.launcher.Launcher}
04-19 20:05:42.443  6485  6649 E Launcher: notifyBackGestureStatus:run usingFsGesture=true   show=true   focus=false   pause=false
04-19 20:05:42.443  6485  6649 D Launcher: notifyFsGestureHomeStatus    enableBackGesture=false   isSupportRecentsAndFsGesture=true
04-19 20:05:42.444  1092  1092 I SurfaceFlinger: sf.transactionIsReadyToBeApplied focusRequest transactionId:7945691894542
04-19 20:05:42.444  6485  6649 W RecentsImpl: updateFsgWindowVisibilityState   isEnter=false   typeFrom=typefrom_home   isOpen=true   mIsInAnotherPro=false   mIsStatusBarExpansion=false
04-19 20:05:42.444  6485  6649 W RecentsImpl: getTopActivity from observer.   cn=ComponentInfo{com.miui.home/com.miui.home.launcher.Launcher}
04-19 20:05:42.444  6485  6485 D RecentsImpl: showNavStubView
04-19 20:05:42.444  6485  6485 D NavStubView_Touch: setKeepHidden    old=false   new=false
04-19 20:05:42.445  6485  6696 D RecentsImpl: hideBackStubWindow
04-19 20:05:42.445  1850  2471 E MiuiActivityController: MiuiLog-ActivityObserver: There was something wrong : null
04-19 20:05:42.445  1092  1846 D SurfaceFlinger: updateInputFlinger::setFocusedWindow: windowName=48fad13 com.miui.home/com.miui.home.launcher.Launcher focusRequests.size=1
04-19 20:05:42.445  1092  1092 D MI-SF   : [FpsStat] distroy...
04-19 20:05:42.448 19955 19978 W OpenGLRenderer: Surface doesn't have any previously queued frames, nothing to readback from
04-19 20:05:42.448 19955 19978 W OpenGLRenderer: Surface doesn't have any previously queued frames, nothing to readback from
04-19 20:05:42.450  1850  2074 I WindowManager: wms.showSurfaceRobustly mWin:Window{b2d18a6 u0 com.miui.miwallpaper.wallpaperservice.ImageWallpaper}
04-19 20:05:42.450  1850  2074 I WindowManager: wms.showSurfaceRobustly mWin:Window{132a7df u0 com.miui.miwallpaper.wallpaperservice.MiuiKeyguardPictorialWallpaper}
04-19 20:05:42.453  1850  2074 I SmartPower.org.libsdl.app/10577(4087): invisible->background(584ms) R(become background) adj=200.
04-19 20:05:42.457  1850  2718 D PerfStubImpl: perfLockReleaseHandler: 838165
04-19 20:05:42.457  1850  2718 D SchedBoost: stopBoostInternal
04-19 20:05:42.457  1850  2718 D PerfStubImpl: perfLockAcquire
04-19 20:05:42.457  1850  2718 D SchedBoost: startBoostInternal 500
04-19 20:05:42.458   987  1168 E ANDR-PERF-OPTSHANDLER: Cannot open/create foreground cgroup file
04-19 20:05:42.458  1850  2074 I WindowManager: wms.showSurfaceRobustly mWin:Window{48fad13 u0 com.miui.home/com.miui.home.launcher.Launcher}
04-19 20:05:42.461  6485  6501 E LauncherAnimationRunner: onAnimationStart
04-19 20:05:42.461  6485  6501 E LauncherAnimationRunner: onAnimationStart:   mode=1   taskId=3499   isTranslucent=false   activityType=1
04-19 20:05:42.461  6485  6501 E LauncherAnimationRunner: onAnimationStart:   mode=0   taskId=2   isTranslucent=false   activityType=2
04-19 20:05:42.461  6485  6485 D BoostRtHelper: boostGesture main
04-19 20:05:42.461  6485  6485 E QuickstepAppTransitionManagerImpl: startClosingWindowAnimators
04-19 20:05:42.461  6485  6485 D RecentsModel: getSmartRecentsTaskLoadPlan runningTaskId -1
04-19 20:05:42.462  6485  6485 D RecentsModel: getSmartRecentsTaskLoadPlan cost 1
04-19 20:05:42.462  6485  6485 D RecentsModel: getSmartRecentsTaskLoadPlan runningTaskId -1
04-19 20:05:42.462  6485  6485 D RecentsModel: getSmartRecentsTaskLoadPlan cost 0
04-19 20:05:42.462  6485  6485 D QuickstepAppTransitionManagerImpl: getClosingShortcutIcon:CloseShortcutIconUtils.getCloseShortcutIcon  cn=ComponentInfo{org.libsdl.app/org.libsdl.app.SDLActivity}   userId=0
04-19 20:05:42.462  6485  6485 D LauncherFsGestureCompat: componentName is org.libsdl.app/org.libsdl.app.SDLActivity
04-19 20:05:42.462  6485  6485 E ClipAnimationHelper: updateSourceStack  mSourceInsets=Rect(0, 90 - 0, 0), mSourceStackBounds=Rect(0, 0 - 1080, 2400)
04-19 20:05:42.462  6485  6485 E ClipAnimationHelper: updateHomeStack  mSourceInsets=Rect(0, 90 - 0, 0), mHomeStackBounds=Rect(0, 0 - 1080, 2400)
04-19 20:05:42.462  6485  6485 E ClipAnimationHelper: updateTargetRect  mSourceRect=RectF(0.0, 90.0, 1080.0, 2490.0)   mTargetRect=RectF(0.0, 0.0, 1080.0, 2400.0)   mSourceWindowClipInsets=RectF(0.0, 90.0, 0.0, 0.0)   mHomeStackBounds=Rect(0, 0 - 1080, 2400)   targetRect=Rect(0, 0 - 1080, 2400)
04-19 20:05:42.463  6485  6485 I QuickstepAppTransitionManagerImpl: radiusScale = 6.75 , startRadius = 102.0 , endRadius = 276.75
04-19 20:05:42.463  6485  6485 I QuickstepAppTransitionManagerImpl: startClosingWindowAnimators:startRect=RectF(0.0, 0.0, 1080.0, 2400.0), targetRect=Rect(663, 1113 - 823, 1273), currentRotation=0, homeRotation=0, isUseSimpleAnim=true
04-19 20:05:42.463  1850  2074 D WindowManager: wms.Update InputWindowHandle: 48fad13 com.miui.home/com.miui.home.launcher.Launcher, frame=[0,0,0,0], touchableRegion=SkRegion((0,0,1080,2400)), scaleFactor=1.0, transform=null, windowToken=android.os.BinderProxy@9c26002, isClone=false, visibal=true, focusable=true, changed=true
04-19 20:05:42.463  6485  6485 D QuickstepAppTransitionManagerImpl: startClosingWindowAnimators, springAnim start, hide icon=com.miui.home.launcher.ShortcutIcon{45b43c5 VFE...CL. ........ 642,1016-845,1329}(Game)
04-19 20:05:42.463  6485  6485 E QuickstepAppTransitionManagerImpl: startLauncherContentAnimator:isAppOpening=false
04-19 20:05:42.464  6485  7395 W FloatingIconLayer: getFloatingIconLayer
04-19 20:05:42.464  1092  2330 D MI-SF   : [FpsStat] construct...
04-19 20:05:42.465  1092  1268 D MI-SF   : [FpsStat] construct...
04-19 20:05:42.465  6485  7395 W FloatingIconLayer: drawIcon
04-19 20:05:42.467  1850  2758 D MiuiFreeFormGestureController: handleFreeFormReceiver intent=Intent { act=com.miui.fullscreen_state_change flg=0x10 (has extras) }
04-19 20:05:42.467  1850  1850 D CameraBlackCoveredManager: handleHomeGestureReceiver receive broadcast action is com.miui.fullscreen_state_change
04-19 20:05:42.467  6485  6649 E StateBroadcastUtils: sendFsStateBroadCast state=closeWindow   channel=navigation_bar   packageName=
04-19 20:05:42.468  6485  6705 E perf_hint: Session creation failed, mPreferredRateNanos: -1
04-19 20:05:42.471 19955 19955 I MiuiWallpaper-MiuiKeyguardPictorialWallpaper: onVisibilityChanged, visible = true
04-19 20:05:42.474 19955 19955 I MiuiWallpaper-ImageWallpaper: onVisibilityChanged, visible = true
04-19 20:05:42.475 19955 19978 W OpenGLRenderer: Surface doesn't have any previously queued frames, nothing to readback from
04-19 20:05:42.475 19955 19978 W OpenGLRenderer: Surface doesn't have any previously queued frames, nothing to readback from
04-19 20:05:42.475 19955 19978 W OpenGLRenderer: Surface doesn't have any previously queued frames, nothing to readback from
04-19 20:05:42.476 19955 19978 W OpenGLRenderer: Surface doesn't have any previously queued frames, nothing to readback from
04-19 20:05:42.478 27223 27231 I adbd    : opening control endpoint /dev/usb-ffs/adb/ep0
04-19 20:05:42.496  6485  6501 D RecentsModel: onTaskStackChangedBackground
04-19 20:05:42.496  6485  7132 D RecentsModel: onTaskStackChangedBackground    MSG_TASK_STACK_CHANGE
04-19 20:05:42.496  5157  5180 I SCTaskStackListener: onTaskStackChanged! inSplit = false
04-19 20:05:42.496  6485  7132 D RecentsModel: preloadRecents
04-19 20:05:42.496  6485  7132 W RecentsModel: getRunningTask
04-19 20:05:42.496  5157 13580 I SCTaskStackListener: onTaskStackChanged! inSplit = false
04-19 20:05:42.497 19955 19978 W OpenGLRenderer: Surface doesn't have any previously queued frames, nothing to readback from
04-19 20:05:42.497 19955 19978 W OpenGLRenderer: Surface doesn't have any previously queued frames, nothing to readback from
04-19 20:05:42.499  6485  6501 D RecentsModel: onTaskStackChangedBackground
04-19 20:05:42.499  6485  6501 D EventBus: No subscribers registered for event class com.miui.home.recents.messages.RecentTasksChangedEvent
04-19 20:05:42.499  6485  6501 D EventBus: No subscribers registered for event class org.greenrobot.eventbus.NoSubscriberEvent
04-19 20:05:42.499  6485  7132 W RecentsModel: getRunningTask   taskInfo=TaskInfo{userId=0 taskId=2 displayId=0 isRunning=true baseIntent=Intent { act=android.intent.action.MAIN cat=[android.intent.category.HOME] flg=0x10000100 cmp=com.miui.home/.launcher.Launcher } baseActivity=ComponentInfo{com.miui.home/com.miui.home.launcher.Launcher} topActivity=ComponentInfo{com.miui.home/com.miui.home.launcher.Launcher} origActivity=null realActivity=ComponentInfo{com.miui.home/com.miui.home.launcher.Launcher} numActivities=1 lastActiveTime=9027408341 supportsSplitScreenMultiWindow=true supportsMultiWindow=true resizeMode=2 isResizeable=true minWidth=-1 minHeight=-1 defaultMinSize=200 token=WCT{android.window.IWindowContainerToken$Stub$Proxy@d878291} topActivityType=2 pictureInPictureParams=null shouldDockBigOverlays=false launchIntoPipHostTaskId=0 displayCutoutSafeInsets=null topActivityInfo=ActivityInfo{9a0f5f6 com.miui.home.launcher.Launcher} launchCookies=[] positionInParent=Point(0, 0) parentTaskId=-1 isFocused=true isVisible=true isSleeping=false topActivityInSizeCompat=false topActivityInMiuiSizeCompat=false topActivityEligibleForLetterboxEducation= false locusId=null displayAreaFeatureId=1 cameraCompatControlState=hidden mIsCastMode=false}
04-19 20:05:42.499  6485  7132 W RecentsModel: getTaskInfoIgnoreHomeAndFreeform   taskInfo=ComponentInfo{com.miui.home/com.miui.home.launcher.Launcher}
04-19 20:05:42.499  6485  7132 E ActivityManagerWrapper: get all recent tasks force including 2
04-19 20:05:42.501  6485  7132 E ActivityManagerWrapper: getRecentTasks: size=4
04-19 20:05:42.501  6485  7132 E ActivityManagerWrapper: getRecentTasks: mainTaskId=3499   userId=0   baseIntent=Intent { act=android.intent.action.MAIN flag=270532608 cmp=ComponentInfo{org.libsdl.app/org.libsdl.app.SDLActivity} }
04-19 20:05:42.501  6485  7132 E ActivityManagerWrapper: getRecentTasks: mainTaskId=3470   userId=0   baseIntent=Intent { act=android.service.quicksettings.action.QS_TILE_PREFERENCES flag=335544320 cmp=ComponentInfo{com.android.settings/com.android.settings.Settings$DevelopmentSettingsDashboardActivity} }
04-19 20:05:42.501  6485  7132 E ActivityManagerWrapper: getRecentTasks: mainTaskId=3467   userId=0   baseIntent=Intent { act=android.intent.action.MAIN flag=270532608 cmp=ComponentInfo{com.termux/com.termux.app.TermuxActivity} }
04-19 20:05:42.501  6485  7132 E ActivityManagerWrapper: getRecentTasks: mainTaskId=3465   userId=0   baseIntent=Intent { act=android.intent.action.MAIN flag=270532608 cmp=ComponentInfo{com.mi.android.globalFileexplorer/com.android.fileexplorer.FileExplorerTabActivity} }
04-19 20:05:42.504  6485  7132 D RecentsModel: onTaskStackChangedBackground    MSG_TASK_STACK_CHANGE
04-19 20:05:42.504  6485  7132 D RecentsModel: preloadRecents
04-19 20:05:42.504  6485  7132 W RecentsModel: getRunningTask
04-19 20:05:42.504  6485  7132 W RecentsModel: getRunningTask   taskInfo=TaskInfo{userId=0 taskId=2 displayId=0 isRunning=true baseIntent=Intent { act=android.intent.action.MAIN cat=[android.intent.category.HOME] flg=0x10000100 cmp=com.miui.home/.launcher.Launcher } baseActivity=ComponentInfo{com.miui.home/com.miui.home.launcher.Launcher} topActivity=ComponentInfo{com.miui.home/com.miui.home.launcher.Launcher} origActivity=null realActivity=ComponentInfo{com.miui.home/com.miui.home.launcher.Launcher} numActivities=1 lastActiveTime=9027408348 supportsSplitScreenMultiWindow=true supportsMultiWindow=true resizeMode=2 isResizeable=true minWidth=-1 minHeight=-1 defaultMinSize=200 token=WCT{android.window.IWindowContainerToken$Stub$Proxy@390b6cd} topActivityType=2 pictureInPictureParams=null shouldDockBigOverlays=false launchIntoPipHostTaskId=0 displayCutoutSafeInsets=null topActivityInfo=ActivityInfo{bde7b82 com.miui.home.launcher.Launcher} launchCookies=[] positionInParent=Point(0, 0) parentTaskId=-1 isFocused=true isVisible=true isSleeping=false topActivityInSizeCompat=false topActivityInMiuiSizeCompat=false topActivityEligibleForLetterboxEducation= false locusId=null displayAreaFeatureId=1 cameraCompatControlState=hidden mIsCastMode=false}
04-19 20:05:42.504  6485  7132 W RecentsModel: getTaskInfoIgnoreHomeAndFreeform   taskInfo=ComponentInfo{com.miui.home/com.miui.home.launcher.Launcher}
04-19 20:05:42.505  6485  7132 E ActivityManagerWrapper: get all recent tasks force including 2
04-19 20:05:42.506  6485  7132 E ActivityManagerWrapper: getRecentTasks: size=4
04-19 20:05:42.506  6485  7132 E ActivityManagerWrapper: getRecentTasks: mainTaskId=3499   userId=0   baseIntent=Intent { act=android.intent.action.MAIN flag=270532608 cmp=ComponentInfo{org.libsdl.app/org.libsdl.app.SDLActivity} }
04-19 20:05:42.506  6485  7132 E ActivityManagerWrapper: getRecentTasks: mainTaskId=3470   userId=0   baseIntent=Intent { act=android.service.quicksettings.action.QS_TILE_PREFERENCES flag=335544320 cmp=ComponentInfo{com.android.settings/com.android.settings.Settings$DevelopmentSettingsDashboardActivity} }
04-19 20:05:42.506  6485  7132 E ActivityManagerWrapper: getRecentTasks: mainTaskId=3467   userId=0   baseIntent=Intent { act=android.intent.action.MAIN flag=270532608 cmp=ComponentInfo{com.termux/com.termux.app.TermuxActivity} }
04-19 20:05:42.506  6485  7132 E ActivityManagerWrapper: getRecentTasks: mainTaskId=3465   userId=0   baseIntent=Intent { act=android.intent.action.MAIN flag=270532608 cmp=ComponentInfo{com.mi.android.globalFileexplorer/com.android.fileexplorer.FileExplorerTabActivity} }
04-19 20:05:42.513  6485  6485 D Launcher.Lifecycle: onWindowFocusChanged:true,UserHandle{0},c34eae8,false
04-19 20:05:42.513  6485  6485 D Launcher_UnlockAnimationStateMachine: onWindowFocus:IDLE
04-19 20:05:42.513  6485  6485 D Launcher_UnlockAnimationStateMachine: showAnimation = IDLE
04-19 20:05:42.513  6485  6485 D DecorView[Launcher]: onWindowFocusChanged hasWindowFocus true
04-19 20:05:42.513  6485  6485 I HandWritingStubImpl: refreshLastKeyboardType: 1
04-19 20:05:42.514  6485  6485 I HandWritingStubImpl: getCurrentKeyboardType: 1
04-19 20:05:42.514  6485  6648 D StatusBarController: handleMessage: flag 800000  disable false
04-19 20:05:42.515  1850  2836 W InputMethodManagerService: Clear show forced flag.
04-19 20:05:42.515 19955 19978 W OpenGLRenderer: Surface doesn't have any previously queued frames, nothing to readback from
04-19 20:05:42.516 19955 19978 W OpenGLRenderer: Surface doesn't have any previously queued frames, nothing to readback from
04-19 20:05:42.516 12676 12676 D NotifBadge: recevie broadbcast ACTION_APPLICATION_MESSAGE_QUERY, requestFirstTime=false
04-19 20:05:42.518  6485  6485 D Launcher_WallpaperUtils: changeStatusBarMode:false
04-19 20:05:42.529   987  1168 E ANDR-PERF-UTIL: Failed to update node /proc/4021/sched_boost with value 0
04-19 20:05:42.529   987  1168 E ANDR-PERF-OPTSHANDLER: can't reset task 4021
04-19 20:05:42.529   987  1168 E ANDR-PERF-RESOURCEQS: Failed to reset optimization [3, 32]
04-19 20:05:42.532 19955 19978 W OpenGLRenderer: Surface doesn't have any previously queued frames, nothing to readback from
04-19 20:05:42.532 19955 19978 W OpenGLRenderer: Surface doesn't have any previously queued frames, nothing to readback from
04-19 20:05:42.546 19955 19978 W OpenGLRenderer: Surface doesn't have any previously queued frames, nothing to readback from
04-19 20:05:42.546 19955 19978 W OpenGLRenderer: Surface doesn't have any previously queued frames, nothing to readback from
04-19 20:05:42.562 19955 19978 W OpenGLRenderer: Surface doesn't have any previously queued frames, nothing to readback from
04-19 20:05:42.562 19955 19978 W OpenGLRenderer: Surface doesn't have any previously queued frames, nothing to readback from
04-19 20:05:42.579 19955 19978 W OpenGLRenderer: Surface doesn't have any previously queued frames, nothing to readback from
04-19 20:05:42.579 19955 19978 W OpenGLRenderer: Surface doesn't have any previously queued frames, nothing to readback from
04-19 20:05:42.596 19955 19978 W OpenGLRenderer: Surface doesn't have any previously queued frames, nothing to readback from
04-19 20:05:42.596 19955 19978 W OpenGLRenderer: Surface doesn't have any previously queued frames, nothing to readback from
04-19 20:05:42.612 19955 19978 W OpenGLRenderer: Surface doesn't have any previously queued frames, nothing to readback from
04-19 20:05:42.612 19955 19978 W OpenGLRenderer: Surface doesn't have any previously queued frames, nothing to readback from
04-19 20:05:42.629 19955 19978 W OpenGLRenderer: Surface doesn't have any previously queued frames, nothing to readback from
04-19 20:05:42.629 19955 19978 W OpenGLRenderer: Surface doesn't have any previously queued frames, nothing to readback from
04-19 20:05:42.646 19955 19978 W OpenGLRenderer: Surface doesn't have any previously queued frames, nothing to readback from
04-19 20:05:42.646 19955 19978 W OpenGLRenderer: Surface doesn't have any previously queued frames, nothing to readback from
