04-19 20:05:40.820  1850  5620 D ActivityTaskManager:  setRequestedOrientationFreeForm: requestedOrientation= 13 task=Task{3c243af #3498 type=standard A=10577:org.libsdl.app U=0 visible=true visibleRequested=true mode=fullscreen translucent=false sz=1} MiuiFreeformServicesUtils.getFreeformIgnoreRequestOrientationList()= [com.miui.player, com.sqw.setdl.mi, com.youku.phone, com.tencent.gamehelper.smoba, com.taobao.litetao, com.live.shuoqiudi, com.baidu.homework, com.tencent.qqmusic, cn.xiaochuankeji.zuiyouLite, com.facebook.orca, com.android.browser, com.alibaba.android.rimet, com.miui.gallery, com.android.settings, com.tencent.letsgo]packageName= org.libsdl.app
04-19 20:05:40.823   977  1258 I SDM     : HWCColorModeStc::GetColorModeCount: Supported color mode count = 3
04-19 20:05:40.823   977  1258 I SDM     : HWCColorModeStc::GetColorModes: Color mode = 0 is supported
04-19 20:05:40.823   977  1258 I SDM     : HWCColorModeStc::GetColorModes: Color mode = 7 is supported
04-19 20:05:40.823   977  1258 I SDM     : HWCColorModeStc::GetColorModes: Color mode = 9 is supported
04-19 20:05:40.823  1092  1269 D MI-SF   : addDolbyVisionHdr enter hdrTypes 2
04-19 20:05:40.823  1092  1269 D MI-SF   : debug.config.media.video.dolby_vision_suports == false
04-19 20:05:40.825 19955 19978 W OpenGLRenderer: Surface doesn't have any previously queued frames, nothing to readback from
04-19 20:05:40.825 19955 19978 W OpenGLRenderer: Surface doesn't have any previously queued frames, nothing to readback from
04-19 20:05:40.834  4021  4057 V SDL     : setOrientation() requestedOrientation=13 width=640 height=480 resizable=true hint=
04-19 20:05:40.834  4021  4044 D org.libsdl.app: MiuiProcessManagerServiceStub setSchedFifo
04-19 20:05:40.834  4021  4044 I MiuiProcessManagerImpl: setSchedFifo pid:4021, mode:3
04-19 20:05:40.835  1850  5620 D ProcessManager: beginSchedThreads is not Enabled
04-19 20:05:40.835  1850  1894 D ActivityTaskManager:  setRequestedOrientationFreeForm: requestedOrientation= 13 task=Task{3c243af #3498 type=standard A=10577:org.libsdl.app U=0 visible=true visibleRequested=true mode=fullscreen translucent=false sz=1} MiuiFreeformServicesUtils.getFreeformIgnoreRequestOrientationList()= [com.miui.player, com.sqw.setdl.mi, com.youku.phone, com.tencent.gamehelper.smoba, com.taobao.litetao, com.live.shuoqiudi, com.baidu.homework, com.tencent.qqmusic, cn.xiaochuankeji.zuiyouLite, com.facebook.orca, com.android.browser, com.alibaba.android.rimet, com.miui.gallery, com.android.settings, com.tencent.letsgo]packageName= org.libsdl.app
04-19 20:05:40.838  4021  4057 I SDL/APP : pixel format wanted SDL_PIXELFORMAT_RGBA8888 (1), got SDL_PIXELFORMAT_RGBA8888 (1)
04-19 20:05:40.838   555   555 I servicemanager: Could not find android.hardware.graphics.allocator.IAllocator/default in the VINTF manifest.
04-19 20:05:40.841  4021  4057 E libEGL  : pre_cache appList: com.sina.weibo,com.ss.android.article.news,com.taobao.taobao,com.smile.gifmaker,com.ss.android.ugc.aweme,com.tencent.mm,tv.danmaku.bili,,
04-19 20:05:40.841 19955 19978 W OpenGLRenderer: Surface doesn't have any previously queued frames, nothing to readback from
04-19 20:05:40.843 19955 19978 W OpenGLRenderer: Surface doesn't have any previously queued frames, nothing to readback from
04-19 20:05:40.848  4021  4044 E libboost: fail to open node: No such file or directory
04-19 20:05:40.858 19955 19978 W OpenGLRenderer: Surface doesn't have any previously queued frames, nothing to readback from
04-19 20:05:40.858 19955 19978 W OpenGLRenderer: Surface doesn't have any previously queued frames, nothing to readback from
04-19 20:05:40.874  6485  6485 E LauncherAnimationRunner: finish: mFinishRunnable.run
04-19 20:05:40.878 19955 19955 I MiuiWallpaper-MiuiKeyguardPictorialWallpaper: onVisibilityChanged, visible = false
04-19 20:05:40.879 19955 19955 I MiuiWallpaper-ImageWallpaper: onVisibilityChanged, visible = false
04-19 20:05:40.888  1850  2074 D WindowManager: wms.Update InputWindowHandle: 8ef4933 org.libsdl.app/org.libsdl.app.SDLActivity, frame=[0,0,0,0], touchableRegion=SkRegion((0,0,1080,2400)), scaleFactor=1.0, transform=null, windowToken=android.os.BinderProxy@aec58a2, isClone=false, visibal=true, focusable=true, changed=true
04-19 20:05:40.890  1850  2073 D SchedBoost: com.miui.home boosting, skip reset priority
04-19 20:05:40.890  1850  2073 D SchedBoost: com.miui.home boosting, skip reset priority
04-19 20:05:40.894  1092  1092 I MI-SF   : surfaceflinger setAffinity mode=0
04-19 20:05:40.906  4021  4044 E perf_hint: Session creation failed, mPreferredRateNanos: -1
04-19 20:05:40.909  4021  4021 D VRI[SDLActivity]: vri.reportDrawFinished syncSeqId=0 android.view.ViewRootImpl.lambda$createSyncIfNeeded$4$android-view-ViewRootImpl:4081 android.view.ViewRootImpl$$ExternalSyntheticLambda2.run:6 android.os.Handler.handleCallback:942 android.os.Handler.dispatchMessage:99 android.os.Looper.loopOnce:211 
04-19 20:05:40.910  1850  5688 D WindowManager: wms.finishDrawingLocked: mDrawState=COMMIT_DRAW_PENDING Window{8ef4933 u0 org.libsdl.app/org.libsdl.app.SDLActivity} in Surface(name=org.libsdl.app/org.libsdl.app.SDLActivity)/@0x7802e52
04-19 20:05:40.910  1850  5688 D MiuiFreeFormGesturePointerEventListener: finishDrawingWindow: topFullScreenWindow= Window{8ef4933 u0 org.libsdl.app/org.libsdl.app.SDLActivity}
04-19 20:05:40.911  4021  4021 D SurfaceView: UPDATE Surface(name=SurfaceView[org.libsdl.app/org.libsdl.app.SDLActivity])/@0x809babb, mIsProjectionMode = false
04-19 20:05:40.913  4021  4021 D VRI[SDLActivity]: vri.reportNextDraw android.view.ViewRootImpl.handleResized:2083 android.view.ViewRootImpl.-$$Nest$mhandleResized:0 android.view.ViewRootImpl$ViewRootHandler.handleMessageImpl:6167 android.view.ViewRootImpl$ViewRootHandler.handleMessage:6136 android.os.Handler.dispatchMessage:106 
04-19 20:05:40.927  1850  2074 I WindowManager: wms.showSurfaceRobustly mWin:Window{8ef4933 u0 org.libsdl.app/org.libsdl.app.SDLActivity}
04-19 20:05:40.929  1850  2074 D LocalDisplayAdapter: Unable to set ALLM because the connected display does not support ALLM.
04-19 20:05:40.930  1092  1092 E HWComposer: setContentType: setContentType failed for display 4630947081618265473: Unsupported (8)
04-19 20:05:40.930  1850  2070 I ActivityTaskManager: Displayed org.libsdl.app/.SDLActivity: +538ms
04-19 20:05:40.932  1850  5620 D CoreBackPreview: Window{c0cefa8 u0 Splash Screen org.libsdl.app}: Setting back callback null
04-19 20:05:40.932  1850  1894 W InputManager-JNI: Input channel object 'c0cefa8 Splash Screen org.libsdl.app (client)' was disposed without first being removed with the input manager!
04-19 20:05:40.942  1092  1347 D RefreshRateConfigs: TouchBoost - choose Fps: 60.00 Hz
04-19 20:05:40.943  6485  6485 D Launcher.Lifecycle: onStop:UserHandle{0},c34eae8,false
04-19 20:05:40.943  6485  6485 D Launcher_UnlockAnimationStateMachine: onStop = IDLE
04-19 20:05:40.944  6485  6485 D LauncherAssistantCompatGoogle: onStop com.google.android.libraries.gsa.launcherclient.LauncherClient@f957b80
04-19 20:05:40.947  1850  5620 I PowerManagerServiceImpl: Acquire wakelock: SCREEN_BRIGHT_WAKE_LOCK        'WindowManager' ON_AFTER_RELEASE (uid=1000 pid=1850 pkg=android ws=WorkSource{10577 org.libsdl.app})
04-19 20:05:40.951  1092  1092 I MI-SF   : surfaceflinger setAffinity mode=1
04-19 20:05:40.951  1092  1092 I MI-SF   : surfaceflinger setreAffinity reTid=1273
04-19 20:05:40.952  1850  2074 D WindowManager: wms.Update InputWindowHandle: 8ef4933 org.libsdl.app/org.libsdl.app.SDLActivity, frame=[0,0,0,0], touchableRegion=SkRegion((0,0,1080,2400)), scaleFactor=1.0, transform=null, windowToken=android.os.BinderProxy@aec58a2, isClone=false, visibal=true, focusable=true, changed=true
04-19 20:05:40.953  4021  4021 D VRI[SDLActivity]: vri.Setup new sync id=1 syncSeqId=0
04-19 20:05:40.953  4021  4021 E SurfaceSyncer: Failed to find sync for id=0
04-19 20:05:40.953  4021  4057 E SDL/SYSTEM: Repository::clone failed: failed to resolve address for github.com: No address associated with hostname; class=Net (12)
04-19 20:05:40.953  4021  4057 E SDL/SYSTEM: 
04-19 20:05:40.957  4021  4057 V SDL     : Finished main function
04-19 20:05:40.958  1850  1894 W ProcessStats: Tracking association SourceState{4f5ac83 system/1000 BTopFgs #5258625} whose proc state 2 is better than process ProcessState{39e8586 com.miui.powerkeeper/1000 pkg=com.miui.powerkeeper} proc state 3 (54 skipped)
04-19 20:05:40.959  1850  2961 D ProcessMemoryCleaner: Compact memory: com.google.android.googlequicksearchbox:search/10209(2543) state=inactive adj=800 pri=31 usage=9 isKilled=false pss:115043 swap:28695
04-19 20:05:40.960  1850  2961 W MiuiMemoryService: com.google.android.googlequicksearchbox:search is system app!
04-19 20:05:40.960  1850  2482 I MiuiNetworkPolicy: updateUidState uid = 10330, uidState = 5
04-19 20:05:40.960  1850  2482 I MiuiNetworkPolicy: updateUidState uid = 10209, uidState = 5
04-19 20:05:40.960  1850  2482 I MiuiNetworkPolicy: updateUidState uid = 10208, uidState = 5
04-19 20:05:40.960  1850  2482 I MiuiNetworkPolicy: updateUidState uid = 10163, uidState = 4
04-19 20:05:40.960  1850  2482 I MiuiNetworkPolicy: updateUidState uid = 10154, uidState = 5
04-19 20:05:40.960  1850  2482 I MiuiNetworkPolicy: updateUidState uid = 10145, uidState = 5
04-19 20:05:40.960  1850  2482 I MiuiNetworkPolicy: updateUidState uid = 10124, uidState = 5
04-19 20:05:40.961  2543  2543 I A       : onStop
04-19 20:05:40.964  4021  4021 D VRI[SDLActivity]: vri.reportDrawFinished syncSeqId=0 android.view.ViewRootImpl.lambda$createSyncIfNeeded$4$android-view-ViewRootImpl:4081 android.view.ViewRootImpl$$ExternalSyntheticLambda2.run:6 android.os.Handler.handleCallback:942 android.os.Handler.dispatchMessage:99 android.os.Looper.loopOnce:211 
04-19 20:05:40.965  1850  2482 I MiuiNetworkPolicy: updateUidState uid = 6101, uidState = 5
04-19 20:05:40.966  4021  4021 V SDL     : onWindowFocusChanged(): true
04-19 20:05:40.966  4021  4021 D DecorView[]: onWindowFocusChanged hasWindowFocus true
04-19 20:05:40.967  4021  4021 I HandWritingStubImpl: refreshLastKeyboardType: 1
04-19 20:05:40.967  4021  4021 I HandWritingStubImpl: getCurrentKeyboardType: 1
04-19 20:05:40.967  1850  1894 D MiuiFreeFormGesturePointerEventListener: finishDrawingWindow: topFullScreenWindow= Window{8ef4933 u0 org.libsdl.app/org.libsdl.app.SDLActivity}
04-19 20:05:40.970  1850  5620 D WindowManager: wms.Input focus has changed to null display=0 updateInputWindows = true
04-19 20:05:40.970  1850  5620 I MultiSenceManagerInternalStub: getInstance
04-19 20:05:40.972  1092  2329 D MI-SF   : setCalledByRotationLayers old = 0, new = 0
04-19 20:05:40.981  1850  3098 E SurfaceControl: result = 0, buffer == nullptr = 0
04-19 20:05:40.982  1850  3098 E SurfaceControl: screenshotHardwareBuffer is null : 0
04-19 20:05:40.982  1850  5620 D ActivityTrigger: ActivityTrigger activityPauseTrigger 
04-19 20:05:40.983   987  1168 E ANDR-PERF-OPTSHANDLER: Cannot open/create system background cgroup file
04-19 20:05:40.985   987  1169 W ANDR-PERF-LM: MetaMeter: handleAsync() 171: GameOptimization Invalid state for appName org.libsdl.app 
04-19 20:05:40.991  1850  1894 D CompatibilityChangeReporter: Compat change id reported: 214016041; UID 10577; state: ENABLED
04-19 20:05:40.997  6485  6485 D EventBus: No subscribers registered for event class com.miui.home.recents.messages.TaskSnapshotChangedEvent
04-19 20:05:40.997 12676 12676 D KeyguardEditorHelper: onTopActivityMayChanged, topActivity=ComponentInfo{com.miui.home/com.miui.home.launcher.Launcher}; mState=IDEL
04-19 20:05:40.997  6485  6485 D EventBus: No subscribers registered for event class org.greenrobot.eventbus.NoSubscriberEvent
04-19 20:05:40.997 12676 12709 I OneHandedController: stopOneHanded mState = 0, uiEvent = 5
04-19 20:05:40.997 12676 12709 D OneHandedController: stopOneHanded state isTransitioning or STATE_NONE
04-19 20:05:40.997 12676 12676 I FocusedNotifPromptContr: onTopActivityMayChanged: topActivity=com.miui.home
04-19 20:05:40.997 12676 12676 I FocusedNotifPromptContr: topActivityMayChanged: topActivity=com.miui.home
04-19 20:05:40.998  1092  1268 I SurfaceFlinger: sf.setTransactionState focusRequest transactionId:7945691894408 frontWin:<null>
04-19 20:05:41.000  1850  1850 D CompatibilityInfo: mCompatibilityFlags - 0
04-19 20:05:41.000  1850  1850 D CompatibilityInfo: applicationDensity - 440
04-19 20:05:41.000  1850  1850 D CompatibilityInfo: applicationScale - 1.0
04-19 20:05:41.004  1850  1894 I PowerManagerServiceImpl: Release wakelock: SCREEN_BRIGHT_WAKE_LOCK        'WindowManager' ON_AFTER_RELEASE DISABLED ACQ=-56ms (uid=1000 pid=1850 pkg=android ws=WorkSource{10577 org.libsdl.app})
04-19 20:05:41.007  1092  1092 I SurfaceFlinger: sf.transactionIsReadyToBeApplied focusRequest transactionId:7945691894408
04-19 20:05:41.008  1092  1846 D SurfaceFlinger: updateInputFlinger::setFocusedWindow: windowName=<null> focusRequests.size=1
04-19 20:05:41.009  1850  2471 E MiuiActivityController: MiuiLog-ActivityObserver: There was something wrong : null
04-19 20:05:41.010  1850  1850 D SchedBoost: com.miui.home already boosted, skip boost priority
04-19 20:05:41.016  4021  4021 V SDL     : onPause()
04-19 20:05:41.017  1850  2482 I MiuiNetworkPolicy: updateUidState uid = 10163, uidState = 3
04-19 20:05:41.017  1850  2482 I MiuiNetworkPolicy: updateUidState uid = 10154, uidState = 3
04-19 20:05:41.021  1850  2482 I MiuiNetworkPolicy: updateUidState uid = 10145, uidState = 3
04-19 20:05:41.022  1850  2482 I MiuiNetworkPolicy: updateUidState uid = 10124, uidState = 2
04-19 20:05:41.022  1850  2482 I MiuiNetworkPolicy: updateUidState uid = 6101, uidState = 3
04-19 20:05:41.025  1850  5620 D PerfStubImpl: perfWarmLaunchBoost: com.miui.home, -1, 1
04-19 20:05:41.026   987  1168 E ANDR-PERF-OPTSHANDLER: Perflock resource /sys/class/devfreq/soc:qcom,cpubw/max_freq not supported
04-19 20:05:41.026   987  1168 E ANDR-PERF-RESOURCEQS: Failed to apply optimization [6, 6]
04-19 20:05:41.026   987  1168 E ANDR-PERF-OPTSHANDLER: Perflock resource /sys/class/devfreq/soc:qcom,cpubw/min_freq not supported
04-19 20:05:41.026   987  1168 E ANDR-PERF-RESOURCEQS: Failed to apply optimization [6, 0]
04-19 20:05:41.026  1850  5620 D PerfStubImpl: perfAnimBoost: com.miui.home
04-19 20:05:41.027   987  1169 W ANDR-PERF-LM: MetaMeter: handlePrimaryAsync() 118: AdaptLaunch MetaMeter. No MeterMgr Available to handle this Primary Async. !!!!
04-19 20:05:41.029  1850  5688 I ActivityManager: updateOomAdj start time is before than pendingPid added, don't delete it
04-19 20:05:41.029  1092  1092 D MI-SF   : Launcher Changed hasLauncher=0
04-19 20:05:41.029   987  1169 W ANDR-PERF-LM: MetaMeter: handlePrimaryAsync() 118: AdaptLaunch MetaMeter. No MeterMgr Available to handle this Primary Async. !!!!
04-19 20:05:41.037  6485  6485 D Launcher.Lifecycle: onStart:UserHandle{0},c34eae8,false
04-19 20:05:41.037  6485  6485 D LauncherAssistantCompatGoogle: onStart com.google.android.libraries.gsa.launcherclient.LauncherClient@f957b80
04-19 20:05:41.040  1850  2471 E MiuiActivityController: MiuiLog-ActivityObserver: There was something wrong : null
04-19 20:05:41.040  1092  1092 D MI-SF   : [FpsStat] distroy...
04-19 20:05:41.041  4021  4021 I HandWritingStubImpl: getCurrentKeyboardType: 1
04-19 20:05:41.044  4021  4021 V SDL     : onWindowFocusChanged(): false
04-19 20:05:41.045  4021  4021 D DecorView[]: onWindowFocusChanged hasWindowFocus false
04-19 20:05:41.051  6485  4020 E FA      : Discarding data. Max runnable queue size reached
04-19 20:05:41.051  2543  2543 I A       : onStart
04-19 20:05:41.052  6485  6485 D Launcher.Lifecycle: onResume:UserHandle{0},c34eae8,false
04-19 20:05:41.052  6485  6485 W Settings: Setting device_provisioned has moved from android.provider.Settings.Secure to android.provider.Settings.Global.
04-19 20:05:41.053  1850  2482 I MiuiNetworkPolicy: updateUidState uid = 10330, uidState = 3
04-19 20:05:41.053  1850  2482 I MiuiNetworkPolicy: updateUidState uid = 10209, uidState = 3
04-19 20:05:41.053  1850  2482 I MiuiNetworkPolicy: updateUidState uid = 10208, uidState = 3
04-19 20:05:41.053  1850  2135 D ATMSImpl: Begin to report package foreground events...
04-19 20:05:41.053  1850  2693 D CameraBlackCoveredManager: mForegroundPackage = com.miui.home mOccupiedPackage = de.markusfisch.android.binaryeye
04-19 20:05:41.053  1850  2693 I NetworkBoostStatusManager: onForegroundInfoChanged uid:10124, isColdStart:false
04-19 20:05:41.053  1850  2693 I SLM-SRV-SLAToast: foreground uid:10124, isColdStart:false, isLinkTurboEnable:false
04-19 20:05:41.054  1850  2693 D NetworkSDKService: handleMultiAppsDualWifi isSet = false isEverOpened = false
04-19 20:05:41.054  6485  6485 D Launcher.FullbackHome: FallbackHomeCompat::needKillSelf::needKillSelf = false
04-19 20:05:41.054  6485  6485 D LauncherAssistantCompatGoogle: onResume com.google.android.libraries.gsa.launcherclient.LauncherClient@f957b80
04-19 20:05:41.055  6485  6485 D Launcher_UnlockAnimationStateMachine: onResume = IDLE
04-19 20:05:41.055  2543  2543 I A       : onResume
04-19 20:05:41.055  6485  6485 I Launcher: changeMIUIWidgetEditMode false
04-19 20:05:41.055  6485  6485 D NavStubView: setAssistantInEditMode: false
04-19 20:05:41.057  6485  6485 I Launcher.DeviceConfig: getMiuiWidgetSizeSpec(3, 2, false) = (596, 626)
04-19 20:05:41.057  6485  6485 I Launcher.DeviceConfig: getMiuiWidgetSizeSpec(3, 2, false) = (596, 626)
04-19 20:05:41.058  6193  7683 D PerfEngineController: ForegroundInfo{mForegroundPackageName='com.miui.home', mForegroundUid=10124, mForegroundPid=6485, mLastForegroundPackageName='org.libsdl.app', mLastForegroundUid=10577, mLastForegroundPid=4021, mMultiWindowForegroundPackageName='com.miui.home', mMultiWindowForegroundUid=10124, mFlags=0}
04-19 20:05:41.058  1850  2482 I MiuiNetworkPolicy: updateUidState uid = 10577, uidState = 18
04-19 20:05:41.058  1092  1269 D MI-SF   : [FpsStat] construct...
04-19 20:05:41.061  6485 31716 D AppObserver: ForegroundInfo{mForegroundPackageName='com.miui.home', mForegroundUid=10124, mForegroundPid=6485, mLastForegroundPackageName='org.libsdl.app', mLastForegroundUid=10577, mLastForegroundPid=4021, mMultiWindowForegroundPackageName='com.miui.home', mMultiWindowForegroundUid=10124, mFlags=0}
04-19 20:05:41.061  5157 13580 I ProcessMonitor: onForegroundInfoChanged: ForegroundInfo{mForegroundPackageName='com.miui.home', mForegroundUid=10124, mForegroundPid=6485, mLastForegroundPackageName='org.libsdl.app', mLastForegroundUid=10577, mLastForegroundPid=4021, mMultiWindowForegroundPackageName='com.miui.home', mMultiWindowForegroundUid=10124, mFlags=0}
04-19 20:05:41.062 14128 14156 D SingleAppInstallService: onForegroundInfoChanged: com.miui.home
04-19 20:05:41.062  5157  5180 D s1      : myUserId = 0	currentUserId0
04-19 20:05:41.062  5157 13580 I GameBoosterService: onForegroundInfoChanged: Cur=com.miui.home	 last=org.libsdl.app
04-19 20:05:41.062  6620  6639 I GST     : forePkg: com.miui.home, preForePkg: org.libsdl.app
04-19 20:05:41.063  5157 13580 D GameBoosterService: onGameStatusChange foreground:ForegroundInfo{mForegroundPackageName='com.miui.home', mForegroundUid=10124, mForegroundPid=6485, mLastForegroundPackageName='org.libsdl.app', mLastForegroundUid=10577, mLastForegroundPid=4021, mMultiWindowForegroundPackageName='com.miui.home', mMultiWindowForegroundUid=10124, mFlags=0}
04-19 20:05:41.063  5157 13580 I VideoBoxUtils: isSupportVideoBox: false
04-19 20:05:41.063  5157 13580 I VideoToolBoxService: vtb is closed!!!
04-19 20:05:41.066  6620  6639 D VENUS_GAMEAI_START_GameAiStartManager: 高能时刻未安装
04-19 20:05:41.070  1850  5688 D WindowManager: wms.Input focus has changed to Window{48fad13 u0 com.miui.home/com.miui.home.launcher.Launcher} display=0 updateInputWindows = true
04-19 20:05:41.070  1850  5688 I MultiSenceManagerInternalStub: getInstance
04-19 20:05:41.071  1850  2073 W TaskSnapshot_CInjector: couldPersist()... false.
04-19 20:05:41.072  6485  6485 D VRI[Launcher]: vri.reportNextDraw android.view.ViewRootImpl.performTraversals:4013 android.view.ViewRootImpl.doTraversal:2725 android.view.ViewRootImpl$TraversalRunnable.run:9812 android.view.Choreographer$CallbackRecord.run:1505 android.view.Choreographer$CallbackRecord.run:1513 
04-19 20:05:41.072  6485  6485 D VRI[Launcher]: vri.Setup new sync id=4160 syncSeqId=0
04-19 20:05:41.073  1850  2074 D WindowManager: wms.Update InputWindowHandle: 48fad13 com.miui.home/com.miui.home.launcher.Launcher, frame=[0,0,0,0], touchableRegion=SkRegion((0,0,1080,2400)), scaleFactor=1.0, transform=null, windowToken=android.os.BinderProxy@9c26002, isClone=false, visibal=true, focusable=true, changed=true
04-19 20:05:41.077  6485  6485 D DragContainerLayout: dispatch draw with clip rect: null
04-19 20:05:41.077  1092  1269 I SurfaceFlinger: sf.setTransactionState focusRequest transactionId:7945691894424 frontWin:48fad13 com.miui.home/com.miui.home.launcher.Launcher
04-19 20:05:41.078  1092  1092 D MI-SF   : Launcher Changed hasLauncher=1
04-19 20:05:41.090  1092  1092 I SurfaceFlinger: sf.transactionIsReadyToBeApplied focusRequest transactionId:7945691894424
04-19 20:05:41.091  1092  1846 D SurfaceFlinger: updateInputFlinger::setFocusedWindow: windowName=48fad13 com.miui.home/com.miui.home.launcher.Launcher focusRequests.size=1
04-19 20:05:41.094  6485  6485 D VRI[Launcher]: vri.reportDrawFinished syncSeqId=0 android.view.ViewRootImpl.lambda$createSyncIfNeeded$4$android-view-ViewRootImpl:4081 android.view.ViewRootImpl$$ExternalSyntheticLambda2.run:6 android.os.Handler.handleCallback:942 android.os.Handler.dispatchMessage:99 android.os.Looper.loopOnce:211 
04-19 20:05:41.095  6485  6485 I Launcher.widget: onInvisible null
04-19 20:05:41.095  6485  6485 W BlurUtils: restore blur ratio:0.0 for window: com.android.internal.policy.PhoneWindow@6ec00f2
04-19 20:05:41.095  6485  6485 E BlurUtils: fastBlurDirectly ratio=0.0   win=com.android.internal.policy.PhoneWindow@6ec00f2
04-19 20:05:41.095  6485  6485 W BlurUtils: save blur ratio:0.0 for window: com.android.internal.policy.PhoneWindow@6ec00f2
04-19 20:05:41.096  6485  6485 D RecentsImpl: mActivityStateObserver com.miui.home.launcher.Launcher
04-19 20:05:41.097  6485  6485 W RecentsImpl: onResumed className=com.miui.home.launcher.Launcher   mIsInAnotherPro=false   isKeyguardLocked=false   mSecuritySpaceGuideShown=false
04-19 20:05:41.097  6485  6485 D Launcher: notifyBackGestureStatus
04-19 20:05:41.097  6485  6649 E Launcher: notifyBackGestureStatus:run usingFsGesture=true   show=true   focus=false   pause=false
04-19 20:05:41.097  6485  6649 D Launcher: notifyFsGestureHomeStatus    enableBackGesture=false   isSupportRecentsAndFsGesture=true
04-19 20:05:41.098  6485  6649 W RecentsImpl: updateFsgWindowVisibilityState   isEnter=false   typeFrom=typefrom_home   isOpen=true   mIsInAnotherPro=false   mIsStatusBarExpansion=false
04-19 20:05:41.098  6485  6649 W RecentsImpl: getTopActivity from observer.   cn=ComponentInfo{com.miui.home/com.miui.home.launcher.Launcher}
04-19 20:05:41.098  6485  6485 D RecentsImpl: showNavStubView
04-19 20:05:41.098  6485  6485 D NavStubView_Touch: setKeepHidden    old=false   new=false
04-19 20:05:41.098  6485  6696 D RecentsImpl: hideBackStubWindow
04-19 20:05:41.100  1850  1850 I MountServiceIdlerImpl: sNextTrimDuration :  1800000
04-19 20:05:41.101  1850  5216 D WindowManager: wms.finishDrawingLocked: mDrawState=COMMIT_DRAW_PENDING Window{48fad13 u0 com.miui.home/com.miui.home.launcher.Launcher} in Surface(name=com.miui.home/com.miui.home.launcher.Launcher)/@0x24ad10a
04-19 20:05:41.101  1850  5216 D MiuiFreeFormGesturePointerEventListener: finishDrawingWindow: topFullScreenWindow= Window{48fad13 u0 com.miui.home/com.miui.home.launcher.Launcher}
04-19 20:05:41.101  1850  2471 E MiuiActivityController: MiuiLog-ActivityObserver: There was something wrong : null
04-19 20:05:41.103 19955 19978 W OpenGLRenderer: Surface doesn't have any previously queued frames, nothing to readback from
04-19 20:05:41.106  1850  2074 I WindowManager: wms.showSurfaceRobustly mWin:Window{b2d18a6 u0 com.miui.miwallpaper.wallpaperservice.ImageWallpaper}
04-19 20:05:41.106  1850  2074 I WindowManager: wms.showSurfaceRobustly mWin:Window{132a7df u0 com.miui.miwallpaper.wallpaperservice.MiuiKeyguardPictorialWallpaper}
04-19 20:05:41.108  1092  1092 D MI-SF   : [FpsStat] distroy...
04-19 20:05:41.110  1850  2074 I SmartPower.org.libsdl.app/10577(4021): visible->invisible(635ms) R(become invisible) adj=200.
04-19 20:05:41.110  1850  2074 I SmartPower.org.libsdl.app/10577(4021): invisible->background(1ms) R(become background) adj=200.
04-19 20:05:41.113  1850  1850 W JobScheduler: Job didn't exist in JobStore: 
04-19 20:05:41.114  1850  2718 D PerfStubImpl: perfLockReleaseHandler: 838153
04-19 20:05:41.114  1850  2718 D SchedBoost: stopBoostInternal
04-19 20:05:41.115  1850  2718 D PerfStubImpl: perfLockAcquire
04-19 20:05:41.115  1850  2718 D SchedBoost: startBoostInternal 500
04-19 20:05:41.116  1850  2074 I WindowManager: wms.showSurfaceRobustly mWin:Window{48fad13 u0 com.miui.home/com.miui.home.launcher.Launcher}
04-19 20:05:41.116   987  1168 E ANDR-PERF-OPTSHANDLER: Cannot open/create foreground cgroup file
04-19 20:05:41.118  6485 31716 E LauncherAnimationRunner: onAnimationStart
04-19 20:05:41.118  6485 31716 E LauncherAnimationRunner: onAnimationStart:   mode=1   taskId=3498   isTranslucent=false   activityType=1
04-19 20:05:41.118  6485 31716 E LauncherAnimationRunner: onAnimationStart:   mode=0   taskId=2   isTranslucent=false   activityType=2
04-19 20:05:41.118  6485  6485 D BoostRtHelper: boostGesture main
04-19 20:05:41.118  6485  6485 E QuickstepAppTransitionManagerImpl: startClosingWindowAnimators
04-19 20:05:41.118  6485  6485 D RecentsModel: getSmartRecentsTaskLoadPlan runningTaskId -1
04-19 20:05:41.119  6485  6485 D RecentsModel: getSmartRecentsTaskLoadPlan cost 1
04-19 20:05:41.119  6485  6485 D RecentsModel: getSmartRecentsTaskLoadPlan runningTaskId -1
04-19 20:05:41.119  6485  6485 D RecentsModel: getSmartRecentsTaskLoadPlan cost 0
04-19 20:05:41.119  6485  6485 D QuickstepAppTransitionManagerImpl: getClosingShortcutIcon:CloseShortcutIconUtils.getCloseShortcutIcon  cn=ComponentInfo{org.libsdl.app/org.libsdl.app.SDLActivity}   userId=0
04-19 20:05:41.119  6485  6485 D LauncherFsGestureCompat: componentName is org.libsdl.app/org.libsdl.app.SDLActivity
04-19 20:05:41.119  6485  6485 E ClipAnimationHelper: updateSourceStack  mSourceInsets=Rect(0, 90 - 0, 0), mSourceStackBounds=Rect(0, 0 - 1080, 2400)
04-19 20:05:41.120  6485  6485 E ClipAnimationHelper: updateHomeStack  mSourceInsets=Rect(0, 90 - 0, 0), mHomeStackBounds=Rect(0, 0 - 1080, 2400)
04-19 20:05:41.120  6485  6485 E ClipAnimationHelper: updateTargetRect  mSourceRect=RectF(0.0, 90.0, 1080.0, 2490.0)   mTargetRect=RectF(0.0, 0.0, 1080.0, 2400.0)   mSourceWindowClipInsets=RectF(0.0, 90.0, 0.0, 0.0)   mHomeStackBounds=Rect(0, 0 - 1080, 2400)   targetRect=Rect(0, 0 - 1080, 2400)
04-19 20:05:41.120  1850  2074 D WindowManager: wms.Update InputWindowHandle: 48fad13 com.miui.home/com.miui.home.launcher.Launcher, frame=[0,0,0,0], touchableRegion=SkRegion((0,0,1080,2400)), scaleFactor=1.0, transform=null, windowToken=android.os.BinderProxy@9c26002, isClone=false, visibal=true, focusable=true, changed=true
04-19 20:05:41.120  6485  6485 I QuickstepAppTransitionManagerImpl: radiusScale = 6.75 , startRadius = 102.0 , endRadius = 276.75
04-19 20:05:41.120  6485  6485 I QuickstepAppTransitionManagerImpl: startClosingWindowAnimators:startRect=RectF(0.0, 0.0, 1080.0, 2400.0), targetRect=Rect(663, 1113 - 823, 1273), currentRotation=0, homeRotation=0, isUseSimpleAnim=true
04-19 20:05:41.120  6485  6485 D QuickstepAppTransitionManagerImpl: startClosingWindowAnimators, springAnim start, hide icon=com.miui.home.launcher.ShortcutIcon{45b43c5 VFE...CL. ........ 642,1016-845,1329}(Game)
04-19 20:05:41.120  6485  6485 E QuickstepAppTransitionManagerImpl: startLauncherContentAnimator:isAppOpening=false
04-19 20:05:41.120  6485  7395 W FloatingIconLayer: getFloatingIconLayer
04-19 20:05:41.121  1850  2758 D MiuiFreeFormGestureController: handleFreeFormReceiver intent=Intent { act=com.miui.fullscreen_state_change flg=0x10 (has extras) }
04-19 20:05:41.121  1092  1268 D MI-SF   : [FpsStat] construct...
04-19 20:05:41.121  1850  1850 D CameraBlackCoveredManager: handleHomeGestureReceiver receive broadcast action is com.miui.fullscreen_state_change
04-19 20:05:41.122  6485  6649 E StateBroadcastUtils: sendFsStateBroadCast state=closeWindow   channel=navigation_bar   packageName=
04-19 20:05:41.122  1092  1268 D MI-SF   : [FpsStat] construct...
04-19 20:05:41.123  6485  7395 W FloatingIconLayer: drawIcon
04-19 20:05:41.124  6485  6705 E perf_hint: Session creation failed, mPreferredRateNanos: -1
04-19 20:05:41.132 19955 19955 I MiuiWallpaper-MiuiKeyguardPictorialWallpaper: onVisibilityChanged, visible = true
04-19 20:05:41.132 19955 19978 W OpenGLRenderer: Surface doesn't have any previously queued frames, nothing to readback from
04-19 20:05:41.132 19955 19978 W OpenGLRenderer: Surface doesn't have any previously queued frames, nothing to readback from
04-19 20:05:41.136  6485 31716 D RecentsModel: onTaskStackChangedBackground
04-19 20:05:41.136  6485  7132 D RecentsModel: onTaskStackChangedBackground    MSG_TASK_STACK_CHANGE
04-19 20:05:41.136  6485  7132 D RecentsModel: preloadRecents
04-19 20:05:41.136  6485  7132 W RecentsModel: getRunningTask
04-19 20:05:41.137  6485 31716 D RecentsModel: onTaskStackChangedBackground
04-19 20:05:41.137  6485 31716 D EventBus: No subscribers registered for event class com.miui.home.recents.messages.RecentTasksChangedEvent
04-19 20:05:41.137  6485 31716 D EventBus: No subscribers registered for event class org.greenrobot.eventbus.NoSubscriberEvent
04-19 20:05:41.138  5157  5180 I SCTaskStackListener: onTaskStackChanged! inSplit = false
04-19 20:05:41.139 19955 19955 I MiuiWallpaper-ImageWallpaper: onVisibilityChanged, visible = true
04-19 20:05:41.140  5157 13580 I SCTaskStackListener: onTaskStackChanged! inSplit = false
04-19 20:05:41.140 19955 19978 W OpenGLRenderer: Surface doesn't have any previously queued frames, nothing to readback from
04-19 20:05:41.142 19955 19978 W OpenGLRenderer: Surface doesn't have any previously queued frames, nothing to readback from
04-19 20:05:41.142 19955 19978 W OpenGLRenderer: Surface doesn't have any previously queued frames, nothing to readback from
04-19 20:05:41.143  6485  7132 W RecentsModel: getRunningTask   taskInfo=TaskInfo{userId=0 taskId=2 displayId=0 isRunning=true baseIntent=Intent { act=android.intent.action.MAIN cat=[android.intent.category.HOME] flg=0x10000100 cmp=com.miui.home/.launcher.Launcher } baseActivity=ComponentInfo{com.miui.home/com.miui.home.launcher.Launcher} topActivity=ComponentInfo{com.miui.home/com.miui.home.launcher.Launcher} origActivity=null realActivity=ComponentInfo{com.miui.home/com.miui.home.launcher.Launcher} numActivities=1 lastActiveTime=9027406983 supportsSplitScreenMultiWindow=true supportsMultiWindow=true resizeMode=2 isResizeable=true minWidth=-1 minHeight=-1 defaultMinSize=200 token=WCT{android.window.IWindowContainerToken$Stub$Proxy@673d947} topActivityType=2 pictureInPictureParams=null shouldDockBigOverlays=false launchIntoPipHostTaskId=0 displayCutoutSafeInsets=null topActivityInfo=ActivityInfo{f715574 com.miui.home.launcher.Launcher} launchCookies=[] positionInParent=Point(0, 0) parentTaskId=-1 isFocused=true isVisible=true isSleeping=false topActivityInSizeCompat=false topActivityInMiuiSizeCompat=false topActivityEligibleForLetterboxEducation= false locusId=null displayAreaFeatureId=1 cameraCompatControlState=hidden mIsCastMode=false}
04-19 20:05:41.143  6485  7132 W RecentsModel: getTaskInfoIgnoreHomeAndFreeform   taskInfo=ComponentInfo{com.miui.home/com.miui.home.launcher.Launcher}
04-19 20:05:41.143 19955 19978 W OpenGLRenderer: Surface doesn't have any previously queued frames, nothing to readback from
04-19 20:05:41.145  6485  7132 E ActivityManagerWrapper: get all recent tasks force including 2
04-19 20:05:41.148 19955 19978 W OpenGLRenderer: Surface doesn't have any previously queued frames, nothing to readback from
04-19 20:05:41.148  6485  7132 E ActivityManagerWrapper: getRecentTasks: size=4
04-19 20:05:41.148  6485  7132 E ActivityManagerWrapper: getRecentTasks: mainTaskId=3498   userId=0   baseIntent=Intent { act=android.intent.action.MAIN flag=270532608 cmp=ComponentInfo{org.libsdl.app/org.libsdl.app.SDLActivity} }
04-19 20:05:41.148  6485  7132 E ActivityManagerWrapper: getRecentTasks: mainTaskId=3470   userId=0   baseIntent=Intent { act=android.service.quicksettings.action.QS_TILE_PREFERENCES flag=335544320 cmp=ComponentInfo{com.android.settings/com.android.settings.Settings$DevelopmentSettingsDashboardActivity} }
04-19 20:05:41.148  6485  7132 E ActivityManagerWrapper: getRecentTasks: mainTaskId=3467   userId=0   baseIntent=Intent { act=android.intent.action.MAIN flag=270532608 cmp=ComponentInfo{com.termux/com.termux.app.TermuxActivity} }
04-19 20:05:41.148  6485  7132 E ActivityManagerWrapper: getRecentTasks: mainTaskId=3465   userId=0   baseIntent=Intent { act=android.intent.action.MAIN flag=270532608 cmp=ComponentInfo{com.mi.android.globalFileexplorer/com.android.fileexplorer.FileExplorerTabActivity} }
04-19 20:05:41.153  6485  7132 D RecentsModel: onTaskStackChangedBackground    MSG_TASK_STACK_CHANGE
04-19 20:05:41.153  6485  7132 D RecentsModel: preloadRecents
04-19 20:05:41.153  6485  7132 W RecentsModel: getRunningTask
04-19 20:05:41.154  6485  7132 W RecentsModel: getRunningTask   taskInfo=TaskInfo{userId=0 taskId=2 displayId=0 isRunning=true baseIntent=Intent { act=android.intent.action.MAIN cat=[android.intent.category.HOME] flg=0x10000100 cmp=com.miui.home/.launcher.Launcher } baseActivity=ComponentInfo{com.miui.home/com.miui.home.launcher.Launcher} topActivity=ComponentInfo{com.miui.home/com.miui.home.launcher.Launcher} origActivity=null realActivity=ComponentInfo{com.miui.home/com.miui.home.launcher.Launcher} numActivities=1 lastActiveTime=9027406997 supportsSplitScreenMultiWindow=true supportsMultiWindow=true resizeMode=2 isResizeable=true minWidth=-1 minHeight=-1 defaultMinSize=200 token=WCT{android.window.IWindowContainerToken$Stub$Proxy@f0854e0} topActivityType=2 pictureInPictureParams=null shouldDockBigOverlays=false launchIntoPipHostTaskId=0 displayCutoutSafeInsets=null topActivityInfo=ActivityInfo{5a89399 com.miui.home.launcher.Launcher} launchCookies=[] positionInParent=Point(0, 0) parentTaskId=-1 isFocused=true isVisible=true isSleeping=false topActivityInSizeCompat=false topActivityInMiuiSizeCompat=false topActivityEligibleForLetterboxEducation= false locusId=null displayAreaFeatureId=1 cameraCompatControlState=hidden mIsCastMode=false}
04-19 20:05:41.154  6485  7132 W RecentsModel: getTaskInfoIgnoreHomeAndFreeform   taskInfo=ComponentInfo{com.miui.home/com.miui.home.launcher.Launcher}
04-19 20:05:41.155  6485  6485 D Launcher_WallpaperUtils: changeStatusBarMode:false
04-19 20:05:41.155  6485  6648 D StatusBarController: handleMessage: flag 800000  disable false
04-19 20:05:41.156  6485  7132 E ActivityManagerWrapper: get all recent tasks force including 2
04-19 20:05:41.159  6485  7132 E ActivityManagerWrapper: getRecentTasks: size=4
04-19 20:05:41.159  6485  7132 E ActivityManagerWrapper: getRecentTasks: mainTaskId=3498   userId=0   baseIntent=Intent { act=android.intent.action.MAIN flag=270532608 cmp=ComponentInfo{org.libsdl.app/org.libsdl.app.SDLActivity} }
04-19 20:05:41.159  6485  7132 E ActivityManagerWrapper: getRecentTasks: mainTaskId=3470   userId=0   baseIntent=Intent { act=android.service.quicksettings.action.QS_TILE_PREFERENCES flag=335544320 cmp=ComponentInfo{com.android.settings/com.android.settings.Settings$DevelopmentSettingsDashboardActivity} }
04-19 20:05:41.159  6485  7132 E ActivityManagerWrapper: getRecentTasks: mainTaskId=3467   userId=0   baseIntent=Intent { act=android.intent.action.MAIN flag=270532608 cmp=ComponentInfo{com.termux/com.termux.app.TermuxActivity} }
04-19 20:05:41.159 19955 19978 W OpenGLRenderer: Surface doesn't have any previously queued frames, nothing to readback from
04-19 20:05:41.159  6485  6485 D Launcher.Lifecycle: onWindowFocusChanged:true,UserHandle{0},c34eae8,false
04-19 20:05:41.160  6485  6485 D Launcher_UnlockAnimationStateMachine: onWindowFocus:IDLE
04-19 20:05:41.160  6485  6485 D Launcher_UnlockAnimationStateMachine: showAnimation = IDLE
04-19 20:05:41.160  6485  6485 D DecorView[Launcher]: onWindowFocusChanged hasWindowFocus true
04-19 20:05:41.160 19955 19978 W OpenGLRenderer: Surface doesn't have any previously queued frames, nothing to readback from
04-19 20:05:41.161  6485  6485 I HandWritingStubImpl: refreshLastKeyboardType: 1
04-19 20:05:41.161  6485  6485 I HandWritingStubImpl: getCurrentKeyboardType: 1
04-19 20:05:41.161  1850  1894 W InputMethodManagerService: Clear show forced flag.
04-19 20:05:41.161  6485  7132 E ActivityManagerWrapper: getRecentTasks: mainTaskId=3465   userId=0   baseIntent=Intent { act=android.intent.action.MAIN flag=270532608 cmp=ComponentInfo{com.mi.android.globalFileexplorer/com.android.fileexplorer.FileExplorerTabActivity} }
04-19 20:05:41.163 12676 12676 D NotifBadge: recevie broadbcast ACTION_APPLICATION_MESSAGE_QUERY, requestFirstTime=false
04-19 20:05:41.164  2543  2564 I earchbox:search: CollectorTransition concurrent copying GC freed 5191KB AllocSpace bytes, 12(432KB) LOS objects, 50% free, 19MB/39MB, paused 1.386ms,34us total 208.421ms
04-19 20:05:41.176 19955 19978 W OpenGLRenderer: Surface doesn't have any previously queued frames, nothing to readback from
04-19 20:05:41.177 19955 19978 W OpenGLRenderer: Surface doesn't have any previously queued frames, nothing to readback from
04-19 20:05:41.192 19955 19978 W OpenGLRenderer: Surface doesn't have any previously queued frames, nothing to readback from
04-19 20:05:41.192 19955 19978 W OpenGLRenderer: Surface doesn't have any previously queued frames, nothing to readback from
04-19 20:05:41.209 19955 19978 W OpenGLRenderer: Surface doesn't have any previously queued frames, nothing to readback from
04-19 20:05:41.209 19955 19978 W OpenGLRenderer: Surface doesn't have any previously queued frames, nothing to readback from
04-19 20:05:41.226 19955 19978 W OpenGLRenderer: Surface doesn't have any previously queued frames, nothing to readback from
04-19 20:05:41.226 19955 19978 W OpenGLRenderer: Surface doesn't have any previously queued frames, nothing to readback from
04-19 20:05:41.242 19955 19978 W OpenGLRenderer: Surface doesn't have any previously queued frames, nothing to readback from
04-19 20:05:41.243 19955 19978 W OpenGLRenderer: Surface doesn't have any previously queued frames, nothing to readback from
04-19 20:05:41.259 19955 19978 W OpenGLRenderer: Surface doesn't have any previously queued frames, nothing to readback from
04-19 20:05:41.259 19955 19978 W OpenGLRenderer: Surface doesn't have any previously queued frames, nothing to readback from
04-19 20:05:41.276 19955 19978 W OpenGLRenderer: Surface doesn't have any previously queued frames, nothing to readback from
04-19 20:05:41.276 19955 19978 W OpenGLRenderer: Surface doesn't have any previously queued frames, nothing to readback from
04-19 20:05:41.292 19955 19978 W OpenGLRenderer: Surface doesn't have any previously queued frames, nothing to readback from
04-19 20:05:41.293 19955 19978 W OpenGLRenderer: Surface doesn't have any previously queued frames, nothing to readback from
04-19 20:05:41.309 19955 19978 W OpenGLRenderer: Surface doesn't have any previously queued frames, nothing to readback from
04-19 20:05:41.309 19955 19978 W OpenGLRenderer: Surface doesn't have any previously queued frames, nothing to readback from
04-19 20:05:41.326 19955 19978 W OpenGLRenderer: Surface doesn't have any previously queued frames, nothing to readback from
04-19 20:05:41.326 19955 19978 W OpenGLRenderer: Surface doesn't have any previously queued frames, nothing to readback from
04-19 20:05:41.343 19955 19978 W OpenGLRenderer: Surface doesn't have any previously queued frames, nothing to readback from
04-19 20:05:41.343 19955 19978 W OpenGLRenderer: Surface doesn't have any previously queued frames, nothing to readback from
04-19 20:05:41.349 27223  4016 W adbd    : timed out while waiting for FUNCTIONFS_BIND, trying again
04-19 20:05:41.349 27223  4016 I adbd    : UsbFfs: connection terminated: monitor thread finished
04-19 20:05:41.360 19955 19978 W OpenGLRenderer: Surface doesn't have any previously queued frames, nothing to readback from
04-19 20:05:41.360 19955 19978 W OpenGLRenderer: Surface doesn't have any previously queued frames, nothing to readback from
04-19 20:05:41.376 19955 19978 W OpenGLRenderer: Surface doesn't have any previously queued frames, nothing to readback from
04-19 20:05:41.376 19955 19978 W OpenGLRenderer: Surface doesn't have any previously queued frames, nothing to readback from
04-19 20:05:41.393 19955 19978 W OpenGLRenderer: Surface doesn't have any previously queued frames, nothing to readback from
04-19 20:05:41.393 19955 19978 W OpenGLRenderer: Surface doesn't have any previously queued frames, nothing to readback from
04-19 20:05:41.398  6485  6696 D GestureStubView_Touch: setKeepHidden    old=false   new=true
04-19 20:05:41.398  6485  6696 D GestureStubView_Touch: updateTouchable    old=false   new=true
04-19 20:05:41.398  6485  6696 D GestureStubView_Touch:   updateTouchable---requestApplyInsets
04-19 20:05:41.399  6485  6696 D GestureStubView_Touch: disableTouch    old=false   new=true
04-19 20:05:41.399  6485  6696 D GestureStubView_Touch: updateTouchable    old=true   new=true
04-19 20:05:41.399  6485  6696 D GestureStubView: hideGestureStub
04-19 20:05:41.399  6485  6696 D GestureStubView_Touch: setKeepHidden    old=false   new=true
04-19 20:05:41.399  6485  6696 D GestureStubView_Touch: updateTouchable    old=false   new=true
04-19 20:05:41.399  6485  6696 D GestureStubView_Touch:   updateTouchable---requestApplyInsets
04-19 20:05:41.399  6485  6696 D GestureStubView_Touch: disableTouch    old=false   new=true
04-19 20:05:41.399  6485  6696 D GestureStubView_Touch: updateTouchable    old=true   new=true
04-19 20:05:41.399  6485  6696 D GestureStubView: hideGestureStub
04-19 20:05:41.414 19955 19978 W OpenGLRenderer: Surface doesn't have any previously queued frames, nothing to readback from
04-19 20:05:41.414 19955 19978 W OpenGLRenderer: Surface doesn't have any previously queued frames, nothing to readback from
04-19 20:05:41.426 27223 27231 I adbd    : opening control endpoint /dev/usb-ffs/adb/ep0
04-19 20:05:41.428 19955 19978 W OpenGLRenderer: Surface doesn't have any previously queued frames, nothing to readback from
04-19 20:05:41.428 19955 19978 W OpenGLRenderer: Surface doesn't have any previously queued frames, nothing to readback from
04-19 20:05:41.437   987  3995 E ANDR-PERF-LM: VmRssMeter:: start() 447: Could not find pid, can not collect vmrss data
04-19 20:05:41.438   987  3996 E ANDR-PERF-LM: VmRssMeter:: start() 447: Could not find pid, can not collect vmrss data
04-19 20:05:41.438   987  3996 E ANDR-PERF-LM: AdaptiveLaunch: writeToDataBase() 64: Meter aborted or could not get meter data for this run
04-19 20:05:41.443 19955 19978 W OpenGLRenderer: Surface doesn't have any previously queued frames, nothing to readback from
04-19 20:05:41.444 19955 19978 W OpenGLRenderer: Surface doesn't have any previously queued frames, nothing to readback from
04-19 20:05:41.459  6485  6485 D QuickstepAppTransitionManagerImpl: resetShortcutIconAlpha, icon=com.miui.home.launcher.ShortcutIcon{45b43c5 VFE...CL. ........ 642,1016-845,1329}(Game), isNeedResetIcon=true, mIsOpenAnimRunning=false, isOpeningTheSameIcon=false
04-19 20:05:41.464 19955 19978 W OpenGLRenderer: Surface doesn't have any previously queued frames, nothing to readback from
04-19 20:05:41.464 19955 19978 W OpenGLRenderer: Surface doesn't have any previously queued frames, nothing to readback from
04-19 20:05:41.477 19955 19978 W OpenGLRenderer: Surface doesn't have any previously queued frames, nothing to readback from
04-19 20:05:41.477  1092  1092 W HwcComposer: command 0x4050000 generated error 4
04-19 20:05:41.477  1092  1092 W HwcComposer: command 0x4050000 generated error 4
04-19 20:05:41.477 19955 19978 W OpenGLRenderer: Surface doesn't have any previously queued frames, nothing to readback from
04-19 20:05:41.493 19955 19978 W OpenGLRenderer: Surface doesn't have any previously queued frames, nothing to readback from
04-19 20:05:41.493  1092  1092 W HwcComposer: command 0x4050000 generated error 4
04-19 20:05:41.493 19955 19978 W OpenGLRenderer: Surface doesn't have any previously queued frames, nothing to readback from
04-19 20:05:41.493  1092  1092 W HwcComposer: command 0x4050000 generated error 4
04-19 20:05:41.510 19955 19978 W OpenGLRenderer: Surface doesn't have any previously queued frames, nothing to readback from
04-19 20:05:41.510  1092  1092 W HwcComposer: command 0x4050000 generated error 4
04-19 20:05:41.510 19955 19978 W OpenGLRenderer: Surface doesn't have any previously queued frames, nothing to readback from
04-19 20:05:41.510  1092  1092 W HwcComposer: command 0x4050000 generated error 4
04-19 20:05:41.526 19955 19978 W OpenGLRenderer: Surface doesn't have any previously queued frames, nothing to readback from
04-19 20:05:41.527  1092  1092 W HwcComposer: command 0x4050000 generated error 4
04-19 20:05:41.527  1092  1092 W HwcComposer: command 0x4050000 generated error 4
04-19 20:05:41.527 19955 19978 W OpenGLRenderer: Surface doesn't have any previously queued frames, nothing to readback from
04-19 20:05:41.543 19955 19978 W OpenGLRenderer: Surface doesn't have any previously queued frames, nothing to readback from
04-19 20:05:41.543 19955 19978 W OpenGLRenderer: Surface doesn't have any previously queued frames, nothing to readback from
04-19 20:05:41.543  1092  1092 W HwcComposer: command 0x4050000 generated error 4
04-19 20:05:41.543  1092  1092 W HwcComposer: command 0x4050000 generated error 4
04-19 20:05:41.560  1092  1092 W HwcComposer: command 0x4050000 generated error 4
04-19 20:05:41.560  1092  1092 W HwcComposer: command 0x4050000 generated error 4
04-19 20:05:41.568  1850  2450 D MIUIInput: [MotionEvent] publisher action=0x0, 1831462282, channel '48fad13 com.miui.home/com.miui.home.launcher.Launcher (server)'
04-19 20:05:41.568  1850  2450 D MIUIInput: [MotionEvent] publisher action=0x0, 1831462282, channel '[Gesture Monitor] miui-gesture (server)'
04-19 20:05:41.568  6485  6485 D EventBus: No subscribers registered for event class com.miui.home.launcher.common.messages.EndSpringAnimatorMessage
04-19 20:05:41.568  6485  6485 D EventBus: No subscribers registered for event class org.greenrobot.eventbus.NoSubscriberEvent
04-19 20:05:41.569  6485  6485 D FeedSwipeController: touchState : 0 scrolling : false normalEditing : false WidgetThumbnailViewShowing : false UninstallDialogShowing : false isMinusScreenShowing: false
04-19 20:05:41.569  6485  6485 D FeedSwipeController: can not use
04-19 20:05:41.569  6485  6485 D Launcher.StatusBarController: try intercept touch, isProxySurvive=true
04-19 20:05:41.569  6485  6485 D Launcher.Workspace: Workspace touch down
04-19 20:05:41.569  6485  6485 D ScreenView_Workspace: onIntercept:0.0
04-19 20:05:41.569  6485  6485 D ScreenView_Workspace: not intercept
04-19 20:05:41.569  6485  6485 D Launcher.CellLayout: touch item:ShortcutInfo, id=373, itemType=0, user=UserHandle{0}, mIconType=0, pkgName=org.libsdl.app, className=org.libsdl.app.SDLActivity, screenId=5, container=-100, cellX=3, cellY=3, spanX=1, spanY=1
04-19 20:05:41.569  6485  6485 D Launcher.itemIcon: folmeDown
04-19 20:05:41.570  1092  1347 D RefreshRateConfigs: TouchBoost - choose Fps: 60.00 Hz
04-19 20:05:41.571  6485  7410 D Launcher.Boost: bindcore 200
04-19 20:05:41.577  1092  1092 W HwcComposer: command 0x4050000 generated error 4
04-19 20:05:41.577  1092  1092 W HwcComposer: command 0x4050000 generated error 4
04-19 20:05:41.593  6485  6485 D QuickstepAppTransitionManagerImpl: startClosingWindowAnimators, springAnim end, reset icon=com.miui.home.launcher.ShortcutIcon{45b43c5 VFE...CL. ...P.... 642,1016-845,1329}(Game)
04-19 20:05:41.593  6485  6485 D QuickstepAppTransitionManagerImpl: resetShortcutIconAlpha, icon=com.miui.home.launcher.ShortcutIcon{45b43c5 VFE...CL. ...P.... 642,1016-845,1329}(Game), isNeedResetIcon=true, mIsOpenAnimRunning=false, isOpeningTheSameIcon=false
04-19 20:05:41.593  6485  7395 W FloatingIconLayer: releaseSync
04-19 20:05:41.593  6485  6485 E LauncherAnimationRunner: finish: mFinishRunnable.run
04-19 20:05:41.594  1092  1092 W HwcComposer: command 0x4050000 generated error 4
04-19 20:05:41.594  1092  1092 W HwcComposer: command 0x4050000 generated error 4
04-19 20:05:41.598  1850  2074 D LocalDisplayAdapter: Unable to set ALLM because the connected display does not support ALLM.
04-19 20:05:41.603  1850  2071 D Aurogon :  uid = 10577 switch to BG
04-19 20:05:41.604  6180  6664 D PMonitor:  onForegroundActivitiesChanged:pid = 4021,activity-uid=10577,foregroundActivities=false
04-19 20:05:41.604  1850  2074 D WindowManager: wms.Update InputWindowHandle: 48fad13 com.miui.home/com.miui.home.launcher.Launcher, frame=[0,0,0,0], touchableRegion=SkRegion((0,0,1080,2400)), scaleFactor=1.0, transform=null, windowToken=android.os.BinderProxy@9c26002, isClone=false, visibal=true, focusable=true, changed=true
04-19 20:05:41.609  6485  6485 E RotationHelper: setCurrentTransitionRequest: request=0
04-19 20:05:41.610  4021  4021 V SDL     : surfaceDestroyed()
04-19 20:05:41.612   952   952 I sensors-hal: activate:209, android.sensor.accelerometer/11 en=0
04-19 20:05:41.613   952   952 I sensors-hal: activate:220, android.sensor.accelerometer/11 en=0 completed
