04-19 20:04:48.672  1850  2140 I SmartPower.com.android.vending/10204(25146): idle->background(140050ms) R(broadcast start Intent { act=android.intent.action.PACKAGE_REMOVED dat=package: flg=0x4000010 (has extras) }) adj=905.
04-19 20:04:48.673 25146 25146 I Finsky  : [2] aiyb - Received: android.intent.action.PACKAGE_REMOVED, [t2meFQM5nD0zNbTNV2LVWZjODYlQ_vaG7uH6usxTELc]
04-19 20:04:48.674  1850  2140 W BroadcastQueue: Background execution not allowed: receiving Intent { act=android.intent.action.PACKAGE_REMOVED dat=package: flg=0x4000010 (has extras) } to com.lbe.security.miui/com.lbe.security.service.BootReceiver
04-19 20:04:48.674 29738 29738 I Finsky:background: [2] aixr - Received: android.intent.action.PACKAGE_REMOVED, [t2meFQM5nD0zNbTNV2LVWZjODYlQ_vaG7uH6usxTELc]
04-19 20:04:48.677 15792 15792 V ContactsTaskScheduler: [ContactsPackageMonitor] Thread[Worker-8,5,main] started.
04-19 20:04:48.678 15792  3843 V ContactsTaskScheduler: [ContactsPackageMonitor] Thread[Worker-8,5,main] dispatching 0
04-19 20:04:48.680  1850 12748 D CompatibilityInfo: mCompatibilityFlags - 0
04-19 20:04:48.680  1850 12748 D CompatibilityInfo: applicationDensity - 440
04-19 20:04:48.680  1850 12748 D CompatibilityInfo: applicationScale - 1.0
04-19 20:04:48.682  1850  5620 D CompatibilityInfo: mCompatibilityFlags - 0
04-19 20:04:48.682  1850  5620 D CompatibilityInfo: applicationDensity - 440
04-19 20:04:48.682  1850  5620 D CompatibilityInfo: applicationScale - 1.0
04-19 20:04:48.686 15792  3843 D ContactDirectoryManager: onPackageChanged,updateDirectoriesForPackage, packageName:org.libsdl.app
04-19 20:04:48.690  1850  2348 D CompatibilityChangeReporter: Compat change id reported: 168419799; UID 10577; state: DISABLED
04-19 20:04:48.690  1850  2348 D CompatibilityInfo: mCompatibilityFlags - 0
04-19 20:04:48.690  1850  2348 D CompatibilityInfo: applicationDensity - 440
04-19 20:04:48.691  1850  2348 D CompatibilityInfo: applicationScale - 1.0
04-19 20:04:48.694  1850  2348 D CompatibilityInfo: mCompatibilityFlags - 0
04-19 20:04:48.694  1850  2348 D CompatibilityInfo: applicationDensity - 440
04-19 20:04:48.694  1850  2348 D CompatibilityInfo: applicationScale - 1.0
04-19 20:04:48.696 25146 25146 I Finsky  : [2] AIM: AppInfoCacheUpdater -> invalidating apps: [org.libsdl.app]
04-19 20:04:48.696 25146 25146 I Finsky  : [2] AIM: AppInfoManager-Perf > getApps > called for 1 apps
04-19 20:04:48.699 25146 25176 I Finsky  : [15013] AIM: AppInfoManager-Perf > OnDeviceAppInfo > cacheHitCount=0, cacheMissCount=1. Missed  in cache (limit 10) : [org.libsdl.app]
04-19 20:04:48.700  1850  1850 D CompatibilityInfo: mCompatibilityFlags - 0
04-19 20:04:48.700  1850  1850 D CompatibilityInfo: applicationDensity - 440
04-19 20:04:48.700  1850  1850 D CompatibilityInfo: applicationScale - 1.0
04-19 20:04:48.700 25146 25176 I Finsky  : [15013] AIM: Got app ownership map. App counts: . Unique apps: 0
04-19 20:04:48.700 25146 25176 E Finsky  : [15013] [Counters] attempted to use a non-positive increment for: 4752
04-19 20:04:48.703  1850  1850 I NetworkDetectInjector: ACTION_PACKAGE_REMOVED uid = 10577
04-19 20:04:48.703  1850  2073 W ActivityManager: setHasOverlayUi called on unknown pid: 3425
04-19 20:04:48.704  6485  6498 W System  : A resource failed to call release. 
04-19 20:04:48.704  6485  6498 W System  : A resource failed to call release. 
04-19 20:04:48.705  6485  6498 W System  : A resource failed to call release. 
04-19 20:04:48.705  6485  6498 W System  : A resource failed to call release. 
04-19 20:04:48.706  6485  6498 W System  : A resource failed to call release. 
04-19 20:04:48.706 25146 25174 E Finsky  : [15011] [Counters] attempted to use a non-positive increment for: 4753
04-19 20:04:48.707  1850  2135 I MiuiCompatModePackages: package org.libsdl.app updated, removing config
04-19 20:04:48.707  6485  6498 W System  : A resource failed to call release. 
04-19 20:04:48.707  6485  6498 W System  : A resource failed to call release. 
04-19 20:04:48.708  6485  6498 W System  : A resource failed to call release. 
04-19 20:04:48.708  6485  6498 W System  : A resource failed to call release. 
04-19 20:04:48.708  6485  6498 W System  : A resource failed to call release. 
04-19 20:04:48.708  6485  6498 W System  : A resource failed to call release. 
04-19 20:04:48.708  1850  2451 I InputReader: Reconfiguring input devices, changes=KEYBOARD_LAYOUTS | 
04-19 20:04:48.708  6485  6498 W System  : A resource failed to call release. 
04-19 20:04:48.709  6485  6498 W System  : A resource failed to call release. 
04-19 20:04:48.709  6485  6498 W System  : A resource failed to call release. 
04-19 20:04:48.709  1850  1850 E SLM-SRV-SLAAppLib: initBroadcastReceiverorg.libsdl.app
04-19 20:04:48.709  1850  1850 I SLM-SRV-SLAAppLib: ACTION_PACKAGE_REMOVED uid = 10577org.libsdl.app
04-19 20:04:48.709  1850  1850 I SLM-SRV-SLAAppLib: clearSLAApp uid = 10577
04-19 20:04:48.709  1850  1850 D SLM-SRV-SLAAppLib: sendMsgSetSLAAppList
04-19 20:04:48.709  1850  1850 I SLM-SRV-SLSAppLib: setSLSGameUidList:null
04-19 20:04:48.709  1850  1850 I SLM-SRV-SLSAppLib: setSLSVoIPUid:0
04-19 20:04:48.709  1850  1850 I NetworkAccelerateSwitchService: setNetworkAccelerateSwitchUidList:null
04-19 20:04:48.709  1850  1850 I NetworkAccelerateSwitchService: setNetworkAccelerateSwitchVoIPUid:0
04-19 20:04:48.710  1850  1850 I SLM-SRV-SLAAppLib: mDoubleWifiUidList = null
04-19 20:04:48.710  1850  1850 I SLM-SRV-SLAAppLib: mDoubleDataUidList = null
04-19 20:04:48.710  1850  3046 I SLM-SRV-SLAAppLib: setUidWhiteListToSlad
04-19 20:04:48.710  6485  6498 W System  : A resource failed to call release. 
04-19 20:04:48.710  1850  3046 D SLM-SRV-SLAAppLib: mSlaService is null
04-19 20:04:48.710  1850  3046 I SLM-SRV-SLSAppLib: setSLAAppWhiteList:null
04-19 20:04:48.710  1850  2741 I SdkSandboxManager: No SDKs used. Skipping SDK data reconcilation for CallingInfo{mUid=10577, mPackageName='org.libsdl.app, mAppProcessToken='null'}
04-19 20:04:48.710  6485  6498 W System  : A resource failed to call release. 
04-19 20:04:48.710  1850  1850 I Telecom : CarModeTracker: Package org.libsdl.app is not tracked.: SSH.oR@z6Y
04-19 20:04:48.710  1850  1850 I Telecom : InCallController: updateCarModeForConnections: car mode apps: : SSH.oR@z6Y
04-19 20:04:48.712  1850  2482 I MiuiNetworkPolicy: ACTION_PACKAGE_ADDED uid = 10577
04-19 20:04:48.712  1850  2482 D MiuiNetworkPolicyAppBuckets: updateAppPN packageName=org.libsdl.app,uid=10577,installed=true
04-19 20:04:48.713  2973  2973 I ##XLogger##: #&^cMLXAdgsS5QyR6uR5gUSqpEN+n7A02QoyR4FXYCtEXEuRdQPYxcCs5vP8a2Uv+MO6JfQEiXGCIzS5Zz5MVf1nCKgzB3kzWjixxeerGzdwOeXRfH1HvR9lJAaUOvfmF01WItPAO9pKlC9LMZxwXN2FBqzglfXxpeLl4QAdDipV0o=!!No0Dm/KO/b9XN7+nIWy1K0+jLrC1S543T/vTx6TK1CpUIDknRfvr7rnHUr5w/MyCFuZjkhewmYaTOLNRn9ckFiBWNSCvF359wDbeZ6Z5Lbv8b9bPM2k8WGZeGZVe1V2UOSfTTCAvHB/CpYeD9B0HylIo1etWIv6c5vIhIsRvssI4bhwz09ygnLz1M7e/8P4YogTgvRtVbtxvtl/vgbo6N0fZ+wgAq14cHGi3sTORKJ5kjFRbDEBrfbkFBpf0ek1nWgIRzbFalR45qWJ/hT4y11nferpBeOkFbdY9coB8AqSo8i21JioratgXvkUkJM47NA+neN8JUneLrSOBdU6JcR4tWMTPz9FTWPjuKD9NCKaYUkjokyyds0VqIt99EhIu54nEBUQItjhyrXnwUw2NGO4wHrIKlCi2S+xulsMMhA42vIRiKev4dzm/v+rkwzd5vLAYfuCFa5RNTFlLepIAfoeCl/shCQDgT5mfNHZKW0hX4BszsKuCMMOoJ+LE9cCv7M0ReARm66zwit4kw29DcA==^&#
04-19 20:04:48.714  2999  2999 D CarrierSvcBindHelper: onPackageUpdateFinished: org.libsdl.app
04-19 20:04:48.715  5157  5157 D AppInstalledReceiver: receive broadcast
04-19 20:04:48.715  5157  6177 D AppInstalledReceiver: packageName: org.libsdl.app
04-19 20:04:48.715  5157  5157 I TrafficManageService: mina mPackageReceiver 0
04-19 20:04:48.715  5157  7904 I FireWallService: mina mPackageReceiver onReceive
04-19 20:04:48.716  5157  7904 W FireWallService: is Pre-installed application
04-19 20:04:48.717  2999  2999 D CarrierSvcBindHelper: No carrier app for: 0
04-19 20:04:48.717  2999  2999 D CarrierSvcBindHelper: No carrier app for: 1
04-19 20:04:48.717  2999  2999 D CarrierSvcBindHelper: onPackageModified: org.libsdl.app
04-19 20:04:48.717  2999  2999 D CarrierSvcBindHelper: No carrier app for: 0
04-19 20:04:48.717  2999  2999 D CarrierSvcBindHelper: No carrier app for: 1
04-19 20:04:48.718  1850  2451 I InputReader: Reconfiguring input devices, changes=KEYBOARD_LAYOUTS | 
04-19 20:04:48.719 29738  3847 I Finsky:background: [15067] Wrote row to frosting DB: 87562
04-19 20:04:48.720  6485  6649 E InstallApkReceiver: install:package:org.libsdl.app
04-19 20:04:48.721  5157  6177 I NewGlobalInstallCheckTask: queueExecution: add task to queue last
04-19 20:04:48.721  5157  6177 I NewGlobalInstallCheckTask: checkStart: start the queue first task
04-19 20:04:48.722  5157  6177 I NewGlobalInstallCheckTask: start
04-19 20:04:48.722  5157  6177 W ContextImpl: Calling a method in the system process without a qualified user: android.app.ContextImpl.bindService:1960 android.content.ContextWrapper.bindService:863 a3.e.m:57 a3.d.f:25 a3.d.a:0 
04-19 20:04:48.723 25146  3851 I Finsky  : [15170] SCH: Received scheduling request: Id: 12-1, Constraints: [{ L: 15000, D: 86400000, C: CHARGING_NONE, I: IDLE_NONE, N: NET_ANY, B: BATTERY_ANY }]
04-19 20:04:48.723  2999  2999 D ImsResolver: maybeAddedImsService, packageName: org.libsdl.app
04-19 20:04:48.725  1850 12748 D IntervalStats: Unable to parse usage stats packages: [569, 625, 751, 812, 815, 817, 839, 841, 844, 848, 850, 853, 855, 859, 883, 889, 897, 898, 899, 900, 901, 902, 903, 904, 905, 906, 907, 908, 909, 910, 911, 913, 914, 920, 921, 927]
04-19 20:04:48.726 25146 25174 I Finsky  : [15011] AIM: AppInfoManager-Perf > OnDeviceAppInfo > cacheHitCount=1, cacheMissCount=0. Missed  in cache (limit 10) : []
04-19 20:04:48.727 25146 25174 I Finsky  : [15011] AIM: Got app ownership map. App counts: . Unique apps: 0
04-19 20:04:48.727 25146 25174 E Finsky  : [15011] [Counters] attempted to use a non-positive increment for: 4752
04-19 20:04:48.727 25146 25174 E Finsky  : [15011] [Counters] attempted to use a non-positive increment for: 4753
04-19 20:04:48.728 15792  3843 V ContactsTaskScheduler: [ContactsPackageMonitor] Thread[Worker-8,5,main] dispatching end 0
04-19 20:04:48.736   987  1169 E ANDR-PERF-LM: FeatureState: deleteRow() 208: Entry not found in db
04-19 20:04:48.741  4636 12387 W SQLiteLog: (28) double-quoted string literal: "org.libsdl.app"
04-19 20:04:48.741  4556  4556 W RegisteredComponentCache: Unable to load component info ResolveInfo{5f95867 com.termux.api/.NfcActivity m=0x108000}
04-19 20:04:48.741  4556  4556 W RegisteredComponentCache: org.xmlpull.v1.XmlPullParserException: No android.nfc.action.TECH_DISCOVERED meta-data
04-19 20:04:48.741  4556  4556 W RegisteredComponentCache: 	at com.android.nfc.RegisteredComponentCache.parseComponentInfo(RegisteredComponentCache.java:188)
04-19 20:04:48.741  4556  4556 W RegisteredComponentCache: 	at com.android.nfc.RegisteredComponentCache.generateComponentsList(RegisteredComponentCache.java:163)
04-19 20:04:48.741  4556  4556 W RegisteredComponentCache: 	at com.android.nfc.RegisteredComponentCache$1.onReceive(RegisteredComponentCache.java:68)
04-19 20:04:48.741  4556  4556 W RegisteredComponentCache: 	at android.app.LoadedApk$ReceiverDispatcher$Args.lambda$getRunnable$0$android-app-LoadedApk$ReceiverDispatcher$Args(LoadedApk.java:1819)
04-19 20:04:48.741  4556  4556 W RegisteredComponentCache: 	at android.app.LoadedApk$ReceiverDispatcher$Args$$ExternalSyntheticLambda0.run(Unknown Source:2)
04-19 20:04:48.741  4556  4556 W RegisteredComponentCache: 	at android.os.Handler.handleCallback(Handler.java:942)
04-19 20:04:48.741  4556  4556 W RegisteredComponentCache: 	at android.os.Handler.dispatchMessage(Handler.java:99)
04-19 20:04:48.741  4556  4556 W RegisteredComponentCache: 	at android.os.Looper.loopOnce(Looper.java:211)
04-19 20:04:48.741  4556  4556 W RegisteredComponentCache: 	at android.os.Looper.loop(Looper.java:300)
04-19 20:04:48.741  4556  4556 W RegisteredComponentCache: 	at android.app.ActivityThread.main(ActivityThread.java:8503)
04-19 20:04:48.741  4556  4556 W RegisteredComponentCache: 	at java.lang.reflect.Method.invoke(Native Method)
04-19 20:04:48.741  4556  4556 W RegisteredComponentCache: 	at com.android.internal.os.RuntimeInit$MethodAndArgsCaller.run(RuntimeInit.java:561)
04-19 20:04:48.741  4556  4556 W RegisteredComponentCache: 	at com.android.internal.os.ZygoteInit.main(ZygoteInit.java:954)
04-19 20:04:48.743 29738  3847 I Finsky:background: [15067] Wrote row to frosting DB: 87563
04-19 20:04:48.750 26162 26162 I GsaVoiceInteractionSrv: (REDACTED) O received %s
04-19 20:04:48.755  1850  2140 W BroadcastQueue: Background execution not allowed: receiving Intent { act=android.intent.action.PACKAGE_REMOVED dat=package: flg=0x4000010 (has extras) } to com.android.settings/.search.provider.UpdateReceiver
04-19 20:04:48.755 15792  3843 V ContactsTaskScheduler: [ContactsPackageMonitor] Thread[Worker-8,5,main] dispatching 0
04-19 20:04:48.755 25146 25146 I Finsky  : [2] aiyb - Received: android.intent.action.PACKAGE_ADDED, [t2meFQM5nD0zNbTNV2LVWZjODYlQ_vaG7uH6usxTELc]
04-19 20:04:48.755  1850  2140 W BroadcastQueue: Background execution not allowed: receiving Intent { act=android.intent.action.PACKAGE_REMOVED dat=package: flg=0x4000010 (has extras) } to com.android.vending/com.google.android.finsky.packagemonitor.impl.PackageMonitorReceiverImpl$RegisteredReceiver
04-19 20:04:48.755  1850  2140 W BroadcastQueue: Background execution not allowed: receiving Intent { act=android.intent.action.PACKAGE_REMOVED dat=package: flg=0x4000010 (has extras) } to com.android.vending/com.google.android.finsky.packagemonitor.backgroundimpl.BackgroundPackageMonitorReceiverImpl$RegisteredReceiver
04-19 20:04:48.756  1850  2140 W BroadcastQueue: Background execution not allowed: receiving Intent { act=android.intent.action.PACKAGE_REMOVED dat=package: flg=0x4000010 (has extras) } to com.google.android.gms/.chimera.GmsIntentOperationService$PersistentTrustedReceiver
04-19 20:04:48.756 15792  3843 D ContactDirectoryManager: onPackageChanged,updateDirectoriesForPackage, packageName:org.libsdl.app
04-19 20:04:48.756 29738 29738 I Finsky:background: [2] aixr - Received: android.intent.action.PACKAGE_ADDED, [t2meFQM5nD0zNbTNV2LVWZjODYlQ_vaG7uH6usxTELc]
04-19 20:04:48.757 15792  3843 V ContactsTaskScheduler: [ContactsPackageMonitor] Thread[Worker-8,5,main] dispatching end 0
04-19 20:04:48.757  1850  2482 I MiuiNetworkPolicy: updateUidState uid = 10153, uidState = 3
04-19 20:04:48.758  1085 10548 D AF::TrackHandle: OpPlayAudio: track:82 usage:3 not muted
04-19 20:04:48.759  1850  3693 I SmartPower.com.miui.global.packageinstaller/10153(28560): idle->background(47091ms) R(service create com.miui.global.packageinstaller/.service.ScanDispatchService) adj=0.
04-19 20:04:48.763  1850  3693 D CompatibilityInfo: mCompatibilityFlags - 0
04-19 20:04:48.763  1850  3693 D CompatibilityInfo: applicationDensity - 440
04-19 20:04:48.763  1850  3693 D CompatibilityInfo: applicationScale - 1.0
04-19 20:04:48.766  5157  6177 I GpBinderManager: bindCount : 86
04-19 20:04:48.767 28560 28560 I PI-ScanDispatch: service bind, pkgName = org.libsdl.app, installer = null, isReplace = true, firstGoogleTime = 1673364523252
04-19 20:04:48.768  1850  1850 I NetworkDetectInjector: ACTION_PACKAGE_ADDED uid = 10577
04-19 20:04:48.768  1850  1850 W DevicePolicyManager: Unknown user type: UserInfo{999:XSpace:801010}
04-19 20:04:48.769  1850  1850 D AppSearchAppsIndexerManagerS: userid in package receiver: 10577
04-19 20:04:48.770  1850  1850 E SLM-SRV-SLAAppLib: initBroadcastReceiverorg.libsdl.app
04-19 20:04:48.770  1850  1850 I SLM-SRV-SLAAppLib: ACTION_PACKAGE_ADDED uid = 10577org.libsdl.app
04-19 20:04:48.770  1850  1850 D SLM-SRV-SLAAppLib: sendMsgSetSLAAppList
04-19 20:04:48.770  1850  1850 I SLM-SRV-SLSAppLib: setSLSGameUidList:null
04-19 20:04:48.770  1850  1850 I SLM-SRV-SLSAppLib: setSLSVoIPUid:0
04-19 20:04:48.770  1850  1850 I NetworkAccelerateSwitchService: setNetworkAccelerateSwitchUidList:null
04-19 20:04:48.770  1850  1850 I NetworkAccelerateSwitchService: setNetworkAccelerateSwitchVoIPUid:0
04-19 20:04:48.770  1850  1850 I SLM-SRV-SLAAppLib: mDoubleWifiUidList = null
04-19 20:04:48.770  1850  1850 I SLM-SRV-SLAAppLib: mDoubleDataUidList = null
04-19 20:04:48.770  1850  3046 I SLM-SRV-SLAAppLib: setUidWhiteListToSlad
04-19 20:04:48.770  1850  3046 D SLM-SRV-SLAAppLib: mSlaService is null
04-19 20:04:48.770  1850  3046 I SLM-SRV-SLSAppLib: setSLAAppWhiteList:null
04-19 20:04:48.770  1850  1850 I Telecom : DefaultDialerCache: Refreshing default dialer for user 0: now com.google.android.dialer: DDC.oR@z6k
04-19 20:04:48.770  1850  1850 I Telecom : DefaultDialerCache: Refreshing default dialer for user 999: now com.google.android.dialer: DDC.oR@z6k
04-19 20:04:48.770  1850  2757 E AppScanObserverService: Try to add a invalid package: org.libsdl.app | 10577 | 0
04-19 20:04:48.774  1850  2072 D CompatibilityInfo: mCompatibilityFlags - 0
04-19 20:04:48.775  1850  2072 D CompatibilityInfo: applicationDensity - 440
04-19 20:04:48.775  1850  2072 D CompatibilityInfo: applicationScale - 1.0
04-19 20:04:48.776 25146 25174 I Finsky  : [15011] AIM: AppInfoManager-Perf > ItemModel > CacheSize=68, cacheHitCount=0, cacheMissCount=0, total appsWithNoServerDataCount=0. Missed  in cache (limit 10) : []
04-19 20:04:48.777 25146 25174 I Finsky  : [15011] AIM: AppInfoManager-Perf > ItemModel > CacheSize=68, cacheHitCount=0, cacheMissCount=0, total appsWithNoServerDataCount=0. Missed  in cache (limit 10) : []
04-19 20:04:48.779 29738 29776 I Finsky:background: [15010] IQ:PSL: skipping onPackageRemoved(replacing=true) for untracked package=org.libsdl.app
04-19 20:04:48.780  1850  2140 W BroadcastQueue: Background execution not allowed: receiving Intent { act=android.intent.action.PACKAGE_REMOVED dat=package: flg=0x4000010 (has extras) } to com.xiaomi.discover/com.xiaomi.market.data.MyPackageMonitor
04-19 20:04:48.780  1850  1893 W ActivityManager: Sending non-protected broadcast miui.android.intent.action.PACKAGE_ADDED from system 2973:com.xiaomi.finddevice/6110 pkg com.xiaomi.finddevice. Callers=
04-19 20:04:48.781 25146 25173 I Finsky  : [15010] AIM: AppInfoManager-Perf > getApps > data collection finished
04-19 20:04:48.781 25146 25173 I Finsky  : [15010] AIM: AppInfoManager-Perf > maybeDestroyAppInfoManager is called. actives = 0
04-19 20:04:48.783 25146 25146 I Finsky  : [2] AIM: AppInfoCacheUpdater -> invalidating apps: [org.libsdl.app]
04-19 20:04:48.783 25146 25146 I Finsky  : [2] AIM: AppInfoManager-Perf > getApps > called for 1 apps
04-19 20:04:48.785 25146 25174 I Finsky  : [15011] AIM: AppInfoManager-Perf > OnDeviceAppInfo > cacheHitCount=0, cacheMissCount=1. Missed  in cache (limit 10) : [org.libsdl.app]
04-19 20:04:48.786 25146 25173 I Finsky  : [15010] AIM: Got app ownership map. App counts: . Unique apps: 0
04-19 20:04:48.786 25146 25173 E Finsky  : [15010] [Counters] attempted to use a non-positive increment for: 4752
04-19 20:04:48.790 25146 25173 E Finsky  : [15010] [Counters] attempted to use a non-positive increment for: 4753
04-19 20:04:48.795  1850  1850 D CompatibilityChangeReporter: Compat change id reported: 171306433; UID 10577; state: ENABLED
04-19 20:04:48.795  1850  1850 W AlarmManager: Package org.libsdl.app, uid 10577 lost permission to set exact alarms!
04-19 20:04:48.798 25146  3851 I Finsky  : [15170] SCH: Received scheduling request: Id: 12-1, Constraints: [{ L: 15000, D: 86400000, C: CHARGING_NONE, I: IDLE_NONE, N: NET_ANY, B: BATTERY_ANY }]
04-19 20:04:48.799 29738 29738 I Finsky:background: [2] aixr - Received: android.intent.action.PACKAGE_ADDED, [t2meFQM5nD0zNbTNV2LVWZjODYlQ_vaG7uH6usxTELc]
04-19 20:04:48.801 28560 28560 D PI-ScanDispatch: receive security msg： send client messenger
04-19 20:04:48.802  1850  5688 D IntervalStats: Unable to parse usage stats packages: [569, 625, 751, 812, 815, 817, 839, 841, 844, 848, 850, 853, 855, 859, 883, 889, 897, 898, 899, 900, 901, 902, 903, 904, 905, 906, 907, 908, 909, 910, 911, 913, 914, 920, 921, 927]
04-19 20:04:48.805 29738  3847 I Finsky:background: [15067] Wrote row to frosting DB: 87564
04-19 20:04:48.807  1850  2132 W AccessibilityManagerService: displayId 0, invalid magnification mode:2
04-19 20:04:48.807  1850  2132 W AccessibilityManagerService: displayId 0, invalid magnification mode:2
04-19 20:04:48.807  1850  2482 I MiuiNetworkPolicy: updateUidState uid = 99868, uidState = 10
04-19 20:04:48.808  1850  2132 W AccessibilityManagerService: displayId 0, invalid magnification mode:2
04-19 20:04:48.808  1850  7853 I SmartPower.com.google.android.gms/10208(5207): idle->background(146277ms) R(service create com.google.android.gms/.chimera.GmsIntentOperationService) adj=0.
04-19 20:04:48.809  1850  7853 D CompatibilityInfo: mCompatibilityFlags - 0
04-19 20:04:48.809  1850  7853 D CompatibilityInfo: applicationDensity - 440
04-19 20:04:48.809  1850  7853 D CompatibilityInfo: applicationScale - 1.0
04-19 20:04:48.812  6485  6696 D GestureStubView_Touch: setKeepHidden    old=false   new=true
04-19 20:04:48.812  6485  6696 D GestureStubView_Touch: updateTouchable    old=false   new=true
04-19 20:04:48.812  6485  6696 D GestureStubView_Touch:   updateTouchable---requestApplyInsets
04-19 20:04:48.813  6485  6696 D GestureStubView_Touch: disableTouch    old=false   new=true
04-19 20:04:48.813  6485  6696 D GestureStubView_Touch: updateTouchable    old=true   new=true
04-19 20:04:48.813  6485  6696 D GestureStubView: hideGestureStub
04-19 20:04:48.813  6485  6696 D GestureStubView_Touch: setKeepHidden    old=false   new=true
04-19 20:04:48.813  6485  6696 D GestureStubView_Touch: updateTouchable    old=false   new=true
04-19 20:04:48.813  6485  6696 D GestureStubView_Touch:   updateTouchable---requestApplyInsets
04-19 20:04:48.813  6485  6696 D GestureStubView_Touch: disableTouch    old=false   new=true
04-19 20:04:48.813  6485  6696 D GestureStubView_Touch: updateTouchable    old=true   new=true
04-19 20:04:48.813  6485  6696 D GestureStubView: hideGestureStub
04-19 20:04:48.819  5157  5157 D AppInstalledReceiver: receive broadcast
04-19 20:04:48.820  5157  5622 I GpBinderManager: bindCount : 87
04-19 20:04:48.820  1850  2741 I SdkSandboxManager: No SDKs used. Skipping SDK data reconcilation for CallingInfo{mUid=10577, mPackageName='org.libsdl.app, mAppProcessToken='null'}
04-19 20:04:48.822  1850  2140 W BroadcastQueue: Background execution not allowed: receiving Intent { act=android.intent.action.PACKAGE_REMOVED dat=package: flg=0x4000010 (has extras) } to com.xiaomi.misettings/.usagestats.AppTimerReceiver
04-19 20:04:48.822  1850  2451 I InputReader: Reconfiguring input devices, changes=KEYBOARD_LAYOUTS | 
04-19 20:04:48.822  6292  7536 D ScanResultDBManager: dbr: 0
04-19 20:04:48.822  1850  2140 W BroadcastQueue: Background execution not allowed: receiving Intent { act=android.intent.action.PACKAGE_REMOVED dat=package: flg=0x4000010 (has extras) } to app.revanced.android.gms/org.microg.gms.common.PersistentTrustedReceiver
04-19 20:04:48.822  1850  2140 W BroadcastQueue: Background execution not allowed: receiving Intent { act=android.intent.action.PACKAGE_ADDED dat=package: flg=0x4000010 (has extras) } to com.lbe.security.miui/com.lbe.security.service.BootReceiver
04-19 20:04:48.823  1850  2140 W BroadcastQueue: Background execution not allowed: receiving Intent { act=android.intent.action.PACKAGE_ADDED dat=package: flg=0x4000010 (has extras) } to com.google.android.packageinstaller/com.android.packageinstaller.PackageInstalledReceiver
04-19 20:04:48.823  1850  2140 W BroadcastQueue: Background execution not allowed: receiving Intent { act=android.intent.action.PACKAGE_ADDED dat=package: flg=0x4000010 (has extras) } to com.android.settings/.search.provider.UpdateReceiver
04-19 20:04:48.823  1850  2140 W BroadcastQueue: Background execution not allowed: receiving Intent { act=android.intent.action.PACKAGE_ADDED dat=package: flg=0x4000010 (has extras) } to com.android.vending/com.google.android.finsky.packagemonitor.impl.PackageMonitorReceiverImpl$RegisteredReceiver
04-19 20:04:48.823  1850  2140 W BroadcastQueue: Background execution not allowed: receiving Intent { act=android.intent.action.PACKAGE_ADDED dat=package: flg=0x4000010 (has extras) } to com.android.vending/com.google.android.finsky.packagemonitor.backgroundimpl.BackgroundPackageMonitorReceiverImpl$RegisteredReceiver
04-19 20:04:48.823 15792  3843 V ContactsTaskScheduler: [ContactsPackageMonitor] Thread[Worker-8,5,main] dispatching 0
04-19 20:04:48.823  1850  2140 W BroadcastQueue: Background execution not allowed: receiving Intent { act=android.intent.action.PACKAGE_ADDED dat=package: flg=0x4000010 (has extras) } to com.google.android.gms/.gass.chimera.PackageChangeBroadcastReceiver
04-19 20:04:48.823  1850  2140 W BroadcastQueue: Background execution not allowed: receiving Intent { act=android.intent.action.PACKAGE_ADDED dat=package: flg=0x4000010 (has extras) } to com.google.android.gms/.chimera.GmsIntentOperationService$PersistentTrustedReceiver
04-19 20:04:48.823  1850  2140 W BroadcastQueue: Background execution not allowed: receiving Intent { act=android.intent.action.PACKAGE_ADDED dat=package: flg=0x4000010 (has extras) } to com.xiaomi.discover/com.xiaomi.market.data.MyPackageMonitor
04-19 20:04:48.823  1850  2140 W BroadcastQueue: Background execution not allowed: receiving Intent { act=android.intent.action.PACKAGE_ADDED dat=package: flg=0x4000010 (has extras) } to com.xiaomi.misettings/.usagestats.AppTimerReceiver
04-19 20:04:48.823  1085 13379 D AF::TrackHandle: OpPlayAudio: track:82 usage:3 not muted
04-19 20:04:48.824  1085 10548 D AF::TrackHandle: OpPlayAudio: track:82 usage:3 not muted
04-19 20:04:48.824 15792  3843 D ContactDirectoryManager: onPackageChanged,updateDirectoriesForPackage, packageName:org.libsdl.app
04-19 20:04:48.825 26162 26162 I GsaVoiceInteractionSrv: (REDACTED) O received %s
04-19 20:04:48.826 25146 25146 I Finsky  : [2] DTU: Received onPackageAdded, replacing: true
04-19 20:04:48.826  1085 10548 D AF::TrackHandle: OpPlayAudio: track:82 usage:3 not muted
04-19 20:04:48.828 29738 29738 I Finsky:background: [2] aixr - Deduping intent android.intent.action.PACKAGE_ADDED
04-19 20:04:48.829  1085 10548 D AF::TrackHandle: OpPlayAudio: track:82 usage:3 not muted
04-19 20:04:48.830 15792  3843 V ContactsTaskScheduler: [ContactsPackageMonitor] Thread[Worker-8,5,main] dispatching end 0
04-19 20:04:48.835 12676 12676 D LockScreenMagazineController: received broadcast android.intent.action.PACKAGE_ADDED
04-19 20:04:48.837 12676 12676 D LockScreenMagazineController: received broadcast android.intent.action.PACKAGE_REPLACED
04-19 20:04:48.839  1850  2132 W AccessibilityManagerService: displayId 0, invalid magnification mode:2
04-19 20:04:48.839  1850  2132 W AccessibilityManagerService: displayId 0, invalid magnification mode:2
04-19 20:04:48.839  1850  2132 W AccessibilityManagerService: displayId 0, invalid magnification mode:2
04-19 20:04:48.840  1850  2132 W TextServicesManagerService: no available spell checker services found
04-19 20:04:48.846 25146 25167 I Finsky  : [15004] WM::SCH: Logging work initialize for 12-1
04-19 20:04:48.854 25146 25176 I Finsky  : [15013] AIM: AppInfoManager-Perf > ItemModel > CacheSize=68, cacheHitCount=0, cacheMissCount=0, total appsWithNoServerDataCount=0. Missed  in cache (limit 10) : []
04-19 20:04:48.858  1850  1850 D AppSearchAppsIndexerManagerS: userid in package receiver: 10577
04-19 20:04:48.859  1850  1850 E SLM-SRV-SLAAppLib: initBroadcastReceiverorg.libsdl.app
04-19 20:04:48.859  1850  1850 I SLM-SRV-SLAAppLib: ACTION_PACKAGE_REPLACED uid = 10577org.libsdl.app
04-19 20:04:48.859  1850  1850 D SLM-SRV-SLAAppLib: sendMsgSetSLAAppList
04-19 20:04:48.859  1850  1850 I SLM-SRV-SLSAppLib: setSLSGameUidList:null
04-19 20:04:48.859  1850  1850 I SLM-SRV-SLSAppLib: setSLSVoIPUid:0
04-19 20:04:48.859  1850  1850 I NetworkAccelerateSwitchService: setNetworkAccelerateSwitchUidList:null
04-19 20:04:48.859  1850  1850 I NetworkAccelerateSwitchService: setNetworkAccelerateSwitchVoIPUid:0
04-19 20:04:48.859  1850  1850 I SLM-SRV-SLAAppLib: mDoubleWifiUidList = null
04-19 20:04:48.859  1850  1850 I SLM-SRV-SLAAppLib: mDoubleDataUidList = null
04-19 20:04:48.860  1850  2348 D PackageInstallerSession: Marking session 2032344615 as applied
04-19 20:04:48.860  1850  3046 I SLM-SRV-SLAAppLib: setUidWhiteListToSlad
04-19 20:04:48.860  1850  3046 D SLM-SRV-SLAAppLib: mSlaService is null
04-19 20:04:48.860  1850  3046 I SLM-SRV-SLSAppLib: setSLAAppWhiteList:null
04-19 20:04:48.860  1511 27606 E installd: Couldn't opendir /data/app/vmdl2032344615.tmp: No such file or directory
04-19 20:04:48.860  1511 27606 E installd: Failed to delete /data/app/vmdl2032344615.tmp: No such file or directory
04-19 20:04:48.868  1850  2482 I MiuiNetworkPolicy: updateUidState uid = 10204, uidState = 11
04-19 20:04:48.868  1850  2140 D CompatibilityInfo: mCompatibilityFlags - 0
04-19 20:04:48.868  1850  2140 D CompatibilityInfo: applicationDensity - 440
04-19 20:04:48.868  1850  2140 D CompatibilityInfo: applicationScale - 1.0
04-19 20:04:48.868 12676 12676 D Tile.MiuiCellularTile: setDefaultSim: 0
04-19 20:04:48.869 12676 12676 D Tile.MiuiCellularTile: setDefaultSim: modify default sim id to 0, because single sim.
04-19 20:04:48.869 12676 12676 D Tile.MiuiCellularTile: setAllSubs: [{id=1 iccId=893810300[****] simSlotIndex=0 carrierId=1013 displayName=mt:s carrierName=mt:s nameSource=1 iconTint=-16746133 mNumber=[****] dataRoaming=0 iconBitmap=null mcc=220 mnc=03 countryIso=rs isEmbedded=false nativeAccessRules=null cardString=893810300[****] cardId=0 portIndex=0 isOpportunistic=false groupUUID=null isGroupDisabled=false profileClass=-1 ehplmns=[] hplmns=[] subscriptionType=0 groupOwner=null carrierConfigAccessRules=null areUiccApplicationsEnabled=true usageSetting=0}]
04-19 20:04:48.869 12676 12676 D Tile.MiuiCellularTile: data usage callback null
04-19 20:04:48.873  2543  2642 W SearchServiceCore: Abort, client detached.
04-19 20:04:48.874  2543  2642 W SearchServiceCore: Abort, client detached.
04-19 20:04:48.884  1850 29244 D IntervalStats: Unable to parse usage stats packages: [569, 625, 751, 812, 815, 817, 839, 841, 844, 848, 850, 853, 855, 859, 883, 889, 897, 898, 899, 900, 901, 902, 903, 904, 905, 906, 907, 908, 909, 910, 911, 913, 914, 920, 921, 927]
04-19 20:04:48.888  4556  4556 D RegisteredNfcFServicesCache: Service unchanged, not updating
04-19 20:04:48.892  2968  8642 D SecureElementService: getReaders() for com.android.nfc
04-19 20:04:48.894  3802  3802 W BpBinder: PerfMonitor binderTransact :  time=1262ms interface=android.content.pm.IPackageManager code=1598246212
04-19 20:04:48.895 25146 25146 I Finsky  : [2] aiyb - Received: android.intent.action.PACKAGE_ADDED, [t2meFQM5nD0zNbTNV2LVWZjODYlQ_vaG7uH6usxTELc]
04-19 20:04:48.900 25146 25173 I Finsky  : [15010] AIM: AppInfoManager-Perf > OnDeviceAppInfo > cacheHitCount=1, cacheMissCount=0. Missed  in cache (limit 10) : []
04-19 20:04:48.901 25146 25173 I Finsky  : [15010] AIM: Got app ownership map. App counts: . Unique apps: 0
04-19 20:04:48.901 25146 25173 E Finsky  : [15010] [Counters] attempted to use a non-positive increment for: 4752
04-19 20:04:48.901 25146 25173 E Finsky  : [15010] [Counters] attempted to use a non-positive increment for: 4753
04-19 20:04:48.903 28560 28718 D PubSubTrack: actionType = install_interception not published. enablePublish:false
04-19 20:04:48.904 28560 28718 D PI-ScanDispatch: interruptCode = 2
04-19 20:04:48.904 28560 28718 D PI-ScanDispatch: send msg to security, the interrupt result：2
04-19 20:04:48.904  5157  5157 I NewGlobalInstallCheckTask: handleMessage: interrupt and unbind. blockType = 2
04-19 20:04:48.904  5157  5157 I NewGlobalInstallCheckTask: finish: the queue first task operate over.remove first task.
04-19 20:04:48.912  2968  8642 I SecureElement-Terminal-SIM2: isNfcEventAllowed: No access rules for checking.
04-19 20:04:48.915 25146 25146 I Finsky  : [2] aiyb - Deduping intent android.intent.action.PACKAGE_ADDED
04-19 20:04:48.916 19230  3860 D AppVerDbManager: will update
04-19 20:04:48.919 25146 25177 I Finsky  : [15014] AIM: AppInfoManager-Perf > getApps > data collection finished
04-19 20:04:48.919 25146 25177 I Finsky  : [15014] AIM: AppInfoManager-Perf > maybeDestroyAppInfoManager is called. actives = 0
04-19 20:04:48.921 25146 25146 I Finsky  : [2] aiyb - Received: android.intent.action.PACKAGE_ADDED, [t2meFQM5nD0zNbTNV2LVWZjODYlQ_vaG7uH6usxTELc]
04-19 20:04:48.922 25146 25176 I Finsky  : [15013] SCH: Scheduling phonesky job Id: 12-1, CT: 1776621888723, Constraints: [{ L: 15000, D: 86400000, C: CHARGING_NONE, I: IDLE_NONE, N: NET_ANY, B: BATTERY_ANY }]
04-19 20:04:48.926 29738  3847 I Finsky:background: [15067] Wrote row to frosting DB: 87565
04-19 20:04:48.928  4636 12387 W SQLiteLog: (28) double-quoted string literal: "org.libsdl.app"
04-19 20:04:48.929  1850  2333 E VerityUtils: Failed to measure fs-verity, errno 1: /data/app/~~z9fYIdaQIKuFtOeRMzHC3g==/org.libsdl.app-Dg1GzkWujqgm_IJNdWqrRw==/base.apk
04-19 20:04:48.930   987  1169 E ANDR-PERF-LM: MetaMeter: handleAsync() 166: AdaptLaunch Invalid Async
04-19 20:04:48.932 25146 25177 I Finsky  : [15014] SCH: Scheduling 1 system job(s)
04-19 20:04:48.932 25146 25177 I Finsky  : [15014] SCH: Scheduling system job Id: 9555, L: 14791, D: 65273649, C: false, I: false, N: 1
04-19 20:04:48.934  5029  5034 I .gms.persistent: Background concurrent copying GC freed 405KB AllocSpace bytes, 0(0B) LOS objects, 49% free, 24MB/48MB, paused 247us,92us total 315.977ms
04-19 20:04:48.936 29738  3847 I Finsky:background: [15067] Wrote row to frosting DB: 87566
04-19 20:04:48.940  1850  2482 I MiuiNetworkPolicy: updateUidState uid = 10153, uidState = 10
04-19 20:04:48.940  5207  3870 I AppBackupPkgRemovedIO: Backup state cleanup on uninstall is disabled. [CONTEXT service_id=229 ]
04-19 20:04:48.942  5207  3870 I PackageInstalledIntentO: Test flag v2 is disabled [CONTEXT service_id=469 ]
04-19 20:04:48.945 25146 25146 I Finsky  : [2] aiyb - Deduping intent android.intent.action.PACKAGE_ADDED
04-19 20:04:48.946 25146 25160 I Finsky  : [14997] RECEIVER_PACKAGE_MONITOR#logWorkEndAndFinishGoAsync: SUCCESS
04-19 20:04:48.948 25146 25174 I Finsky  : [15011] [ContentSync] finished, scheduled=true
04-19 20:04:48.950  1850  2482 I MiuiNetworkPolicy: updateUidState uid = 10153, uidState = 19
04-19 20:04:48.952  1850  1850 D CompatibilityInfo: mCompatibilityFlags - 0
04-19 20:04:48.952  1850  1850 D CompatibilityInfo: applicationDensity - 440
04-19 20:04:48.952  1850  1850 D CompatibilityInfo: applicationScale - 1.0
04-19 20:04:48.960  1850  2764 D CompatibilityInfo: mCompatibilityFlags - 0
04-19 20:04:48.960  1850  2764 D CompatibilityInfo: applicationDensity - 440
04-19 20:04:48.960  1850  2764 D CompatibilityInfo: applicationScale - 1.0
04-19 20:04:48.961 25146 25170 I Finsky  : [15007] WM::SCH: Logging work initialize for 12-1
04-19 20:04:48.962 29738 29738 I Finsky:background: [2] aixr - Received: android.intent.action.PACKAGE_ADDED, [t2meFQM5nD0zNbTNV2LVWZjODYlQ_vaG7uH6usxTELc]
04-19 20:04:48.966 25146 25173 I Finsky  : [15010] AIM: AppInfoManager-Perf > ItemModel > CacheSize=68, cacheHitCount=0, cacheMissCount=0, total appsWithNoServerDataCount=0. Missed  in cache (limit 10) : []
04-19 20:04:48.971 25146 25174 I Finsky  : [15011] SCH: Scheduling phonesky job Id: 12-1, CT: 1776621888798, Constraints: [{ L: 15000, D: 86400000, C: CHARGING_NONE, I: IDLE_NONE, N: NET_ANY, B: BATTERY_ANY }]
04-19 20:04:48.972  5029  3866 I Fitness : (REDACTED) FitCleanupIntentOperation received Intent %s
04-19 20:04:48.972  1850  5678 D CompatibilityInfo: mCompatibilityFlags - 0
04-19 20:04:48.972  1850  5678 D CompatibilityInfo: applicationDensity - 440
04-19 20:04:48.972  1850  5678 D CompatibilityInfo: applicationScale - 1.0
04-19 20:04:48.974  5029  3862 I ProximityAuth: [RecentAppsMediator] Package added: (user=UserHandle{0}) org.libsdl.app
04-19 20:04:48.975  1850  2070 W Looper  : Slow delivery took 205ms android.fg h=android.os.Handler c=<recycled PooledLambda@f87d488> m=0
04-19 20:04:48.977 25146 25173 I Finsky  : [15010] SCH: Scheduling 0 system job(s)
04-19 20:04:48.985 29738  3847 I Finsky:background: [15067] Wrote row to frosting DB: 87567
04-19 20:04:48.986 25146 25173 I Finsky  : [15010] [ContentSync] finished, scheduled=true
04-19 20:04:48.992  4532  4532 D mem_compactservice: set memory schedule Job sNextCompactDuration : 1800000
04-19 20:04:49.005 29738 29738 I Finsky:background: [2] aixr - Deduping intent android.intent.action.PACKAGE_ADDED
04-19 20:04:49.006 29738 29779 I Finsky:background: [15013] RECEIVER_PACKAGE_MONITOR_BACKGROUND#logWorkEndAndFinishGoAsync: SUCCESS
04-19 20:04:49.012  1850  2764 W BroadcastQueue: Background execution not allowed: receiving Intent { act=android.intent.action.PACKAGE_REPLACED dat=package: flg=0x4000010 (has extras) } to com.google.android.gms/.gass.chimera.PackageChangeBroadcastReceiver
04-19 20:04:49.014  1850  2140 W BroadcastQueue: Background execution not allowed: receiving Intent { act=android.intent.action.PACKAGE_REPLACED dat=package: flg=0x4000010 (has extras) } to com.google.android.gms/.chimera.GmsIntentOperationService$PersistentTrustedReceiver
04-19 20:04:49.014  5029  3862 I FontLog : (REDACTED) Package %s has no metadata
04-19 20:04:49.014  1850  2482 I MiuiNetworkPolicy: updateUidState uid = 10204, uidState = 19
04-19 20:04:49.015  1850  2994 I NetworkBoostStatusManager: handle: 106
04-19 20:04:49.018  1850  2994 D SLM-SRV-SLAService: isModemSingnalStrengthStatus = 0
04-19 20:04:49.022  1850  5688 W JobScheduler: Job didn't exist in JobStore: 
04-19 20:04:49.023  5207  3886 I Auth    : (REDACTED) [SupervisedAccountIntentOperation] onHandleIntent: %s
04-19 20:04:49.028  5207  3873 I PackageInstalledIntentO: Test flag v2 is disabled [CONTEXT service_id=469 ]
04-19 20:04:49.031  1850  2764 D CompatibilityInfo: mCompatibilityFlags - 0
04-19 20:04:49.031  1850  2764 D CompatibilityInfo: applicationDensity - 440
04-19 20:04:49.031  1850  2764 D CompatibilityInfo: applicationScale - 1.0
04-19 20:04:49.034  1850  2764 D CompatibilityChangeReporter: Compat change id reported: 161252188; UID 10577; state: DISABLED
04-19 20:04:49.044 32614 10971 I PermissionControllerServiceImpl: Updating user sensitive for uid 10577
04-19 20:04:49.054 12676 12878 D Tile.MiuiCellularTile: handleUpdateState: MULTI_SIM = true, mSimInfoRecordList.size() = 1, mShowDataUsage = false
04-19 20:04:49.055  5207  3867 W SQLiteLog: (28) double-quoted string literal: "org.libsdl.app"
04-19 20:04:49.056 12676 12878 D Tile.MiuiCellularTile: handleUpdateState: MULTI_SIM = true, mSimInfoRecordList.size() = 1, mShowDataUsage = false
04-19 20:04:49.058  1850  2140 D AutoStartManagerService: prepare force stop p:3425 s: 18
04-19 20:04:49.058  1850  2140 I Process : Sending signal. PID: 3425 SIG: 18
04-19 20:04:49.058  1850  2140 W Process : Unable to open /proc/3425/status
04-19 20:04:49.059 12676 12878 D Tile.MiuiCellularTile: handleUpdateState: MULTI_SIM = true, mSimInfoRecordList.size() = 1, mShowDataUsage = false
04-19 20:04:49.061  5207  3873 I NearbyDiscovery: (REDACTED) processGrantSlicePermission: %s
04-19 20:04:49.064 12676 12680 I ndroid.systemui: Background concurrent copying GC freed 2271KB AllocSpace bytes, 0(0B) LOS objects, 49% free, 21MB/42MB, paused 278us,45us total 433.177ms
04-19 20:04:49.066 12676 12682 W System  : A resource failed to call release. 
04-19 20:04:49.066 12676 12682 W System  : A resource failed to call release. 
04-19 20:04:49.067 12676 12682 W System  : A resource failed to call release. 
04-19 20:04:49.067 12676 12682 W System  : A resource failed to call release. 
04-19 20:04:49.067 12676 12878 D Tile.MiuiCellularTile: handleUpdateState: MULTI_SIM = true, mSimInfoRecordList.size() = 1, mShowDataUsage = false
04-19 20:04:49.073 12676 12878 D Tile.MiuiCellularTile: handleUpdateState: MULTI_SIM = true, mSimInfoRecordList.size() = 1, mShowDataUsage = false
04-19 20:04:49.075  1085 10548 D AF::TrackHandle: OpPlayAudio: track:82 usage:3 not muted
04-19 20:04:49.076  1085 10548 D AF::TrackHandle: OpPlayAudio: track:82 usage:3 not muted
04-19 20:04:49.076  1085 10548 D AF::TrackHandle: OpPlayAudio: track:82 usage:3 not muted
04-19 20:04:49.076  1085 10548 D AF::TrackHandle: OpPlayAudio: track:82 usage:3 not muted
04-19 20:04:49.077  1085 10548 D AF::TrackHandle: OpPlayAudio: track:82 usage:3 not muted
04-19 20:04:49.077  1850  2764 D CompatibilityInfo: mCompatibilityFlags - 0
04-19 20:04:49.077  1850  2764 D CompatibilityInfo: applicationDensity - 440
04-19 20:04:49.077  1850  2764 D CompatibilityInfo: applicationScale - 1.0
04-19 20:04:49.084 12676 12878 D Tile.MiuiCellularTile: handleUpdateState: MULTI_SIM = true, mSimInfoRecordList.size() = 1, mShowDataUsage = false
04-19 20:04:49.110  1850  2070 W Looper  : Drained
04-19 20:04:49.150  1850  2764 D CompatibilityInfo: mCompatibilityFlags - 0
04-19 20:04:49.150  1850  2764 D CompatibilityInfo: applicationDensity - 440
04-19 20:04:49.150  1850  2764 D CompatibilityInfo: applicationScale - 1.0
04-19 20:04:49.151  6485  6485 D Launcher.Model: LauncherAppsCallback onPackageChanged|org.libsdl.app|UserHandle{0}
04-19 20:04:49.152  6485  6687 D Launcher.Model: Got broadcast:Intent { act=android.intent.action.PACKAGE_CHANGED dat=package: (has extras) }
04-19 20:04:49.159  6485  6687 I IconCustomizer: find better bitmap : 132, for org.libsdl.app
04-19 20:04:49.160  6485  6687 I IconCustomizer: find better bitmap : 156, for org.libsdl.app
04-19 20:04:49.161  6485  6687 I IconCustomizer: find better bitmap : 180, for org.libsdl.app
04-19 20:04:49.162  6485  6687 D IconCustomizer: Content Ratio = 1.164557
04-19 20:04:49.163  6485  6687 D IconCustomizer: Generate customized icon for org.libsdl.app.png, true
04-19 20:04:49.163  6485  6687 I IconCustomizer: composeIconWithTrans FullMask: for org.libsdl.app.png
04-19 20:04:49.165  6485  6687 D Launcher.AllAppsList: updatePackage, packageName=org.libsdl.app, loadMissing=false, user=UserHandle{0}, matchedSize=1
04-19 20:04:49.165  6485  6687 D Launcher.AllAppsList: updatePackage, find appInfo=AppInfo, id=-1, itemType=0, user=UserHandle{0}, mIconType=0, pkgName=org.libsdl.app, className=org.libsdl.app.SDLActivity, screenId=-1, container=-1, cellX=-1, cellY=-1, spanX=1, spanY=1 from ComponentInfo{org.libsdl.app/org.libsdl.app.SDLActivity}
04-19 20:04:49.167  6485  6687 D Launcher.Model: onReceiveBackground, mAllAppsList=add=[], remove=[], modified=[(0, AppInfo, id=-1, itemType=0, user=UserHandle{0}, mIconType=0, pkgName=org.libsdl.app, className=org.libsdl.app.SDLActivity, screenId=-1, container=-1, cellX=-1, cellY=-1, spanX=1, spanY=1)]
04-19 20:04:49.169  6485  6485 D ScrollerOptimizationManager: registerConfigChangedListener
04-19 20:04:49.205  1092  1092 I MI-SF   : surfaceflinger setAffinity mode=1
04-19 20:04:49.205  1092  1092 I MI-SF   : surfaceflinger setreAffinity reTid=1273
04-19 20:04:49.216  2543  2608 I DeviceAppInfoWork: (REDACTED) remove existing package for update: %s
04-19 20:04:49.216  1850  2333 D PackageManager: writeLegacyPermissionState for user 999 in 58 ms.
04-19 20:04:49.218  2543  2608 I DeviceAppInfoWork: (REDACTED) remove existing package for update: %s
04-19 20:04:49.219  2543  3849 I A       : (REDACTED) soft deleting data for %s
04-19 20:04:49.224 27223  3824 W adbd    : timed out while waiting for FUNCTIONFS_BIND, trying again
04-19 20:04:49.224 27223  3824 I adbd    : UsbFfs: connection terminated: monitor thread finished
04-19 20:04:49.227  2543  2606 I A       : Scheduling deletion propagation for Geller data.
04-19 20:04:49.228  2543  2606 I A       : Scheduling deletion propagation for Geller data.
04-19 20:04:49.228  1850  3098 D CompatibilityInfo: mCompatibilityFlags - 0
04-19 20:04:49.228  1850  3098 D CompatibilityInfo: applicationDensity - 440
04-19 20:04:49.228  1850  3098 D CompatibilityInfo: applicationScale - 1.0
04-19 20:04:49.230  2543  3849 I A       : Performing deletion propagation for Geller data.
04-19 20:04:49.234  2543  3848 I A       : Performing deletion propagation for Geller data.
04-19 20:04:49.238  5207 25486 I Icing   : IndexChimeraService.getServiceInterface callingPackage=com.google.android.gms componentName=AppsCorpus serviceId=36
04-19 20:04:49.243  1850  2333 E VerityUtils: Failed to measure fs-verity, errno 1: /data/app/~~z9fYIdaQIKuFtOeRMzHC3g==/org.libsdl.app-Dg1GzkWujqgm_IJNdWqrRw==/base.apk
04-19 20:04:49.248  2543  3927 I A       : (REDACTED) Writing data of size=%d bytes with N=%d keys to Geller corpus %s at ts=%d
04-19 20:04:49.249  2543  2608 I DeviceAppInfoWork: refreshDeviceAppInfoForAccount done.
04-19 20:04:49.251  1850  3098 D CompatibilityInfo: mCompatibilityFlags - 0
04-19 20:04:49.251  1850  3098 D CompatibilityInfo: applicationDensity - 440
04-19 20:04:49.251  1850  3098 D CompatibilityInfo: applicationScale - 1.0
04-19 20:04:49.273  2543  2605 I DeviceAppInfoWork: refreshDeviceAppInfoForAccount done.
04-19 20:04:49.274 27223 27231 I adbd    : opening control endpoint /dev/usb-ffs/adb/ep0
04-19 20:04:49.284  1850  2070 W Looper  : Slow delivery took 202ms android.fg h=android.os.Handler c=<recycled PooledLambda@88f1fcd> m=0
04-19 20:04:49.290  2543  2639 W DeviceAppInfoWork: missing version info.
04-19 20:04:49.293  5726  5750 W ogle.android.as: Long monitor contention with owner aiai-min-shared-0 (5754) at java.lang.Object cco.b()(PG:48) waiters=0 in java.lang.Object cco.b() for 224ms
04-19 20:04:49.296  2543  2642 W SearchServiceCore: Abort, client detached.
04-19 20:04:49.314  2543  2604 I DeviceAppInfoWork: refreshDeviceAppInfoForAccount done.
04-19 20:04:49.315  2543  2606 I DeviceAppInfoWork: refreshDeviceAppInfoForAccount done.
04-19 20:04:49.320  1850  2070 W Looper  : Drained
04-19 20:04:49.320  1850  2482 I MiuiNetworkPolicy: updateUidState uid = 99868, uidState = 3
04-19 20:04:49.321  1850  5620 D CompatibilityInfo: mCompatibilityFlags - 0
04-19 20:04:49.321  1850  5620 D CompatibilityInfo: applicationDensity - 440
04-19 20:04:49.321  1850  5620 D CompatibilityInfo: applicationScale - 1.0
04-19 20:04:49.325  5207  5207 D BoundBrokerSvc: onBind: Intent { act=com.google.android.gms.feedback.internal.IFeedbackService dat=chimera-action:/... cmp=com.google.android.gms/.chimera.GmsBoundBrokerService }
04-19 20:04:49.325  5207  5207 D BoundBrokerSvc: Loading bound service for intent: Intent { act=com.google.android.gms.feedback.internal.IFeedbackService dat=chimera-action:/... cmp=com.google.android.gms/.chimera.GmsBoundBrokerService }
04-19 20:04:49.332  2543  2638 W DeviceAppInfoWork: missing version info.
04-19 20:04:49.339  1850  1887 I system_server: Background concurrent copying GC freed 35MB AllocSpace bytes, 226(11MB) LOS objects, 15% free, 129MB/153MB, paused 823us,152us total 704.214ms
04-19 20:04:49.360  5207 28779 I Icing   : IndexChimeraService.getServiceInterface callingPackage=com.google.android.gms componentName=null serviceId=30
04-19 20:04:49.360  5207 31526 I Icing   : Usage reports ok 2, Failed Usage reports 0, indexed 0, rejected 0
04-19 20:04:49.364  5726  5731 W ogle.android.as: Reducing the number of considered missed Gc histogram windows from 109 to 100
04-19 20:04:49.377  5207 31526 I Icing   : Usage reports ok 0, Failed Usage reports 0, indexed 0, rejected 0
04-19 20:04:49.382  5207 31526 I Icing   : Indexing com.google.android.gms-apps from com.google.android.gms
04-19 20:04:49.383  1850  1889 W System  : A resource failed to call close. 
04-19 20:04:49.398  5207 31526 I Icing   : Indexing done com.google.android.gms-apps
04-19 20:04:49.415   987  3996 E ANDR-PERF-LM: VmRssMeter:: start() 447: Could not find pid, can not collect vmrss data
04-19 20:04:49.415   987  3996 E ANDR-PERF-LM: AdaptiveLaunch: writeToDataBase() 64: Meter aborted or could not get meter data for this run
04-19 20:04:49.429   987  3995 E ANDR-PERF-LM: VmRssMeter:: start() 447: Could not find pid, can not collect vmrss data
04-19 20:04:50.280 27223  3928 W adbd    : timed out while waiting for FUNCTIONFS_BIND, trying again
04-19 20:04:50.281 27223  3928 I adbd    : UsbFfs: connection terminated: monitor thread finished
04-19 20:04:50.291 27223 27231 I adbd    : opening control endpoint /dev/usb-ffs/adb/ep0
04-19 20:04:50.325  5207  5207 W ThreadPoolForeg: type=1400 audit(0.0:4668047): avc: denied { write } for name="traced_producer" dev="tmpfs" ino=23951 scontext=u:r:gmscore_app:s0:c512,c768 tcontext=u:object_r:traced_producer_socket:s0 tclass=sock_file permissive=0 app=com.google.android.gms
04-19 20:04:50.629  5029  5029 W ThreadPoolForeg: type=1400 audit(0.0:4668048): avc: denied { write } for name="traced_producer" dev="tmpfs" ino=23951 scontext=u:r:gmscore_app:s0:c512,c768 tcontext=u:object_r:traced_producer_socket:s0 tclass=sock_file permissive=0 app=com.google.android.gms
04-19 20:04:50.713  6620  6836 W Settings: Setting device_provisioned has moved from android.provider.Settings.Secure to android.provider.Settings.Global.
04-19 20:04:50.715  6620  6836 I JoyoseCloudControlManager3: network metered changed, network metered: false, deviceProvisioned: true, scAllowConn: true, try to setNetworkAccessEnabled: true
04-19 20:04:50.739 31079 31203 D WM-WorkConstraintsTrack: NetworkRequestConstraintController onCapabilitiesChanged callback
04-19 20:04:51.090  1850  2482 D MiuiNetworkPolicy: updateLimit mLimitEnabled=true,enabled=false,mNetworkPriorityMode=0,mThermalForceMode=0
04-19 20:04:51.092  1850  2482 I MiuiNetworkPolicy: getDisableLimitTimeout when thermal mode is:0
04-19 20:04:51.232  5029 12560 I NearbySharing: Network state changed: NetworkState(isRestricted=false, isOnline=true, isCongested=false, isMetered=false, isWifiConnected=true)
04-19 20:04:51.297 27223  3929 W adbd    : timed out while waiting for FUNCTIONFS_BIND, trying again
04-19 20:04:51.297 27223  3929 I adbd    : UsbFfs: connection terminated: monitor thread finished
