04-19 20:04:51.320 27223 27231 I adbd    : opening control endpoint /dev/usb-ffs/adb/ep0
04-19 20:04:51.668  1850  2725 I SmartPower.com.google.android.as/10248(5726): background->idle(602777ms) R(broadcast start Intent { act=android.intent.action.PACKAGE_REMOVED dat=package: flg=0x4000010 (has extras) }) adj=100.
04-19 20:04:51.669  1850  2725 I SmartPower.com.miui.analytics/10145(19230): background->idle(178093ms) R(broadcast start Intent { act=android.intent.action.PACKAGE_REMOVED dat=package: flg=0x4000010 (has extras) }) adj=100.
04-19 20:04:51.670  1850  2725 I SmartPower.com.miui.core/10182(14128): background->idle(178090ms) R(broadcast start Intent { act=android.intent.action.PACKAGE_REMOVED dat=package: flg=0x4000010 (has extras) }) adj=800.
04-19 20:04:51.672  1850  2725 I SmartPower.com.xiaomi.discover/10188(14139): background->idle(3001ms) R(broadcast start Intent { act=android.intent.action.PACKAGE_REMOVED dat=package: flg=0x4000010 (has extras) }) adj=200.
04-19 20:04:51.672  1850  2725 I SmartPower.android.process.acore/10102(15792): background->idle(602777ms) R(broadcast start Intent { act=android.intent.action.PACKAGE_REMOVED dat=package: flg=0x4000010 (has extras) }) adj=800.
04-19 20:04:51.674  1850  2725 I SmartPower.com.android.vending/10204(25146): background->idle(3002ms) R(broadcast start Intent { act=android.intent.action.PACKAGE_REMOVED dat=package: flg=0x4000010 (has extras) }) adj=905.
04-19 20:04:51.674  1850  2725 I SmartPower.com.android.vending:background/10204(29738): background->idle(602777ms) R(broadcast start Intent { act=android.intent.action.PACKAGE_REMOVED dat=package: flg=0x4000010 (has extras) }) adj=905.
04-19 20:04:51.676  1850  2725 I SmartPower.com.google.android.documentsui/10126(32732): background->idle(602779ms) R(broadcast start Intent { act=android.intent.action.PACKAGE_REMOVED dat=package: flg=0x4000010 (has extras) }) adj=925.
04-19 20:04:51.761  1850  2725 I SmartPower.com.miui.global.packageinstaller/10153(28560): background->idle(3002ms) R(service create com.miui.global.packageinstaller/.service.ScanDispatchService) adj=905.
04-19 20:04:51.809  1850  2725 I SmartPower.com.google.android.gms/10208(5207): background->idle(3002ms) R(service create com.google.android.gms/.chimera.GmsIntentOperationService) adj=500.
04-19 20:04:51.825  1850  2725 I SmartPower.com.google.android.ext.services/10265(13073): background->idle(178011ms) R(service end com.google.android.ext.services/android.ext.services.storage.CacheQuotaServiceImpl) adj=100.
04-19 20:04:52.314  1850  3010 D SLM-SRV-SLAService: checktemp temperature = 28623 temperature_average = 27720 isPerformanceMode = false thermal_enable_slm = true
04-19 20:04:52.325 27223  3930 W adbd    : timed out while waiting for FUNCTIONFS_BIND, trying again
04-19 20:04:52.325 27223  3930 I adbd    : UsbFfs: connection terminated: monitor thread finished
04-19 20:04:52.347 27223 27231 I adbd    : opening control endpoint /dev/usb-ffs/adb/ep0
04-19 20:04:53.352 27223  3936 W adbd    : timed out while waiting for FUNCTIONFS_BIND, trying again
04-19 20:04:53.352 27223  3936 I adbd    : UsbFfs: connection terminated: monitor thread finished
04-19 20:04:53.360 27223 27231 I adbd    : opening control endpoint /dev/usb-ffs/adb/ep0
04-19 20:04:53.779 25146 25174 I Finsky  : [15011] AIM: AppInfoManager-Perf > Destroying AppInfoManager ...
04-19 20:04:53.922 25146 25176 I Finsky  : [15013] AIM: AppInfoManager-Perf > Destroying AppInfoManager ...
04-19 20:04:54.152  1850  1894 I SmartPower.com.google.android.gms/10208(5207): idle->background(2343ms) R(service destroy com.google.android.gms/.games.chimera.GamesAsyncServiceProxy) adj=500.
04-19 20:04:54.367 27223  3937 W adbd    : timed out while waiting for FUNCTIONFS_BIND, trying again
04-19 20:04:54.367 27223  3937 I adbd    : UsbFfs: connection terminated: monitor thread finished
04-19 20:04:54.376 27223 27231 I adbd    : opening control endpoint /dev/usb-ffs/adb/ep0
04-19 20:04:54.821  1850  2482 I MiuiNetworkPolicy: updateUidState uid = 1002, uidState = 10
04-19 20:04:55.005 26162 26197 I BistoHotwordHelper: (REDACTED) getHotwordActive::active query: %s, watch: %s, devices connected: %s
04-19 20:04:55.382 27223  3938 W adbd    : timed out while waiting for FUNCTIONFS_BIND, trying again
04-19 20:04:55.383 27223  3938 I adbd    : UsbFfs: connection terminated: monitor thread finished
04-19 20:04:55.391 27223 27231 I adbd    : opening control endpoint /dev/usb-ffs/adb/ep0
04-19 20:04:56.094  1850  2482 D MiuiNetworkPolicy: updateLimit mLimitEnabled=false,enabled=true,mNetworkPriorityMode=0,mThermalForceMode=0
04-19 20:04:56.096  1850  2482 I MiuiNetworkPolicy: getEnableLimitTimeout when thermal mode is:0
04-19 20:04:56.397 27223  3939 W adbd    : timed out while waiting for FUNCTIONFS_BIND, trying again
04-19 20:04:56.397 27223  3939 I adbd    : UsbFfs: connection terminated: monitor thread finished
04-19 20:04:56.414 27223 27231 I adbd    : opening control endpoint /dev/usb-ffs/adb/ep0
04-19 20:04:57.109  5207  5207 W PerfettoTrace: type=1400 audit(0.0:4668049): avc: denied { write } for name="traced_producer" dev="tmpfs" ino=23951 scontext=u:r:gmscore_app:s0:c512,c768 tcontext=u:object_r:traced_producer_socket:s0 tclass=sock_file permissive=0 app=com.google.android.gms
04-19 20:04:57.155  1850  2725 I SmartPower.com.google.android.gms/10208(5207): background->idle(3002ms) R(service destroy com.google.android.gms/.games.chimera.GamesAsyncServiceProxy) adj=600.
04-19 20:04:57.420 27223  3940 W adbd    : timed out while waiting for FUNCTIONFS_BIND, trying again
04-19 20:04:57.420 27223  3940 I adbd    : UsbFfs: connection terminated: monitor thread finished
04-19 20:04:57.435 27223 27231 I adbd    : opening control endpoint /dev/usb-ffs/adb/ep0
04-19 20:04:58.401   622  3823 I keystore2: keystore2::watchdog: Watchdog thread idle -> terminating. Have a great day.
04-19 20:04:58.439 27223  3941 W adbd    : timed out while waiting for FUNCTIONFS_BIND, trying again
04-19 20:04:58.440 27223  3941 I adbd    : UsbFfs: connection terminated: monitor thread finished
04-19 20:04:58.451 27223 27231 I adbd    : opening control endpoint /dev/usb-ffs/adb/ep0
04-19 20:04:59.457 27223  3944 W adbd    : timed out while waiting for FUNCTIONFS_BIND, trying again
04-19 20:04:59.457 27223  3944 I adbd    : UsbFfs: connection terminated: monitor thread finished
04-19 20:04:59.471 27223 27231 I adbd    : opening control endpoint /dev/usb-ffs/adb/ep0
04-19 20:04:59.949  5207 31526 I gle.android.gms: Explicit concurrent copying GC freed 5309KB AllocSpace bytes, 14(600KB) LOS objects, 45% free, 28MB/52MB, paused 238us,40us total 144.502ms
04-19 20:05:00.002  1850  2435 D AlarmManager: mBroadcastRefCount -> 1
04-19 20:05:00.005 12676 12676 D KeyguardUpdateMonitor: received broadcast android.intent.action.TIME_TICK
04-19 20:05:00.007  1850  1850 D AlarmManager: mBroadcastRefCount -> 0
04-19 20:05:00.007  1850  1850 D AlarmManager: mPendingIntent -> null
04-19 20:05:00.009 12676 12676 E ReflectUtils: invokeObject
04-19 20:05:00.009 12676 12676 E ReflectUtils: java.lang.reflect.InvocationTargetException
04-19 20:05:00.009 12676 12676 E ReflectUtils: 	at java.lang.reflect.Method.invoke(Native Method)
04-19 20:05:00.009 12676 12676 E ReflectUtils: 	at com.miui.clock.utils.ReflectUtils.invokeObject(ReflectUtils.java:31)
04-19 20:05:00.009 12676 12676 E ReflectUtils: 	at com.miui.clock.utils.DataUtils.isAppInstalledForUser(DataUtils.java:341)
04-19 20:05:00.009 12676 12676 E ReflectUtils: 	at com.miui.clock.utils.DataUtils.isHealthAppInstalled(DataUtils.java:326)
04-19 20:05:00.009 12676 12676 E ReflectUtils: 	at com.miui.clock.classic.ClassicClockView.filterClassicClockInfo(ClassicClockView.java:178)
04-19 20:05:00.009 12676 12676 E ReflectUtils: 	at com.miui.clock.classic.ClassicClockView.updateTime(ClassicClockView.java:316)
04-19 20:05:00.009 12676 12676 E ReflectUtils: 	at com.miui.clock.MiuiClockController$1.run(MiuiClockController.java:155)
04-19 20:05:00.009 12676 12676 E ReflectUtils: 	at android.os.Handler.handleCallback(Handler.java:942)
04-19 20:05:00.009 12676 12676 E ReflectUtils: 	at android.os.Handler.dispatchMessage(Handler.java:99)
04-19 20:05:00.009 12676 12676 E ReflectUtils: 	at android.os.Looper.loopOnce(Looper.java:211)
04-19 20:05:00.009 12676 12676 E ReflectUtils: 	at android.os.Looper.loop(Looper.java:300)
04-19 20:05:00.009 12676 12676 E ReflectUtils: 	at android.app.ActivityThread.main(ActivityThread.java:8503)
04-19 20:05:00.009 12676 12676 E ReflectUtils: 	at java.lang.reflect.Method.invoke(Native Method)
04-19 20:05:00.009 12676 12676 E ReflectUtils: 	at com.android.internal.os.RuntimeInit$MethodAndArgsCaller.run(RuntimeInit.java:561)
04-19 20:05:00.009 12676 12676 E ReflectUtils: 	at com.android.internal.os.ZygoteInit.main(ZygoteInit.java:954)
04-19 20:05:00.009 12676 12676 E ReflectUtils: Caused by: android.content.pm.PackageManager$NameNotFoundException: com.mi.health
04-19 20:05:00.009 12676 12676 E ReflectUtils: 	at android.app.ApplicationPackageManager.getPackageInfoAsUser(ApplicationPackageManager.java:254)
04-19 20:05:00.009 12676 12676 E ReflectUtils: 	at android.app.ApplicationPackageManager.getPackageInfoAsUser(ApplicationPackageManager.java:242)
04-19 20:05:00.009 12676 12676 E ReflectUtils: 	... 15 more
04-19 20:05:00.013 12676 12676 E ReflectUtils: invokeObject
04-19 20:05:00.013 12676 12676 E ReflectUtils: java.lang.reflect.InvocationTargetException
04-19 20:05:00.013 12676 12676 E ReflectUtils: 	at java.lang.reflect.Method.invoke(Native Method)
04-19 20:05:00.013 12676 12676 E ReflectUtils: 	at com.miui.clock.utils.ReflectUtils.invokeObject(ReflectUtils.java:31)
04-19 20:05:00.013 12676 12676 E ReflectUtils: 	at com.miui.clock.utils.DataUtils.isAppInstalledForUser(DataUtils.java:341)
04-19 20:05:00.013 12676 12676 E ReflectUtils: 	at com.miui.clock.utils.DataUtils.isWeatherAppInstalled(DataUtils.java:321)
04-19 20:05:00.013 12676 12676 E ReflectUtils: 	at com.miui.clock.classic.ClassicClockView.filterClassicClockInfo(ClassicClockView.java:179)
04-19 20:05:00.013 12676 12676 E ReflectUtils: 	at com.miui.clock.classic.ClassicClockView.updateTime(ClassicClockView.java:316)
04-19 20:05:00.013 12676 12676 E ReflectUtils: 	at com.miui.clock.MiuiClockController$1.run(MiuiClockController.java:155)
04-19 20:05:00.013 12676 12676 E ReflectUtils: 	at android.os.Handler.handleCallback(Handler.java:942)
04-19 20:05:00.013 12676 12676 E ReflectUtils: 	at android.os.Handler.dispatchMessage(Handler.java:99)
04-19 20:05:00.013 12676 12676 E ReflectUtils: 	at android.os.Looper.loopOnce(Looper.java:211)
04-19 20:05:00.013 12676 12676 E ReflectUtils: 	at android.os.Looper.loop(Looper.java:300)
04-19 20:05:00.013 12676 12676 E ReflectUtils: 	at android.app.ActivityThread.main(ActivityThread.java:8503)
04-19 20:05:00.013 12676 12676 E ReflectUtils: 	at java.lang.reflect.Method.invoke(Native Method)
04-19 20:05:00.013 12676 12676 E ReflectUtils: 	at com.android.internal.os.RuntimeInit$MethodAndArgsCaller.run(RuntimeInit.java:561)
04-19 20:05:00.013 12676 12676 E ReflectUtils: 	at com.android.internal.os.ZygoteInit.main(ZygoteInit.java:954)
04-19 20:05:00.013 12676 12676 E ReflectUtils: Caused by: android.content.pm.PackageManager$NameNotFoundException: com.miui.weather2
04-19 20:05:00.013 12676 12676 E ReflectUtils: 	at android.app.ApplicationPackageManager.getPackageInfoAsUser(ApplicationPackageManager.java:254)
04-19 20:05:00.013 12676 12676 E ReflectUtils: 	at android.app.ApplicationPackageManager.getPackageInfoAsUser(ApplicationPackageManager.java:242)
04-19 20:05:00.013 12676 12676 E ReflectUtils: 	... 15 more
04-19 20:05:00.018  6485  6485 I Launcher.DeviceConfig: getMiuiWidgetSizeSpec(3, 2, false) = (596, 626)
04-19 20:05:00.018 12676 12676 E AnimationHelper: updateTime mToAod:false mHasNotification: true, mClockType: classic
04-19 20:05:00.019 12676 12676 D KeyguardUpdateMonitor: handleTimeUpdate
04-19 20:05:00.020  6485  6485 I Launcher.DeviceConfig: getMiuiWidgetSizeSpec(3, 2, false) = (596, 626)
04-19 20:05:00.476 27223  3945 W adbd    : timed out while waiting for FUNCTIONFS_BIND, trying again
04-19 20:05:00.476 27223  3945 I adbd    : UsbFfs: connection terminated: monitor thread finished
04-19 20:05:00.495 27223 27231 I adbd    : opening control endpoint /dev/usb-ffs/adb/ep0
04-19 20:05:01.045 12676 12878 D LocalBluetoothAdapter: isSupportBluetoothRestrict = 0
04-19 20:05:01.045 12676 12878 D LocalBluetoothAdapter: isSupportBluetoothRestrict = 0
04-19 20:05:01.501 27223  3947 W adbd    : timed out while waiting for FUNCTIONFS_BIND, trying again
04-19 20:05:01.501 27223  3947 I adbd    : UsbFfs: connection terminated: monitor thread finished
04-19 20:05:01.511 27223 27231 I adbd    : opening control endpoint /dev/usb-ffs/adb/ep0
04-19 20:05:02.330  1850  3010 D SLM-SRV-SLAService: checktemp temperature = 27798 temperature_average = 27759 isPerformanceMode = false thermal_enable_slm = true
04-19 20:05:02.517 27223  3948 W adbd    : timed out while waiting for FUNCTIONFS_BIND, trying again
04-19 20:05:02.517 27223  3948 I adbd    : UsbFfs: connection terminated: monitor thread finished
04-19 20:05:02.531 27223 27231 I adbd    : opening control endpoint /dev/usb-ffs/adb/ep0
04-19 20:05:03.226  1850  2111 D HeapUsage Monitor: HeapAllocSize : 131MB; monitorSize : 500MB
04-19 20:05:03.537 27223  3949 W adbd    : timed out while waiting for FUNCTIONFS_BIND, trying again
04-19 20:05:03.537 27223  3949 I adbd    : UsbFfs: connection terminated: monitor thread finished
04-19 20:05:03.548 27223 27231 I adbd    : opening control endpoint /dev/usb-ffs/adb/ep0
04-19 20:05:04.439  1850  5688 I SmartPower.com.google.android.gms/10208(5207): idle->background(7285ms) R(service unbind com.google.android.gms/.chimera.GmsBoundBrokerService) adj=600.
04-19 20:05:04.442  5207  5207 D BoundBrokerSvc: onUnbind: Intent { act=com.google.android.gms.feedback.internal.IFeedbackService dat=chimera-action:/... cmp=com.google.android.gms/.chimera.GmsBoundBrokerService }
04-19 20:05:04.508  1850  2482 I MiuiNetworkPolicy: updateUidState uid = 99868, uidState = 10
04-19 20:05:04.524  1850  2482 I MiuiNetworkPolicy: updateUidState uid = 99868, uidState = 19
04-19 20:05:04.554 27223  3950 W adbd    : timed out while waiting for FUNCTIONFS_BIND, trying again
04-19 20:05:04.555 27223  3950 I adbd    : UsbFfs: connection terminated: monitor thread finished
04-19 20:05:04.564 27223 27231 I adbd    : opening control endpoint /dev/usb-ffs/adb/ep0
04-19 20:05:05.569 27223  3951 W adbd    : timed out while waiting for FUNCTIONFS_BIND, trying again
04-19 20:05:05.569 27223  3951 I adbd    : UsbFfs: connection terminated: monitor thread finished
04-19 20:05:05.584 27223 27231 I adbd    : opening control endpoint /dev/usb-ffs/adb/ep0
04-19 20:05:06.589 27223  3952 W adbd    : timed out while waiting for FUNCTIONFS_BIND, trying again
04-19 20:05:06.589 27223  3952 I adbd    : UsbFfs: connection terminated: monitor thread finished
04-19 20:05:06.603 27223 27231 I adbd    : opening control endpoint /dev/usb-ffs/adb/ep0
04-19 20:05:07.445  1850  2725 I SmartPower.com.google.android.gms/10208(5207): background->idle(3005ms) R(service unbind com.google.android.gms/.chimera.GmsBoundBrokerService) adj=600.
04-19 20:05:07.610 27223  3953 W adbd    : timed out while waiting for FUNCTIONFS_BIND, trying again
04-19 20:05:07.610 27223  3953 I adbd    : UsbFfs: connection terminated: monitor thread finished
04-19 20:05:07.623 27223 27231 I adbd    : opening control endpoint /dev/usb-ffs/adb/ep0
04-19 20:05:08.525 29551 29551 D SecurityCenter: ImageLoader clear memory info
04-19 20:05:08.630 27223  3956 W adbd    : timed out while waiting for FUNCTIONFS_BIND, trying again
04-19 20:05:08.631 27223  3956 I adbd    : UsbFfs: connection terminated: monitor thread finished
04-19 20:05:08.647 27223 27231 I adbd    : opening control endpoint /dev/usb-ffs/adb/ep0
04-19 20:05:09.652 27223  3957 W adbd    : timed out while waiting for FUNCTIONFS_BIND, trying again
04-19 20:05:09.653 27223  3957 I adbd    : UsbFfs: connection terminated: monitor thread finished
04-19 20:05:09.667 27223 27231 I adbd    : opening control endpoint /dev/usb-ffs/adb/ep0
04-19 20:05:10.672 27223  3958 W adbd    : timed out while waiting for FUNCTIONFS_BIND, trying again
04-19 20:05:10.673 27223  3958 I adbd    : UsbFfs: connection terminated: monitor thread finished
04-19 20:05:10.687 27223 27231 I adbd    : opening control endpoint /dev/usb-ffs/adb/ep0
04-19 20:05:11.692 27223  3960 W adbd    : timed out while waiting for FUNCTIONFS_BIND, trying again
04-19 20:05:11.692 27223  3960 I adbd    : UsbFfs: connection terminated: monitor thread finished
04-19 20:05:11.703 27223 27231 I adbd    : opening control endpoint /dev/usb-ffs/adb/ep0
04-19 20:05:11.963  6620  6836 W Settings: Setting device_provisioned has moved from android.provider.Settings.Secure to android.provider.Settings.Global.
04-19 20:05:11.964  6620  6836 I JoyoseCloudControlManager3: network metered changed, network metered: false, deviceProvisioned: true, scAllowConn: true, try to setNetworkAccessEnabled: true
04-19 20:05:11.984 31079 31203 D WM-WorkConstraintsTrack: NetworkRequestConstraintController onCapabilitiesChanged callback
04-19 20:05:12.345  1850  3010 D SLM-SRV-SLAService: checktemp temperature = 27660 temperature_average = 27774 isPerformanceMode = false thermal_enable_slm = true
04-19 20:05:12.470  5029 12560 I NearbySharing: Network state changed: NetworkState(isRestricted=false, isOnline=true, isCongested=false, isMetered=false, isWifiConnected=true)
04-19 20:05:12.708 27223  3964 W adbd    : timed out while waiting for FUNCTIONFS_BIND, trying again
04-19 20:05:12.709 27223  3964 I adbd    : UsbFfs: connection terminated: monitor thread finished
04-19 20:05:12.723 27223 27231 I adbd    : opening control endpoint /dev/usb-ffs/adb/ep0
04-19 20:05:13.730 27223  3965 W adbd    : timed out while waiting for FUNCTIONFS_BIND, trying again
04-19 20:05:13.730 27223  3965 I adbd    : UsbFfs: connection terminated: monitor thread finished
04-19 20:05:13.743 27223 27231 I adbd    : opening control endpoint /dev/usb-ffs/adb/ep0
04-19 20:05:14.748 27223  3966 W adbd    : timed out while waiting for FUNCTIONFS_BIND, trying again
04-19 20:05:14.749 27223  3966 I adbd    : UsbFfs: connection terminated: monitor thread finished
04-19 20:05:14.768 27223 27231 I adbd    : opening control endpoint /dev/usb-ffs/adb/ep0
04-19 20:05:14.827  1850  2435 I SmartPower.com.google.android.gms.unstable/10208(31117): idle->background(187586ms) R(alarm start) adj=800.
04-19 20:05:14.828  1850  2435 I SmartPower.com.google.process.gservices/10208(16690): idle->background(187585ms) R(alarm start) adj=955.
04-19 20:05:14.828  1850  2435 I SmartPower.com.google.android.gms/10208(5207): idle->background(7384ms) R(alarm start) adj=600.
04-19 20:05:14.828  1850  2435 I SmartPower.com.google.process.gapps/10208(28908): idle->background(187586ms) R(alarm start) adj=975.
04-19 20:05:14.830  1850  2435 D AlarmManager: mBroadcastRefCount -> 1
04-19 20:05:14.844  1850  2140 D CompatibilityInfo: mCompatibilityFlags - 0
04-19 20:05:14.844  1850  2140 D CompatibilityInfo: applicationDensity - 440
04-19 20:05:14.844  1850  2140 D CompatibilityInfo: applicationScale - 1.0
04-19 20:05:14.846  1850  2435 D AlarmManager: mBroadcastRefCount -> 2
04-19 20:05:14.851  1850  1850 D AlarmManager: mBroadcastRefCount -> 1
04-19 20:05:14.851  1850  1850 D AlarmManager: mPendingIntent -> null
04-19 20:05:14.854  1850  1894 D CompatibilityInfo: mCompatibilityFlags - 0
04-19 20:05:14.855  1850  1894 D CompatibilityInfo: applicationDensity - 440
04-19 20:05:14.855  1850  1894 D CompatibilityInfo: applicationScale - 1.0
04-19 20:05:14.874  1850  2482 I MiuiNetworkPolicy: updateUidState uid = 10204, uidState = 8
04-19 20:05:14.884  1850  1850 I SmartPower.com.android.vending/10204(25146): idle->background(23209ms) R(service create com.android.vending/com.google.android.finsky.scheduler.process.mainimpl.PhoneskyJobServiceMain) adj=0.
04-19 20:05:14.885  1850  1850 D CompatibilityInfo: mCompatibilityFlags - 0
04-19 20:05:14.885  1850  1850 D CompatibilityInfo: applicationDensity - 440
04-19 20:05:14.885  1850  1850 D CompatibilityInfo: applicationScale - 1.0
04-19 20:05:14.898  1850  1850 D AlarmManager: mBroadcastRefCount -> 0
04-19 20:05:14.898  1850  1850 D AlarmManager: mPendingIntent -> PendingIntent{4b32065: PendingIntentRecord{147edee com.google.android.gms/com.google.android.gms.scheduler broadcastIntent}}
04-19 20:05:14.901 25146 25146 I Finsky  : [2] SCH: job service start with id 9555.
04-19 20:05:14.931 25146  3851 I Finsky  : [15170] SCH: Satisfied jobs for 9555 are: 12-1
04-19 20:05:14.932 25146  3970 I Finsky  : [15176] SCH: Job 12-1 starting
04-19 20:05:14.933 25146 25146 I Finsky  : [2] WM::SCH: Logging work start for 12-1
04-19 20:05:14.933 25146 25146 I Finsky  : [2] [ContentSync] job started
04-19 20:05:14.950  1850  5620 W ActivityManager: Unable to start service Intent { act=com.google.android.gms.gcm.ACTION_TASK_READY cmp=com.google.android.gms/.tapandpay.gcmtask.TapAndPayGcmTaskService } U=999: not found and we try start service as user owner
04-19 20:05:14.952  1850  5620 D CompatibilityInfo: mCompatibilityFlags - 0
04-19 20:05:14.953  1850  5620 D CompatibilityInfo: applicationDensity - 440
04-19 20:05:14.953  1850  5620 D CompatibilityInfo: applicationScale - 1.0
04-19 20:05:14.968  5029  3919 I NetworkScheduler.Stats: (REDACTED) Task %s/%s started execution. cause:%s exec_start_elapsed_seconds: %s
04-19 20:05:14.971  5029  3974 I TapAndPay: Maintaining payment bundles [CONTEXT service_id=79 ]
04-19 20:05:14.977  6620  6836 W Settings: Setting device_provisioned has moved from android.provider.Settings.Secure to android.provider.Settings.Global.
04-19 20:05:14.977  6620  6836 I JoyoseCloudControlManager3: network metered changed, network metered: false, deviceProvisioned: true, scAllowConn: true, try to setNetworkAccessEnabled: true
04-19 20:05:14.988  5029  3974 I TapAndPay: Finished maintaining payment bundles [CONTEXT service_id=79 ]
04-19 20:05:14.991 31079 31203 D WM-WorkConstraintsTrack: NetworkRequestConstraintController onCapabilitiesChanged callback
04-19 20:05:15.001  1850  2482 I MiuiNetworkPolicy: updateUidState uid = 99868, uidState = 8
04-19 20:05:15.002  1850  5620 D CompatibilityInfo: mCompatibilityFlags - 0
04-19 20:05:15.002  1850  5620 D CompatibilityInfo: applicationDensity - 440
04-19 20:05:15.002  1850  5620 D CompatibilityInfo: applicationScale - 1.0
04-19 20:05:15.016  5029  3919 I NetworkScheduler.Stats: (REDACTED) Task %s/%s started execution. cause:%s exec_start_elapsed_seconds: %s
04-19 20:05:15.024  5029  3974 I NetworkScheduler.Stats: (REDACTED) Task %s/%s started execution. cause:%s exec_start_elapsed_seconds: %s
04-19 20:05:15.030  5029  3919 I NetworkScheduler.Stats: (REDACTED) Task %s/%s finished executing. cause:%s result: %s elapsed_millis: %s uptime_millis: %s exec_start_elapsed_seconds: %s
04-19 20:05:15.035  5207  8179 I PlayGamesServices[GamesSyncAdapter]: Starting sync for 472054ab
04-19 20:05:15.038  5207  8179 I PlayGamesServices[GamesSyncAdapter]: Sync duration for 472054ab: 2
04-19 20:05:15.042  5207 31526 I PlayGamesServices[GamesSyncAdapter]: Starting sync for a50a9d1d
04-19 20:05:15.055  5207 31526 I PlayGamesServices[GamesSyncAdapter]: Sync duration for a50a9d1d: 12
04-19 20:05:15.062  5207  8179 W PlayGamesServices[DataBroker]: No player ID found when refreshing
04-19 20:05:15.070  5029  3974 I NetworkScheduler.Stats: (REDACTED) Task %s/%s finished executing. cause:%s result: %s elapsed_millis: %s uptime_millis: %s exec_start_elapsed_seconds: %s
04-19 20:05:15.079  1850  5620 D CompatibilityInfo: mCompatibilityFlags - 0
04-19 20:05:15.079  1850  5620 D CompatibilityInfo: applicationDensity - 440
04-19 20:05:15.079  1850  5620 D CompatibilityInfo: applicationScale - 1.0
04-19 20:05:15.092  5207  7958 W PlayGamesServices[UiUtils]: AppVersion: Cannot find the installed destination app.
04-19 20:05:15.094  5207  7958 I GetServiceValidatorImpl: (REDACTED) onGetService() from Client SDK version [%s], Module version [%s], PGA version [%s], Account [%s], Calling package [%s], Game package [%s]
04-19 20:05:15.097  5207  7958 W GetGamesServiceReqFacto: Parsing request with ignored arguments. signInOptionsBundle [Bundle[{com.google.android.gms.signin.internal.serverClientId=null, com.google.android.gms.signin.internal.usePromptModeForAuthCode=true, com.google.android.gms.signin.internal.logSessionId=null, com.google.android.gms.signin.internal.hostedDomain=null, com.google.android.gms.signin.internal.offlineAccessRequested=false, com.google.android.gms.signin.internal.waitForAccessTokenRefresh=false, com.google.android.gms.signin.internal.clientRequestedAccount=Account {name=<<default account>>, type=com.google}, com.google.android.gms.signin.internal.idTokenRequested=false, com.google.android.gms.signin.internal.forceCodeForRefreshToken=false}]], isRetryingSignIn [false], skipWelcomePopup [false], requireGooglePlus [false]
04-19 20:05:15.097  5207  7958 I GetGamesServiceReqFacto: Replacing request for `games` scope with `games_lite`
04-19 20:05:15.099  5207 31526 W PlayGamesServices[DataBroker]: No player ID found when refreshing
04-19 20:05:15.103  1850  5620 D CompatibilityInfo: mCompatibilityFlags - 0
04-19 20:05:15.103  1850  5620 D CompatibilityInfo: applicationDensity - 440
04-19 20:05:15.103  1850  5620 D CompatibilityInfo: applicationScale - 1.0
04-19 20:05:15.106  5029  3919 I NetworkScheduler.Stats: (REDACTED) Task %s/%s finished executing. cause:%s result: %s elapsed_millis: %s uptime_millis: %s exec_start_elapsed_seconds: %s
04-19 20:05:15.110  1850  2482 I MiuiNetworkPolicy: updateUidState uid = 99868, uidState = 10
04-19 20:05:15.117  5207  3976 I SignInPerformer-12: (REDACTED) Handling request [%s], isFirstPartyCaller [%s]
04-19 20:05:15.118  5207  3976 I SignInPerformer-12: Successfully brokered first-party unauthenticated GamesService [CONTEXT service_id=1 ]
04-19 20:05:15.120  5207  3976 I GetGamesServiceV2Op: (REDACTED) Successfully brokered GamesService for request %s
04-19 20:05:15.121  5207  7958 W PlayGamesServices[UiUtils]: AppVersion: Cannot find the installed destination app.
04-19 20:05:15.122  5207  7958 W PlayGamesServices[UiUtils]: AppVersionName: Cannot find the installed destination app.
04-19 20:05:15.128  5207  7958 W PlayGamesServices[UiUtils]: AppVersion: Cannot find the installed destination app.
04-19 20:05:15.129  5207  7958 W PlayGamesServices[UiUtils]: AppVersionName: Cannot find the installed destination app.
04-19 20:05:15.359 25146 25146 W Finsky  : [2] STU: Failed to get storage stats for package 'com.google.mainline.primary.libs' (1601: Error getting stats: android.content.pm.PackageManager.NameNotFoundException)
04-19 20:05:15.482  5029 12560 I NearbySharing: Network state changed: NetworkState(isRestricted=false, isOnline=true, isCongested=false, isMetered=false, isWifiConnected=true)
04-19 20:05:15.746 25146 25146 W Finsky  : [2] STU: Failed to get storage stats for package 'com.google.android.appsearch' (1601: Error getting stats: android.content.pm.PackageManager.NameNotFoundException)
04-19 20:05:15.772 25146 25146 W Finsky  : [2] STU: Failed to get storage stats for package 'com.google.android.art' (1601: Error getting stats: android.content.pm.PackageManager.NameNotFoundException)
04-19 20:05:15.773 27223  3967 W adbd    : timed out while waiting for FUNCTIONFS_BIND, trying again
04-19 20:05:15.774 27223  3967 I adbd    : UsbFfs: connection terminated: monitor thread finished
04-19 20:05:15.803 27223 27231 I adbd    : opening control endpoint /dev/usb-ffs/adb/ep0
04-19 20:05:15.867 25146 25146 W Finsky  : [2] STU: Failed to get storage stats for package 'com.google.android.mediaprovider' (1601: Error getting stats: android.content.pm.PackageManager.NameNotFoundException)
04-19 20:05:15.940 25146 25146 W Finsky  : [2] STU: Failed to get storage stats for package 'com.google.android.resolv' (1601: Error getting stats: android.content.pm.PackageManager.NameNotFoundException)
04-19 20:05:15.964 25146 25146 W Finsky  : [2] STU: Failed to get storage stats for package 'com.google.android.media' (1601: Error getting stats: android.content.pm.PackageManager.NameNotFoundException)
04-19 20:05:16.189 25146 25146 W Finsky  : [2] STU: Failed to get storage stats for package 'com.google.android.sdkext' (1601: Error getting stats: android.content.pm.PackageManager.NameNotFoundException)
04-19 20:05:16.205 25146 25146 W Finsky  : [2] STU: Failed to get storage stats for package 'com.google.android.adservices' (1601: Error getting stats: android.content.pm.PackageManager.NameNotFoundException)
04-19 20:05:16.205 25146 25146 W Finsky  : [2] STU: Failed to get storage stats for package 'com.google.android.tethering' (1601: Error getting stats: android.content.pm.PackageManager.NameNotFoundException)
04-19 20:05:16.353 25146 25146 W Finsky  : [2] STU: Failed to get storage stats for package 'com.google.android.cellbroadcast' (1601: Error getting stats: android.content.pm.PackageManager.NameNotFoundException)
04-19 20:05:16.662 25146 25146 W Finsky  : [2] STU: Failed to get storage stats for package 'com.google.android.tzdata4' (1601: Error getting stats: android.content.pm.PackageManager.NameNotFoundException)
04-19 20:05:16.743 25146 25146 W Finsky  : [2] STU: Failed to get storage stats for package 'com.google.android.permission' (1601: Error getting stats: android.content.pm.PackageManager.NameNotFoundException)
04-19 20:05:16.806 27223  3977 W adbd    : timed out while waiting for FUNCTIONFS_BIND, trying again
04-19 20:05:16.806 27223  3977 I adbd    : UsbFfs: connection terminated: monitor thread finished
04-19 20:05:16.860 27223 27231 I adbd    : opening control endpoint /dev/usb-ffs/adb/ep0
04-19 20:05:17.056 25146 25146 W Finsky  : [2] STU: Failed to get storage stats for package 'com.google.android.media.swcodec' (1601: Error getting stats: android.content.pm.PackageManager.NameNotFoundException)
04-19 20:05:17.440  1850  5620 W BpBinder: PerfMonitor binderTransact :  time=224ms interface=android.os.IInstalld code=12
04-19 20:05:17.440 25146 25262 W BpBinder: PerfMonitor binderTransact :  time=225ms interface=android.app.usage.IStorageStatsManager code=7
04-19 20:05:17.502 25146 25146 W Finsky  : [2] STU: Failed to get storage stats for package 'com.google.android.adbd' (1601: Error getting stats: android.content.pm.PackageManager.NameNotFoundException)
04-19 20:05:17.563 25146 25146 W Finsky  : [2] STU: Failed to get storage stats for package 'com.google.android.conscrypt' (1601: Error getting stats: android.content.pm.PackageManager.NameNotFoundException)
04-19 20:05:17.656 25146 25146 W Finsky  : [2] STU: Failed to get storage stats for package 'com.google.android.neuralnetworks' (1601: Error getting stats: android.content.pm.PackageManager.NameNotFoundException)
04-19 20:05:17.691 25146 25146 W Finsky  : [2] STU: Failed to get storage stats for package 'com.google.android.ipsec' (1601: Error getting stats: android.content.pm.PackageManager.NameNotFoundException)
04-19 20:05:17.725 25146 25146 W Finsky  : [2] STU: Failed to get storage stats for package 'com.google.android.ondevicepersonalization' (1601: Error getting stats: android.content.pm.PackageManager.NameNotFoundException)
04-19 20:05:17.830  1850  2725 I SmartPower.com.google.android.gms.unstable/10208(31117): background->idle(3003ms) R(alarm start) adj=800.
04-19 20:05:17.830  1850  2725 I SmartPower.com.google.process.gservices/10208(16690): background->idle(3003ms) R(alarm start) adj=955.
04-19 20:05:17.831  1850  2725 I SmartPower.com.google.android.gms/10208(5207): background->idle(3002ms) R(alarm start) adj=500.
04-19 20:05:17.831  1850  2725 I SmartPower.com.google.process.gapps/10208(28908): background->idle(3002ms) R(alarm start) adj=975.
04-19 20:05:17.859 25146 25146 W Finsky  : [2] STU: Failed to get storage stats for package 'com.google.android.extservices' (1601: Error getting stats: android.content.pm.PackageManager.NameNotFoundException)
04-19 20:05:17.866 27223  3978 W adbd    : timed out while waiting for FUNCTIONFS_BIND, trying again
04-19 20:05:17.866 27223  3978 I adbd    : UsbFfs: connection terminated: monitor thread finished
04-19 20:05:17.886  1850  2725 I SmartPower.com.android.vending/10204(25146): background->idle(3003ms) R(service create com.android.vending/com.google.android.finsky.scheduler.process.mainimpl.PhoneskyJobServiceMain) adj=250.
04-19 20:05:17.907 27223 27231 I adbd    : opening control endpoint /dev/usb-ffs/adb/ep0
04-19 20:05:17.997 25146 25146 W Finsky  : [2] STU: Failed to get storage stats for package 'com.google.android.os.statsd' (1601: Error getting stats: android.content.pm.PackageManager.NameNotFoundException)
04-19 20:05:18.026 25146 25146 W Finsky  : [2] STU: Failed to get storage stats for package 'com.google.android.scheduling' (1601: Error getting stats: android.content.pm.PackageManager.NameNotFoundException)
04-19 20:05:18.045 25146 25146 I Finsky  : [2] App states replicator found 97 unowned apps
04-19 20:05:18.057 25146 25176 I Finsky  : [15013] Completed 0 account content syncs with 0 successful.
04-19 20:05:18.059 25146 25146 I Finsky  : [2] [ContentSync] Installation state replication succeeded.
04-19 20:05:18.059 25146 25146 I Finsky  : [2] SCH: jobFinished: 12-1. TimeElapsed: 3127ms.
04-19 20:05:18.059 25146 25146 I Finsky  : [2] WM::SCH: Logging work end for 12-1
04-19 20:05:18.080 25146 25176 I Finsky  : [15013] SCH: Scheduling phonesky job Id: 1-1337, CT: 1776600779593, Constraints: [{ L: 43182988, D: 86382988, C: CHARGING_NONE, I: IDLE_NONE, N: NET_ANY, B: BATTERY_ANY }]
04-19 20:05:18.080 25146 25176 I Finsky  : [15013] SCH: Scheduling phonesky job Id: 34-5571, CT: 1776575463722, Constraints: [{ L: 604800000, D: 2542939050, C: CHARGING_NONE, I: IDLE_NONE, N: NET_ANY, B: BATTERY_ANY }]
04-19 20:05:18.080 25146 25176 I Finsky  : [15013] SCH: Scheduling phonesky job Id: 34-5574, CT: 1776605640324, Constraints: [{ L: 79199748, D: 1375199748, C: CHARGING_NONE, I: IDLE_NONE, N: NET_ANY, B: BATTERY_ANY }]
04-19 20:05:18.081 25146 25176 I Finsky  : [15013] SCH: Scheduling phonesky job Id: 34-5575, CT: 1776605640721, Constraints: [{ L: 604800000, D: 2591999674, C: CHARGING_NONE, I: IDLE_NONE, N: NET_ANY, B: BATTERY_ANY }]
04-19 20:05:18.084 25146 25174 I Finsky  : [15011] SCH: Scheduling 1 system job(s)
04-19 20:05:18.085 25146 25174 I Finsky  : [15011] SCH: Scheduling system job Id: 9561, L: 22044497, D: 65244497, C: false, I: false, N: 1
04-19 20:05:18.092 25146  3970 I Finsky  : [15176] SCH: job service finished with id 9555.
04-19 20:05:18.102  1850  2482 I MiuiNetworkPolicy: updateUidState uid = 10204, uidState = 10
04-19 20:05:18.105  1850  2482 I MiuiNetworkPolicy: updateUidState uid = 10204, uidState = 19
04-19 20:05:18.911 27223  3979 W adbd    : timed out while waiting for FUNCTIONFS_BIND, trying again
04-19 20:05:18.912 27223  3979 I adbd    : UsbFfs: connection terminated: monitor thread finished
04-19 20:05:18.920 27223 27231 I adbd    : opening control endpoint /dev/usb-ffs/adb/ep0
04-19 20:05:19.051  1850  2994 I NetworkBoostStatusManager: handle: 106
04-19 20:05:19.066  1850  2994 D SLM-SRV-SLAService: isModemSingnalStrengthStatus = 0
04-19 20:05:19.924 27223  3984 W adbd    : timed out while waiting for FUNCTIONFS_BIND, trying again
04-19 20:05:19.925 27223  3984 I adbd    : UsbFfs: connection terminated: monitor thread finished
04-19 20:05:19.936 27223 27231 I adbd    : opening control endpoint /dev/usb-ffs/adb/ep0
04-19 20:05:20.126  1850  5620 I SmartPower.com.google.android.gms/10208(5207): idle->background(2295ms) R(service destroy com.google.android.gms/.games.chimera.GamesAsyncServiceProxy) adj=500.
04-19 20:05:20.158  1850  2482 I MiuiNetworkPolicy: updateUidState uid = 99868, uidState = 19
04-19 20:05:20.361  5207  5207 W ThreadPoolForeg: type=1400 audit(0.0:4668050): avc: denied { write } for name="traced_producer" dev="tmpfs" ino=23951 scontext=u:r:gmscore_app:s0:c512,c768 tcontext=u:object_r:traced_producer_socket:s0 tclass=sock_file permissive=0 app=com.google.android.gms
04-19 20:05:20.661  5029  5029 W ThreadPoolForeg: type=1400 audit(0.0:4668051): avc: denied { write } for name="traced_producer" dev="tmpfs" ino=23951 scontext=u:r:gmscore_app:s0:c512,c768 tcontext=u:object_r:traced_producer_socket:s0 tclass=sock_file permissive=0 app=com.google.android.gms
04-19 20:05:20.943 27223  3985 W adbd    : timed out while waiting for FUNCTIONFS_BIND, trying again
04-19 20:05:20.943 27223  3985 I adbd    : UsbFfs: connection terminated: monitor thread finished
04-19 20:05:20.952 27223 27231 I adbd    : opening control endpoint /dev/usb-ffs/adb/ep0
04-19 20:05:21.098  1850  2482 D MiuiNetworkPolicy: updateLimit mLimitEnabled=true,enabled=false,mNetworkPriorityMode=0,mThermalForceMode=0
04-19 20:05:21.100  1850  2482 I MiuiNetworkPolicy: getDisableLimitTimeout when thermal mode is:0
04-19 20:05:21.959 27223  3986 W adbd    : timed out while waiting for FUNCTIONFS_BIND, trying again
04-19 20:05:21.959 27223  3986 I adbd    : UsbFfs: connection terminated: monitor thread finished
04-19 20:05:21.971 27223 27231 I adbd    : opening control endpoint /dev/usb-ffs/adb/ep0
04-19 20:05:22.359  1850  3010 D SLM-SRV-SLAService: checktemp temperature = 27798 temperature_average = 27820 isPerformanceMode = false thermal_enable_slm = true
04-19 20:05:22.976 27223  3988 W adbd    : timed out while waiting for FUNCTIONFS_BIND, trying again
04-19 20:05:22.977 27223  3988 I adbd    : UsbFfs: connection terminated: monitor thread finished
04-19 20:05:22.987 27223 27231 I adbd    : opening control endpoint /dev/usb-ffs/adb/ep0
04-19 20:05:23.130  1850  2725 I SmartPower.com.google.android.gms/10208(5207): background->idle(3004ms) R(service destroy com.google.android.gms/.games.chimera.GamesAsyncServiceProxy) adj=600.
04-19 20:05:23.995 27223  3989 W adbd    : timed out while waiting for FUNCTIONFS_BIND, trying again
04-19 20:05:23.995 27223  3989 I adbd    : UsbFfs: connection terminated: monitor thread finished
04-19 20:05:24.003 27223 27231 I adbd    : opening control endpoint /dev/usb-ffs/adb/ep0
04-19 20:05:25.008 27223  3990 W adbd    : timed out while waiting for FUNCTIONFS_BIND, trying again
04-19 20:05:25.008 27223  3990 I adbd    : UsbFfs: connection terminated: monitor thread finished
04-19 20:05:25.028 27223 27231 I adbd    : opening control endpoint /dev/usb-ffs/adb/ep0
04-19 20:05:26.033 27223  3991 W adbd    : timed out while waiting for FUNCTIONFS_BIND, trying again
04-19 20:05:26.033 27223  3991 I adbd    : UsbFfs: connection terminated: monitor thread finished
04-19 20:05:26.048 27223 27231 I adbd    : opening control endpoint /dev/usb-ffs/adb/ep0
04-19 20:05:26.106  1850  2482 D MiuiNetworkPolicy: updateLimit mLimitEnabled=false,enabled=true,mNetworkPriorityMode=0,mThermalForceMode=0
04-19 20:05:26.107  1850  2482 I MiuiNetworkPolicy: getEnableLimitTimeout when thermal mode is:0
04-19 20:05:27.053 27223  3992 W adbd    : timed out while waiting for FUNCTIONFS_BIND, trying again
04-19 20:05:27.053 27223  3992 I adbd    : UsbFfs: connection terminated: monitor thread finished
04-19 20:05:27.071 27223 27231 I adbd    : opening control endpoint /dev/usb-ffs/adb/ep0
04-19 20:05:27.117  5207  5207 W PerfettoTrace: type=1400 audit(0.0:4668052): avc: denied { write } for name="traced_producer" dev="tmpfs" ino=23951 scontext=u:r:gmscore_app:s0:c512,c768 tcontext=u:object_r:traced_producer_socket:s0 tclass=sock_file permissive=0 app=com.google.android.gms
04-19 20:05:28.078 27223  3993 W adbd    : timed out while waiting for FUNCTIONFS_BIND, trying again
04-19 20:05:28.079 27223  3993 I adbd    : UsbFfs: connection terminated: monitor thread finished
04-19 20:05:28.088 27223 27231 I adbd    : opening control endpoint /dev/usb-ffs/adb/ep0
04-19 20:05:29.095 27223  3994 W adbd    : timed out while waiting for FUNCTIONFS_BIND, trying again
04-19 20:05:29.095 27223  3994 I adbd    : UsbFfs: connection terminated: monitor thread finished
04-19 20:05:29.107 27223 27231 I adbd    : opening control endpoint /dev/usb-ffs/adb/ep0
04-19 20:05:30.114 27223  3997 W adbd    : timed out while waiting for FUNCTIONFS_BIND, trying again
04-19 20:05:30.114 27223  3997 I adbd    : UsbFfs: connection terminated: monitor thread finished
04-19 20:05:30.132 27223 27231 I adbd    : opening control endpoint /dev/usb-ffs/adb/ep0
04-19 20:05:30.166  1850  2482 I MiuiNetworkPolicy: updateUidState uid = 99868, uidState = 10
04-19 20:05:30.167  1850  5216 I SmartPower.com.google.android.gms/10208(5207): idle->background(7038ms) R(service unbind com.google.android.gms/.games.chimera.GamesAndroidServiceProxy) adj=0.
04-19 20:05:30.195  1850  2482 I MiuiNetworkPolicy: updateUidState uid = 99868, uidState = 19
04-19 20:05:31.139 27223  4000 W adbd    : timed out while waiting for FUNCTIONFS_BIND, trying again
04-19 20:05:31.139 27223  4000 I adbd    : UsbFfs: connection terminated: monitor thread finished
04-19 20:05:31.147 27223 27231 I adbd    : opening control endpoint /dev/usb-ffs/adb/ep0
04-19 20:05:32.153 27223  4001 W adbd    : timed out while waiting for FUNCTIONFS_BIND, trying again
04-19 20:05:32.153 27223  4001 I adbd    : UsbFfs: connection terminated: monitor thread finished
04-19 20:05:32.175 27223 27231 I adbd    : opening control endpoint /dev/usb-ffs/adb/ep0
04-19 20:05:32.372  1850  3010 D SLM-SRV-SLAService: checktemp temperature = 27660 temperature_average = 27843 isPerformanceMode = false thermal_enable_slm = true
04-19 20:05:33.169  1850  2725 I SmartPower.com.google.android.gms/10208(5207): background->idle(3002ms) R(service unbind com.google.android.gms/.games.chimera.GamesAndroidServiceProxy) adj=600.
04-19 20:05:33.180 27223  4002 W adbd    : timed out while waiting for FUNCTIONFS_BIND, trying again
04-19 20:05:33.180 27223  4002 I adbd    : UsbFfs: connection terminated: monitor thread finished
04-19 20:05:33.196 27223 27231 I adbd    : opening control endpoint /dev/usb-ffs/adb/ep0
04-19 20:05:33.227  1850  2111 D HeapUsage Monitor: HeapAllocSize : 141MB; monitorSize : 500MB
04-19 20:05:34.202 27223  4003 W adbd    : timed out while waiting for FUNCTIONFS_BIND, trying again
04-19 20:05:34.203 27223  4003 I adbd    : UsbFfs: connection terminated: monitor thread finished
04-19 20:05:34.215 27223 27231 I adbd    : opening control endpoint /dev/usb-ffs/adb/ep0
04-19 20:05:35.222 27223  4004 W adbd    : timed out while waiting for FUNCTIONFS_BIND, trying again
04-19 20:05:35.222 27223  4004 I adbd    : UsbFfs: connection terminated: monitor thread finished
04-19 20:05:35.232 27223 27231 I adbd    : opening control endpoint /dev/usb-ffs/adb/ep0
04-19 20:05:36.237 27223  4006 W adbd    : timed out while waiting for FUNCTIONFS_BIND, trying again
04-19 20:05:36.237 27223  4006 I adbd    : UsbFfs: connection terminated: monitor thread finished
04-19 20:05:36.263 27223 27231 I adbd    : opening control endpoint /dev/usb-ffs/adb/ep0
04-19 20:05:36.360  6193  8390 D collectorManager: ThermalScenarioValue setForegroundCounts: com.miui.home
04-19 20:05:36.360  6193  8390 D collectorManager: ThermalScenarioValue setFloatCounts: NULL
04-19 20:05:36.360  6193  8390 D collectorManager: ThermalScenarioValue setTemp: 27
04-19 20:05:37.269 27223  4007 W adbd    : timed out while waiting for FUNCTIONFS_BIND, trying again
04-19 20:05:37.269 27223  4007 I adbd    : UsbFfs: connection terminated: monitor thread finished
04-19 20:05:37.284 27223 27231 I adbd    : opening control endpoint /dev/usb-ffs/adb/ep0
04-19 20:05:38.289 27223  4010 W adbd    : timed out while waiting for FUNCTIONFS_BIND, trying again
04-19 20:05:38.290 27223  4010 I adbd    : UsbFfs: connection terminated: monitor thread finished
04-19 20:05:38.303 27223 27231 I adbd    : opening control endpoint /dev/usb-ffs/adb/ep0
04-19 20:05:39.041 31079 31079 D WM-DelayedWorkTracker: Scheduling work 373533b6-b757-4255-af7c-b3c5ec7ebbdb
04-19 20:05:39.043 31079 31079 D WM-GreedyScheduler: Starting tracking for 373533b6-b757-4255-af7c-b3c5ec7ebbdb
04-19 20:05:39.046 31079  3787 D WM-GreedyScheduler: Constraints not met: Cancelling work ID WorkGenerationalId(workSpecId=373533b6-b757-4255-af7c-b3c5ec7ebbdb, generation=8136)
04-19 20:05:39.310 27223  4011 W adbd    : timed out while waiting for FUNCTIONFS_BIND, trying again
04-19 20:05:39.310 27223  4011 I adbd    : UsbFfs: connection terminated: monitor thread finished
04-19 20:05:39.323 27223 27231 I adbd    : opening control endpoint /dev/usb-ffs/adb/ep0
04-19 20:05:40.309  1850  2450 D MIUIInput: [MotionEvent] publisher action=0x0, 1831461021, channel '48fad13 com.miui.home/com.miui.home.launcher.Launcher (server)'
04-19 20:05:40.310  1850  2450 D MIUIInput: [MotionEvent] publisher action=0x0, 1831461021, channel '[Gesture Monitor] miui-gesture (server)'
04-19 20:05:40.312  1092  1347 D RefreshRateConfigs: TouchBoost - choose Fps: 60.00 Hz
04-19 20:05:40.311  6485  6485 D EventBus: No subscribers registered for event class com.miui.home.launcher.common.messages.EndSpringAnimatorMessage
04-19 20:05:40.312  6485  6485 D EventBus: No subscribers registered for event class org.greenrobot.eventbus.NoSubscriberEvent
04-19 20:05:40.314  6485  6485 D FeedSwipeController: touchState : 0 scrolling : false normalEditing : false WidgetThumbnailViewShowing : false UninstallDialogShowing : false isMinusScreenShowing: false
04-19 20:05:40.314  6485  6485 D FeedSwipeController: can not use
04-19 20:05:40.314  6485  6485 D Launcher.StatusBarController: try intercept touch, isProxySurvive=true
04-19 20:05:40.315  6485  6485 D Launcher.Workspace: Workspace touch down
04-19 20:05:40.316  6485  6485 D ScreenView_Workspace: onIntercept:0.0
04-19 20:05:40.316  6485  6485 D ScreenView_Workspace: not intercept
04-19 20:05:40.316  6485  6485 D Launcher.CellLayout: touch item:ShortcutInfo, id=373, itemType=0, user=UserHandle{0}, mIconType=0, pkgName=org.libsdl.app, className=org.libsdl.app.SDLActivity, screenId=5, container=-100, cellX=3, cellY=3, spanX=1, spanY=1
04-19 20:05:40.316  6485  6485 D Launcher.itemIcon: folmeDown
04-19 20:05:40.318  6485  7410 D Launcher.Boost: bindcore 200
04-19 20:05:40.328 27223  4012 W adbd    : timed out while waiting for FUNCTIONFS_BIND, trying again
04-19 20:05:40.328 27223  4012 I adbd    : UsbFfs: connection terminated: monitor thread finished
04-19 20:05:40.346 27223 27231 I adbd    : opening control endpoint /dev/usb-ffs/adb/ep0
04-19 20:05:40.377  1850  2450 D MIUIInput: [MotionEvent] publisher action=0x1, 1831461089, channel '48fad13 com.miui.home/com.miui.home.launcher.Launcher (server)'
04-19 20:05:40.377  6485  6485 D Launcher.Workspace: Workspace touch up or cancel
04-19 20:05:40.377  1850  2450 D MIUIInput: [MotionEvent] publisher action=0x1, 1831461089, channel '[Gesture Monitor] miui-gesture (server)'
04-19 20:05:40.377  6485  6485 D ScreenView_Workspace: oninterceput up
04-19 20:05:40.378  6485  6485 E BranchAllAppsIndicator: changedByBranch: callBack = null
04-19 20:05:40.378  6485  6485 D Launcher.itemIcon: folmeUp
04-19 20:05:40.380  1092  1092 I MI-SF   : surfaceflinger setAffinity mode=0
04-19 20:05:40.380  6485  6485 E QuickstepAppTransitionManagerImpl: getActivityLaunchOptions iconLoc=Rect(659, 1110 - 831, 1282)
04-19 20:05:40.384  1850  5216 I ActivityTaskManager: START u0 {act=android.intent.action.MAIN cat=[android.intent.category.LAUNCHER] flg=0x10200000 cmp=org.libsdl.app/.SDLActivity bnds=[659,1110][831,1282] (has extras)} from uid 10124 from pid 6485 callingPackage com.miui.home
04-19 20:05:40.392  1850  5216 D CompatibilityChangeReporter: Compat change id reported: 194480991; UID 10577; state: ENABLED
04-19 20:05:40.395 12676 12709 I OneHandedController: stopOneHanded mState = 0, uiEvent = 5
04-19 20:05:40.395 12676 12709 D OneHandedController: stopOneHanded state isTransitioning or STATE_NONE
04-19 20:05:40.397  1850  5216 D WindowManager: setLockTaskAuth: task=Task{3c243af #3498 type=standard A=10577:org.libsdl.app U=0 visible=false visibleRequested=false mode=fullscreen translucent=true sz=0} mLockTaskAuth=LOCK_TASK_AUTH_PINNABLE
04-19 20:05:40.399   987  1168 E ANDR-PERF-OPTSHANDLER: Perflock resource /sys/class/devfreq/soc:qcom,cpubw/max_freq not supported
04-19 20:05:40.399   987  1168 E ANDR-PERF-RESOURCEQS: Failed to apply optimization [6, 6]
04-19 20:05:40.399   987  1168 E ANDR-PERF-OPTSHANDLER: Perflock resource /sys/class/devfreq/soc:qcom,cpubw/min_freq not supported
04-19 20:05:40.399   987  1168 E ANDR-PERF-RESOURCEQS: Failed to apply optimization [6, 0]
04-19 20:05:40.399  1850  5216 D CompatibilityChangeReporter: Compat change id reported: 174042980; UID 10577; state: DISABLED
04-19 20:05:40.400  1850  5216 D CompatibilityChangeReporter: Compat change id reported: 184838306; UID 10577; state: DISABLED
04-19 20:05:40.400  1850  5216 D CompatibilityChangeReporter: Compat change id reported: 185004937; UID 10577; state: DISABLED
04-19 20:05:40.400  1850  5216 D CompatibilityChangeReporter: Compat change id reported: 181136395; UID 10577; state: DISABLED
04-19 20:05:40.401  1850  5216 D CompatibilityChangeReporter: Compat change id reported: 174042936; UID 10577; state: DISABLED
04-19 20:05:40.402  1850  5216 D WindowManager: setLockTaskAuth: task=Task{3c243af #3498 type=standard A=10577:org.libsdl.app U=0 visible=true visibleRequested=false mode=fullscreen translucent=true sz=1} mLockTaskAuth=LOCK_TASK_AUTH_PINNABLE
04-19 20:05:40.403  1850  5216 D CompatibilityChangeReporter: Compat change id reported: 197654537; UID 10577; state: ENABLED
04-19 20:05:40.405  1850  5216 D CompatibilityChangeReporter: Compat change id reported: 205907456; UID 10577; state: ENABLED
04-19 20:05:40.406  1850  5216 D ActivityTrigger: ActivityTrigger activityPauseTrigger 
